Oct 25 19:01:18 debian kernel: [ 2195.680235]  sdc: sdc1
Oct 25 19:02:06 debian kernel: [ 2243.704905]  sdc: sdc1
Oct 25 19:22:16 debian kernel: [ 3453.457985]  sdb: sdb1
Oct 25 19:22:17 debian kernel: [ 3453.845457]  sdc: sdc1
Oct 25 19:22:17 debian kernel: [ 3453.852508] md/raid1:md1: not clean -- starting background reconstruction
Oct 25 19:22:17 debian kernel: [ 3453.852510] md/raid1:md1: active with 2 out of 2 mirrors
Oct 25 19:22:17 debian kernel: [ 3453.852529] md1: detected capacity change from 0 to 23604494336
Oct 25 19:22:17 debian kernel: [ 3453.853268] md: resync of RAID array md1
Oct 25 19:26:22 debian kernel: [ 3699.028320]  md1: p1
Oct 25 19:27:09 debian kernel: [ 3746.290225] md: md1: resync done.
Oct 25 19:31:21 debian kernel: [ 3998.447893]  sdb: sdb1
Oct 25 19:32:17 debian kernel: [ 4054.608551]  sdb:
Oct 25 19:32:32 debian kernel: [ 4069.056789]  sdc: sdc1
Oct 25 19:32:41 debian kernel: [ 4078.498048]  sdc:
Oct 25 19:35:56 debian kernel: [ 4272.987233]  md1: p1
Oct 25 19:36:16 debian kernel: [ 4293.288909]  md1: p1
Oct 25 19:52:11 debian kernel: [    0.000000] Linux version 4.19.0-9-amd64 (debian-kernel@lists.debian.org) (gcc version 8.3.0 (Debian 8.3.0-6)) #1 SMP Debian 4.19.118-2+deb10u1 (2020-06-07)
Oct 25 19:52:11 debian kernel: [    0.000000] Command line: BOOT_IMAGE=/boot/vmlinuz-4.19.0-9-amd64 root=UUID=cd2cb4ca-39bd-4522-919c-e4ceb81b5ae8 ro quiet
Oct 25 19:52:11 debian kernel: [    0.000000] x86/fpu: x87 FPU will use FXSAVE
Oct 25 19:52:11 debian kernel: [    0.000000] BIOS-provided physical RAM map:
Oct 25 19:52:11 debian kernel: [    0.000000] BIOS-e820: [mem 0x0000000000000000-0x000000000009fbff] usable
Oct 25 19:52:11 debian kernel: [    0.000000] BIOS-e820: [mem 0x000000000009fc00-0x000000000009ffff] reserved
Oct 25 19:52:11 debian kernel: [    0.000000] BIOS-e820: [mem 0x00000000000f0000-0x00000000000fffff] reserved
Oct 25 19:52:11 debian kernel: [    0.000000] BIOS-e820: [mem 0x0000000000100000-0x000000007ffdafff] usable
Oct 25 19:52:11 debian kernel: [    0.000000] BIOS-e820: [mem 0x000000007ffdb000-0x000000007fffffff] reserved
Oct 25 19:52:11 debian kernel: [    0.000000] BIOS-e820: [mem 0x00000000feffc000-0x00000000feffffff] reserved
Oct 25 19:52:11 debian kernel: [    0.000000] BIOS-e820: [mem 0x00000000fffc0000-0x00000000ffffffff] reserved
Oct 25 19:52:11 debian kernel: [    0.000000] NX (Execute Disable) protection: active
Oct 25 19:52:11 debian kernel: [    0.000000] SMBIOS 2.8 present.
Oct 25 19:52:11 debian kernel: [    0.000000] DMI: QEMU Standard PC (i440FX + PIIX, 1996), BIOS rel-1.12.1-0-ga5cab58e9a3f-prebuilt.qemu.org 04/01/2014
Oct 25 19:52:11 debian kernel: [    0.000000] Hypervisor detected: KVM
Oct 25 19:52:11 debian kernel: [    0.000000] kvm-clock: Using msrs 4b564d01 and 4b564d00
Oct 25 19:52:11 debian kernel: [    0.000000] kvm-clock: cpu 0, msr 6abe8001, primary cpu clock
Oct 25 19:52:11 debian kernel: [    0.000000] kvm-clock: using sched offset of 5247706591431 cycles
Oct 25 19:52:11 debian kernel: [    0.000002] clocksource: kvm-clock: mask: 0xffffffffffffffff max_cycles: 0x1cd42e4dffb, max_idle_ns: 881590591483 ns
Oct 25 19:52:11 debian kernel: [    0.000004] tsc: Detected 3000.208 MHz processor
Oct 25 19:52:11 debian kernel: [    0.002104] e820: update [mem 0x00000000-0x00000fff] usable ==> reserved
Oct 25 19:52:11 debian kernel: [    0.002106] e820: remove [mem 0x000a0000-0x000fffff] usable
Oct 25 19:52:11 debian kernel: [    0.034695] AGP: No AGP bridge found
Oct 25 19:52:11 debian kernel: [    0.034984] last_pfn = 0x7ffdb max_arch_pfn = 0x400000000
Oct 25 19:52:11 debian kernel: [    0.035015] MTRR default type: write-back
Oct 25 19:52:11 debian kernel: [    0.035016] MTRR fixed ranges enabled:
Oct 25 19:52:11 debian kernel: [    0.035018]   00000-9FFFF write-back
Oct 25 19:52:11 debian kernel: [    0.035019]   A0000-BFFFF uncachable
Oct 25 19:52:11 debian kernel: [    0.035020]   C0000-FFFFF write-protect
Oct 25 19:52:11 debian kernel: [    0.035020] MTRR variable ranges enabled:
Oct 25 19:52:11 debian kernel: [    0.035022]   0 base 0080000000 mask FF80000000 uncachable
Oct 25 19:52:11 debian kernel: [    0.035023]   1 disabled
Oct 25 19:52:11 debian kernel: [    0.035023]   2 disabled
Oct 25 19:52:11 debian kernel: [    0.035024]   3 disabled
Oct 25 19:52:11 debian kernel: [    0.035024]   4 disabled
Oct 25 19:52:11 debian kernel: [    0.035025]   5 disabled
Oct 25 19:52:11 debian kernel: [    0.035025]   6 disabled
Oct 25 19:52:11 debian kernel: [    0.035026]   7 disabled
Oct 25 19:52:11 debian kernel: [    0.035044] x86/PAT: Configuration [0-7]: WB  WC  UC- UC  WB  WP  UC- WT  
Oct 25 19:52:11 debian kernel: [    0.037300] found SMP MP-table at [mem 0x000f5ae0-0x000f5aef]
Oct 25 19:52:11 debian kernel: [    0.037459] BRK [0x6ae01000, 0x6ae01fff] PGTABLE
Oct 25 19:52:11 debian kernel: [    0.037462] BRK [0x6ae02000, 0x6ae02fff] PGTABLE
Oct 25 19:52:11 debian kernel: [    0.037463] BRK [0x6ae03000, 0x6ae03fff] PGTABLE
Oct 25 19:52:11 debian kernel: [    0.037492] BRK [0x6ae04000, 0x6ae04fff] PGTABLE
Oct 25 19:52:11 debian kernel: [    0.037494] BRK [0x6ae05000, 0x6ae05fff] PGTABLE
Oct 25 19:52:11 debian kernel: [    0.037593] BRK [0x6ae06000, 0x6ae06fff] PGTABLE
Oct 25 19:52:11 debian kernel: [    0.037621] RAMDISK: [mem 0x346d7000-0x36362fff]
Oct 25 19:52:11 debian kernel: [    0.037635] ACPI: Early table checksum verification disabled
Oct 25 19:52:11 debian kernel: [    0.037681] ACPI: RSDP 0x00000000000F5900 000014 (v00 BOCHS )
Oct 25 19:52:11 debian kernel: [    0.037689] ACPI: RSDT 0x000000007FFE14E4 000034 (v01 BOCHS  BXPCRSDT 00000001 BXPC 00000001)
Oct 25 19:52:11 debian kernel: [    0.037694] ACPI: FACP 0x000000007FFE12EE 000074 (v01 BOCHS  BXPCFACP 00000001 BXPC 00000001)
Oct 25 19:52:11 debian kernel: [    0.037698] ACPI: DSDT 0x000000007FFDF040 0022AE (v01 BOCHS  BXPCDSDT 00000001 BXPC 00000001)
Oct 25 19:52:11 debian kernel: [    0.037701] ACPI: FACS 0x000000007FFDF000 000040
Oct 25 19:52:11 debian kernel: [    0.037703] ACPI: APIC 0x000000007FFE1362 000080 (v01 BOCHS  BXPCAPIC 00000001 BXPC 00000001)
Oct 25 19:52:11 debian kernel: [    0.037705] ACPI: SSDT 0x000000007FFE13E2 0000CA (v01 BOCHS  VMGENID  00000001 BXPC 00000001)
Oct 25 19:52:11 debian kernel: [    0.037708] ACPI: HPET 0x000000007FFE14AC 000038 (v01 BOCHS  BXPCHPET 00000001 BXPC 00000001)
Oct 25 19:52:11 debian kernel: [    0.037714] ACPI: Local APIC address 0xfee00000
Oct 25 19:52:11 debian kernel: [    0.037936] No NUMA configuration found
Oct 25 19:52:11 debian kernel: [    0.037938] Faking a node at [mem 0x0000000000000000-0x000000007ffdafff]
Oct 25 19:52:11 debian kernel: [    0.037941] NODE_DATA(0) allocated [mem 0x7ffd6000-0x7ffdafff]
Oct 25 19:52:11 debian kernel: [    0.037978] Zone ranges:
Oct 25 19:52:11 debian kernel: [    0.037979]   DMA      [mem 0x0000000000001000-0x0000000000ffffff]
Oct 25 19:52:11 debian kernel: [    0.037980]   DMA32    [mem 0x0000000001000000-0x000000007ffdafff]
Oct 25 19:52:11 debian kernel: [    0.037982]   Normal   empty
Oct 25 19:52:11 debian kernel: [    0.037982]   Device   empty
Oct 25 19:52:11 debian kernel: [    0.037983] Movable zone start for each node
Oct 25 19:52:11 debian kernel: [    0.037984] Early memory node ranges
Oct 25 19:52:11 debian kernel: [    0.037985]   node   0: [mem 0x0000000000001000-0x000000000009efff]
Oct 25 19:52:11 debian kernel: [    0.037985]   node   0: [mem 0x0000000000100000-0x000000007ffdafff]
Oct 25 19:52:11 debian kernel: [    0.037994] Zeroed struct page in unavailable ranges: 135 pages
Oct 25 19:52:11 debian kernel: [    0.037995] Initmem setup node 0 [mem 0x0000000000001000-0x000000007ffdafff]
Oct 25 19:52:11 debian kernel: [    0.037996] On node 0 totalpages: 524153
Oct 25 19:52:11 debian kernel: [    0.037998]   DMA zone: 64 pages used for memmap
Oct 25 19:52:11 debian kernel: [    0.037998]   DMA zone: 21 pages reserved
Oct 25 19:52:11 debian kernel: [    0.037999]   DMA zone: 3998 pages, LIFO batch:0
Oct 25 19:52:11 debian kernel: [    0.038107]   DMA32 zone: 8128 pages used for memmap
Oct 25 19:52:11 debian kernel: [    0.038108]   DMA32 zone: 520155 pages, LIFO batch:63
Oct 25 19:52:11 debian kernel: [    0.051701] ACPI: PM-Timer IO Port: 0x608
Oct 25 19:52:11 debian kernel: [    0.051704] ACPI: Local APIC address 0xfee00000
Oct 25 19:52:11 debian kernel: [    0.051713] ACPI: LAPIC_NMI (acpi_id[0xff] dfl dfl lint[0x1])
Oct 25 19:52:11 debian kernel: [    0.051754] IOAPIC[0]: apic_id 0, version 17, address 0xfec00000, GSI 0-23
Oct 25 19:52:11 debian kernel: [    0.051756] ACPI: INT_SRC_OVR (bus 0 bus_irq 0 global_irq 2 dfl dfl)
Oct 25 19:52:11 debian kernel: [    0.051757] ACPI: INT_SRC_OVR (bus 0 bus_irq 5 global_irq 5 high level)
Oct 25 19:52:11 debian kernel: [    0.051758] ACPI: INT_SRC_OVR (bus 0 bus_irq 9 global_irq 9 high level)
Oct 25 19:52:11 debian kernel: [    0.051759] ACPI: INT_SRC_OVR (bus 0 bus_irq 10 global_irq 10 high level)
Oct 25 19:52:11 debian kernel: [    0.051760] ACPI: INT_SRC_OVR (bus 0 bus_irq 11 global_irq 11 high level)
Oct 25 19:52:11 debian kernel: [    0.051761] ACPI: IRQ0 used by override.
Oct 25 19:52:11 debian kernel: [    0.051761] ACPI: IRQ5 used by override.
Oct 25 19:52:11 debian kernel: [    0.051762] ACPI: IRQ9 used by override.
Oct 25 19:52:11 debian kernel: [    0.051763] ACPI: IRQ10 used by override.
Oct 25 19:52:11 debian kernel: [    0.051763] ACPI: IRQ11 used by override.
Oct 25 19:52:11 debian kernel: [    0.051764] Using ACPI (MADT) for SMP configuration information
Oct 25 19:52:11 debian kernel: [    0.051766] ACPI: HPET id: 0x8086a201 base: 0xfed00000
Oct 25 19:52:11 debian kernel: [    0.051774] smpboot: Allowing 2 CPUs, 0 hotplug CPUs
Oct 25 19:52:11 debian kernel: [    0.051794] PM: Registered nosave memory: [mem 0x00000000-0x00000fff]
Oct 25 19:52:11 debian kernel: [    0.051795] PM: Registered nosave memory: [mem 0x0009f000-0x0009ffff]
Oct 25 19:52:11 debian kernel: [    0.051796] PM: Registered nosave memory: [mem 0x000a0000-0x000effff]
Oct 25 19:52:11 debian kernel: [    0.051797] PM: Registered nosave memory: [mem 0x000f0000-0x000fffff]
Oct 25 19:52:11 debian kernel: [    0.051798] [mem 0x80000000-0xfeffbfff] available for PCI devices
Oct 25 19:52:11 debian kernel: [    0.051799] Booting paravirtualized kernel on KVM
Oct 25 19:52:11 debian kernel: [    0.051802] clocksource: refined-jiffies: mask: 0xffffffff max_cycles: 0xffffffff, max_idle_ns: 7645519600211568 ns
Oct 25 19:52:11 debian kernel: [    0.166133] random: get_random_bytes called from start_kernel+0x93/0x52c with crng_init=0
Oct 25 19:52:11 debian kernel: [    0.166143] setup_percpu: NR_CPUS:512 nr_cpumask_bits:512 nr_cpu_ids:2 nr_node_ids:1
Oct 25 19:52:11 debian kernel: [    0.166662] percpu: Embedded 45 pages/cpu s144408 r8192 d31720 u1048576
Oct 25 19:52:11 debian kernel: [    0.166667] pcpu-alloc: s144408 r8192 d31720 u1048576 alloc=1*2097152
Oct 25 19:52:11 debian kernel: [    0.166668] pcpu-alloc: [0] 0 1 
Oct 25 19:52:11 debian kernel: [    0.166697] KVM setup async PF for cpu 0
Oct 25 19:52:11 debian kernel: [    0.166703] kvm-stealtime: cpu 0, msr 7da161c0
Oct 25 19:52:11 debian kernel: [    0.166709] PV qspinlock hash table entries: 256 (order: 0, 4096 bytes)
Oct 25 19:52:11 debian kernel: [    0.166715] Built 1 zonelists, mobility grouping on.  Total pages: 515940
Oct 25 19:52:11 debian kernel: [    0.166715] Policy zone: DMA32
Oct 25 19:52:11 debian kernel: [    0.166717] Kernel command line: BOOT_IMAGE=/boot/vmlinuz-4.19.0-9-amd64 root=UUID=cd2cb4ca-39bd-4522-919c-e4ceb81b5ae8 ro quiet
Oct 25 19:52:11 debian kernel: [    0.166804] AGP: Checking aperture...
Oct 25 19:52:11 debian kernel: [    0.202862] AGP: No AGP bridge found
Oct 25 19:52:11 debian kernel: [    0.203184] Calgary: detecting Calgary via BIOS EBDA area
Oct 25 19:52:11 debian kernel: [    0.203185] Calgary: Unable to locate Rio Grande table in EBDA - bailing!
Oct 25 19:52:11 debian kernel: [    0.211754] Memory: 2009244K/2096612K available (10252K kernel code, 1241K rwdata, 3316K rodata, 1588K init, 2276K bss, 87368K reserved, 0K cma-reserved)
Oct 25 19:52:11 debian kernel: [    0.211898] SLUB: HWalign=64, Order=0-3, MinObjects=0, CPUs=2, Nodes=1
Oct 25 19:52:11 debian kernel: [    0.211906] ftrace: allocating 31883 entries in 125 pages
Oct 25 19:52:11 debian kernel: [    0.222283] rcu: Hierarchical RCU implementation.
Oct 25 19:52:11 debian kernel: [    0.222284] rcu: 	RCU restricting CPUs from NR_CPUS=512 to nr_cpu_ids=2.
Oct 25 19:52:11 debian kernel: [    0.222286] rcu: Adjusting geometry for rcu_fanout_leaf=16, nr_cpu_ids=2
Oct 25 19:52:11 debian kernel: [    0.225439] NR_IRQS: 33024, nr_irqs: 440, preallocated irqs: 16
Oct 25 19:52:11 debian kernel: [    0.239649] Console: colour VGA+ 80x25
Oct 25 19:52:11 debian kernel: [    0.239654] console [tty0] enabled
Oct 25 19:52:11 debian kernel: [    0.239674] ACPI: Core revision 20180810
Oct 25 19:52:11 debian kernel: [    0.239886] clocksource: hpet: mask: 0xffffffff max_cycles: 0xffffffff, max_idle_ns: 19112604467 ns
Oct 25 19:52:11 debian kernel: [    0.239978] hpet clockevent registered
Oct 25 19:52:11 debian kernel: [    0.240003] APIC: Switch to symmetric I/O mode setup
Oct 25 19:52:11 debian kernel: [    0.240214] x2apic enabled
Oct 25 19:52:11 debian kernel: [    0.240453] Switched APIC routing to physical x2apic.
Oct 25 19:52:11 debian kernel: [    0.241685] ..TIMER: vector=0x30 apic1=0 pin1=2 apic2=-1 pin2=-1
Oct 25 19:52:11 debian kernel: [    0.241708] tsc: Marking TSC unstable due to TSCs unsynchronized
Oct 25 19:52:11 debian kernel: [    0.241717] Calibrating delay loop (skipped) preset value.. 6000.41 BogoMIPS (lpj=12000832)
Oct 25 19:52:11 debian kernel: [    0.241719] pid_max: default: 32768 minimum: 301
Oct 25 19:52:11 debian kernel: [    0.241758] Security Framework initialized
Oct 25 19:52:11 debian kernel: [    0.241759] Yama: disabled by default; enable with sysctl kernel.yama.*
Oct 25 19:52:11 debian kernel: [    0.241776] AppArmor: AppArmor initialized
Oct 25 19:52:11 debian kernel: [    0.242317] Dentry cache hash table entries: 262144 (order: 9, 2097152 bytes)
Oct 25 19:52:11 debian kernel: [    0.242591] Inode-cache hash table entries: 131072 (order: 8, 1048576 bytes)
Oct 25 19:52:11 debian kernel: [    0.242609] Mount-cache hash table entries: 4096 (order: 3, 32768 bytes)
Oct 25 19:52:11 debian kernel: [    0.242618] Mountpoint-cache hash table entries: 4096 (order: 3, 32768 bytes)
Oct 25 19:52:11 debian kernel: [    0.242939] Last level iTLB entries: 4KB 512, 2MB 255, 4MB 127
Oct 25 19:52:11 debian kernel: [    0.242940] Last level dTLB entries: 4KB 512, 2MB 255, 4MB 127, 1GB 0
Oct 25 19:52:11 debian kernel: [    0.242941] Spectre V1 : Mitigation: usercopy/swapgs barriers and __user pointer sanitization
Oct 25 19:52:11 debian kernel: [    0.242943] Spectre V2 : Mitigation: Full AMD retpoline
Oct 25 19:52:11 debian kernel: [    0.242944] Spectre V2 : Spectre v2 / SpectreRSB mitigation: Filling RSB on context switch
Oct 25 19:52:11 debian kernel: [    0.243075] Freeing SMP alternatives memory: 24K
Oct 25 19:52:11 debian kernel: [    0.354078] smpboot: CPU0: AMD Common KVM processor (family: 0xf, model: 0x6, stepping: 0x1)
Oct 25 19:52:11 debian kernel: [    0.354203] Performance Events: AMD PMU driver.
Oct 25 19:52:11 debian kernel: [    0.354217] ... version:                0
Oct 25 19:52:11 debian kernel: [    0.354217] ... bit width:              48
Oct 25 19:52:11 debian kernel: [    0.354218] ... generic registers:      4
Oct 25 19:52:11 debian kernel: [    0.354218] ... value mask:             0000ffffffffffff
Oct 25 19:52:11 debian kernel: [    0.354219] ... max period:             00007fffffffffff
Oct 25 19:52:11 debian kernel: [    0.354219] ... fixed-purpose events:   0
Oct 25 19:52:11 debian kernel: [    0.354220] ... event mask:             000000000000000f
Oct 25 19:52:11 debian kernel: [    0.354274] rcu: Hierarchical SRCU implementation.
Oct 25 19:52:11 debian kernel: [    0.354657] smp: Bringing up secondary CPUs ...
Oct 25 19:52:11 debian kernel: [    0.354775] x86: Booting SMP configuration:
Oct 25 19:52:11 debian kernel: [    0.354776] .... node  #0, CPUs:      #1
Oct 25 19:52:11 debian kernel: [    0.015972] kvm-clock: cpu 1, msr 6abe8041, secondary cpu clock
Oct 25 19:52:11 debian kernel: [    0.355164] KVM setup async PF for cpu 1
Oct 25 19:52:11 debian kernel: [    0.355164] kvm-stealtime: cpu 1, msr 7db161c0
Oct 25 19:52:11 debian kernel: [    0.355164] smp: Brought up 1 node, 2 CPUs
Oct 25 19:52:11 debian kernel: [    0.355164] smpboot: Max logical packages: 1
Oct 25 19:52:11 debian kernel: [    0.355164] smpboot: Total of 2 processors activated (12000.83 BogoMIPS)
Oct 25 19:52:11 debian kernel: [    0.355164] devtmpfs: initialized
Oct 25 19:52:11 debian kernel: [    0.355164] x86/mm: Memory block size: 128MB
Oct 25 19:52:11 debian kernel: [    0.355164] clocksource: jiffies: mask: 0xffffffff max_cycles: 0xffffffff, max_idle_ns: 7645041785100000 ns
Oct 25 19:52:11 debian kernel: [    0.355164] futex hash table entries: 512 (order: 3, 32768 bytes)
Oct 25 19:52:11 debian kernel: [    0.355164] pinctrl core: initialized pinctrl subsystem
Oct 25 19:52:11 debian kernel: [    0.355164] NET: Registered protocol family 16
Oct 25 19:52:11 debian kernel: [    0.355164] audit: initializing netlink subsys (disabled)
Oct 25 19:52:11 debian kernel: [    0.355164] audit: type=2000 audit(1603666319.970:1): state=initialized audit_enabled=0 res=1
Oct 25 19:52:11 debian kernel: [    0.355164] cpuidle: using governor ladder
Oct 25 19:52:11 debian kernel: [    0.355164] cpuidle: using governor menu
Oct 25 19:52:11 debian kernel: [    0.355164] ACPI: bus type PCI registered
Oct 25 19:52:11 debian kernel: [    0.355164] acpiphp: ACPI Hot Plug PCI Controller Driver version: 0.5
Oct 25 19:52:11 debian kernel: [    0.355164] PCI: Using configuration type 1 for base access
Oct 25 19:52:11 debian kernel: [    0.355164] HugeTLB registered 2.00 MiB page size, pre-allocated 0 pages
Oct 25 19:52:11 debian kernel: [    0.357803] ACPI: Added _OSI(Module Device)
Oct 25 19:52:11 debian kernel: [    0.357804] ACPI: Added _OSI(Processor Device)
Oct 25 19:52:11 debian kernel: [    0.357804] ACPI: Added _OSI(3.0 _SCP Extensions)
Oct 25 19:52:11 debian kernel: [    0.357805] ACPI: Added _OSI(Processor Aggregator Device)
Oct 25 19:52:11 debian kernel: [    0.357806] ACPI: Added _OSI(Linux-Dell-Video)
Oct 25 19:52:11 debian kernel: [    0.357807] ACPI: Added _OSI(Linux-Lenovo-NV-HDMI-Audio)
Oct 25 19:52:11 debian kernel: [    0.358790] ACPI: 2 ACPI AML tables successfully acquired and loaded
Oct 25 19:52:11 debian kernel: [    0.359540] ACPI: Interpreter enabled
Oct 25 19:52:11 debian kernel: [    0.359555] ACPI: (supports S0 S3 S4 S5)
Oct 25 19:52:11 debian kernel: [    0.359556] ACPI: Using IOAPIC for interrupt routing
Oct 25 19:52:11 debian kernel: [    0.359566] PCI: Using host bridge windows from ACPI; if necessary, use "pci=nocrs" and report a bug
Oct 25 19:52:11 debian kernel: [    0.359706] ACPI: Enabled 3 GPEs in block 00 to 0F
Oct 25 19:52:11 debian kernel: [    0.364173] ACPI: PCI Root Bridge [PCI0] (domain 0000 [bus 00-ff])
Oct 25 19:52:11 debian kernel: [    0.364178] acpi PNP0A03:00: _OSC: OS supports [ASPM ClockPM Segments MSI]
Oct 25 19:52:11 debian kernel: [    0.364181] acpi PNP0A03:00: _OSC failed (AE_NOT_FOUND); disabling ASPM
Oct 25 19:52:11 debian kernel: [    0.364188] acpi PNP0A03:00: fail to add MMCONFIG information, can't access extended PCI configuration space under this bridge.
Oct 25 19:52:11 debian kernel: [    0.364465] acpiphp: Slot [3] registered
Oct 25 19:52:11 debian kernel: [    0.364489] acpiphp: Slot [4] registered
Oct 25 19:52:11 debian kernel: [    0.364516] acpiphp: Slot [5] registered
Oct 25 19:52:11 debian kernel: [    0.364540] acpiphp: Slot [6] registered
Oct 25 19:52:11 debian kernel: [    0.364563] acpiphp: Slot [7] registered
Oct 25 19:52:11 debian kernel: [    0.364586] acpiphp: Slot [8] registered
Oct 25 19:52:11 debian kernel: [    0.364612] acpiphp: Slot [9] registered
Oct 25 19:52:11 debian kernel: [    0.364636] acpiphp: Slot [10] registered
Oct 25 19:52:11 debian kernel: [    0.364661] acpiphp: Slot [11] registered
Oct 25 19:52:11 debian kernel: [    0.364684] acpiphp: Slot [12] registered
Oct 25 19:52:11 debian kernel: [    0.364708] acpiphp: Slot [13] registered
Oct 25 19:52:11 debian kernel: [    0.364731] acpiphp: Slot [14] registered
Oct 25 19:52:11 debian kernel: [    0.364754] acpiphp: Slot [15] registered
Oct 25 19:52:11 debian kernel: [    0.364777] acpiphp: Slot [16] registered
Oct 25 19:52:11 debian kernel: [    0.364802] acpiphp: Slot [17] registered
Oct 25 19:52:11 debian kernel: [    0.364827] acpiphp: Slot [18] registered
Oct 25 19:52:11 debian kernel: [    0.364850] acpiphp: Slot [19] registered
Oct 25 19:52:11 debian kernel: [    0.364874] acpiphp: Slot [20] registered
Oct 25 19:52:11 debian kernel: [    0.364897] acpiphp: Slot [21] registered
Oct 25 19:52:11 debian kernel: [    0.364934] acpiphp: Slot [22] registered
Oct 25 19:52:11 debian kernel: [    0.364959] acpiphp: Slot [23] registered
Oct 25 19:52:11 debian kernel: [    0.364983] acpiphp: Slot [24] registered
Oct 25 19:52:11 debian kernel: [    0.365007] acpiphp: Slot [25] registered
Oct 25 19:52:11 debian kernel: [    0.365030] acpiphp: Slot [26] registered
Oct 25 19:52:11 debian kernel: [    0.365053] acpiphp: Slot [27] registered
Oct 25 19:52:11 debian kernel: [    0.365076] acpiphp: Slot [28] registered
Oct 25 19:52:11 debian kernel: [    0.365101] acpiphp: Slot [29] registered
Oct 25 19:52:11 debian kernel: [    0.365129] PCI host bridge to bus 0000:00
Oct 25 19:52:11 debian kernel: [    0.365131] pci_bus 0000:00: root bus resource [io  0x0000-0x0cf7 window]
Oct 25 19:52:11 debian kernel: [    0.365132] pci_bus 0000:00: root bus resource [io  0x0d00-0xffff window]
Oct 25 19:52:11 debian kernel: [    0.365133] pci_bus 0000:00: root bus resource [mem 0x000a0000-0x000bffff window]
Oct 25 19:52:11 debian kernel: [    0.365135] pci_bus 0000:00: root bus resource [mem 0x80000000-0xfebfffff window]
Oct 25 19:52:11 debian kernel: [    0.365136] pci_bus 0000:00: root bus resource [mem 0x100000000-0x17fffffff window]
Oct 25 19:52:11 debian kernel: [    0.365137] pci_bus 0000:00: root bus resource [bus 00-ff]
Oct 25 19:52:11 debian kernel: [    0.365161] pci 0000:00:00.0: [8086:1237] type 00 class 0x060000
Oct 25 19:52:11 debian kernel: [    0.365468] pci 0000:00:01.0: [8086:7000] type 00 class 0x060100
Oct 25 19:52:11 debian kernel: [    0.365870] pci 0000:00:01.1: [8086:7010] type 00 class 0x010180
Oct 25 19:52:11 debian kernel: [    0.368123] pci 0000:00:01.1: reg 0x20: [io  0xe160-0xe16f]
Oct 25 19:52:11 debian kernel: [    0.368979] pci 0000:00:01.1: legacy IDE quirk: reg 0x10: [io  0x01f0-0x01f7]
Oct 25 19:52:11 debian kernel: [    0.368980] pci 0000:00:01.1: legacy IDE quirk: reg 0x14: [io  0x03f6]
Oct 25 19:52:11 debian kernel: [    0.368982] pci 0000:00:01.1: legacy IDE quirk: reg 0x18: [io  0x0170-0x0177]
Oct 25 19:52:11 debian kernel: [    0.368983] pci 0000:00:01.1: legacy IDE quirk: reg 0x1c: [io  0x0376]
Oct 25 19:52:11 debian kernel: [    0.369154] pci 0000:00:01.2: [8086:7020] type 00 class 0x0c0300
Oct 25 19:52:11 debian kernel: [    0.371111] pci 0000:00:01.2: reg 0x20: [io  0xe140-0xe15f]
Oct 25 19:52:11 debian kernel: [    0.372060] pci 0000:00:01.3: [8086:7113] type 00 class 0x068000
Oct 25 19:52:11 debian kernel: [    0.372338] pci 0000:00:01.3: quirk: [io  0x0600-0x063f] claimed by PIIX4 ACPI
Oct 25 19:52:11 debian kernel: [    0.372345] pci 0000:00:01.3: quirk: [io  0x0700-0x070f] claimed by PIIX4 SMB
Oct 25 19:52:11 debian kernel: [    0.372511] pci 0000:00:02.0: [1234:1111] type 00 class 0x030000
Oct 25 19:52:11 debian kernel: [    0.373715] pci 0000:00:02.0: reg 0x10: [mem 0xfd000000-0xfdffffff pref]
Oct 25 19:52:11 debian kernel: [    0.375645] pci 0000:00:02.0: reg 0x18: [mem 0xfea50000-0xfea50fff]
Oct 25 19:52:11 debian kernel: [    0.380482] pci 0000:00:02.0: reg 0x30: [mem 0xfea40000-0xfea4ffff pref]
Oct 25 19:52:11 debian kernel: [    0.380761] pci 0000:00:05.0: [1af4:1004] type 00 class 0x010000
Oct 25 19:52:11 debian kernel: [    0.381715] pci 0000:00:05.0: reg 0x10: [io  0xe100-0xe13f]
Oct 25 19:52:11 debian kernel: [    0.382895] pci 0000:00:05.0: reg 0x14: [mem 0xfea51000-0xfea51fff]
Oct 25 19:52:11 debian kernel: [    0.386931] pci 0000:00:05.0: reg 0x20: [mem 0xfe400000-0xfe403fff 64bit pref]
Oct 25 19:52:11 debian kernel: [    0.390075] pci 0000:00:12.0: [10ec:8139] type 00 class 0x020000
Oct 25 19:52:11 debian kernel: [    0.390891] pci 0000:00:12.0: reg 0x10: [io  0xe000-0xe0ff]
Oct 25 19:52:11 debian kernel: [    0.391652] pci 0000:00:12.0: reg 0x14: [mem 0xfea52000-0xfea520ff]
Oct 25 19:52:11 debian kernel: [    0.395182] pci 0000:00:12.0: reg 0x30: [mem 0xfea00000-0xfea3ffff pref]
Oct 25 19:52:11 debian kernel: [    0.395421] pci 0000:00:1e.0: [1b36:0001] type 01 class 0x060400
Oct 25 19:52:11 debian kernel: [    0.396803] pci 0000:00:1e.0: reg 0x10: [mem 0xfea53000-0xfea530ff 64bit]
Oct 25 19:52:11 debian kernel: [    0.398045] pci 0000:00:1f.0: [1b36:0001] type 01 class 0x060400
Oct 25 19:52:11 debian kernel: [    0.400560] pci 0000:00:1f.0: reg 0x10: [mem 0xfea54000-0xfea540ff 64bit]
Oct 25 19:52:11 debian kernel: [    0.402151] pci_bus 0000:01: extended config space not accessible
Oct 25 19:52:11 debian kernel: [    0.402420] acpiphp: Slot [0] registered
Oct 25 19:52:11 debian kernel: [    0.402445] acpiphp: Slot [1] registered
Oct 25 19:52:11 debian kernel: [    0.402470] acpiphp: Slot [2] registered
Oct 25 19:52:11 debian kernel: [    0.402499] acpiphp: Slot [3-2] registered
Oct 25 19:52:11 debian kernel: [    0.402526] acpiphp: Slot [4-2] registered
Oct 25 19:52:11 debian kernel: [    0.402553] acpiphp: Slot [5-2] registered
Oct 25 19:52:11 debian kernel: [    0.402579] acpiphp: Slot [6-2] registered
Oct 25 19:52:11 debian kernel: [    0.402606] acpiphp: Slot [7-2] registered
Oct 25 19:52:11 debian kernel: [    0.402634] acpiphp: Slot [8-2] registered
Oct 25 19:52:11 debian kernel: [    0.402661] acpiphp: Slot [9-2] registered
Oct 25 19:52:11 debian kernel: [    0.402688] acpiphp: Slot [10-2] registered
Oct 25 19:52:11 debian kernel: [    0.402716] acpiphp: Slot [11-2] registered
Oct 25 19:52:11 debian kernel: [    0.402743] acpiphp: Slot [12-2] registered
Oct 25 19:52:11 debian kernel: [    0.402769] acpiphp: Slot [13-2] registered
Oct 25 19:52:11 debian kernel: [    0.402800] acpiphp: Slot [14-2] registered
Oct 25 19:52:11 debian kernel: [    0.402828] acpiphp: Slot [15-2] registered
Oct 25 19:52:11 debian kernel: [    0.402855] acpiphp: Slot [16-2] registered
Oct 25 19:52:11 debian kernel: [    0.402882] acpiphp: Slot [17-2] registered
Oct 25 19:52:11 debian kernel: [    0.402909] acpiphp: Slot [18-2] registered
Oct 25 19:52:11 debian kernel: [    0.402937] acpiphp: Slot [19-2] registered
Oct 25 19:52:11 debian kernel: [    0.402965] acpiphp: Slot [20-2] registered
Oct 25 19:52:11 debian kernel: [    0.402992] acpiphp: Slot [21-2] registered
Oct 25 19:52:11 debian kernel: [    0.403019] acpiphp: Slot [22-2] registered
Oct 25 19:52:11 debian kernel: [    0.403046] acpiphp: Slot [23-2] registered
Oct 25 19:52:11 debian kernel: [    0.403073] acpiphp: Slot [24-2] registered
Oct 25 19:52:11 debian kernel: [    0.403101] acpiphp: Slot [25-2] registered
Oct 25 19:52:11 debian kernel: [    0.403134] acpiphp: Slot [26-2] registered
Oct 25 19:52:11 debian kernel: [    0.403162] acpiphp: Slot [27-2] registered
Oct 25 19:52:11 debian kernel: [    0.403189] acpiphp: Slot [28-2] registered
Oct 25 19:52:11 debian kernel: [    0.403218] acpiphp: Slot [29-2] registered
Oct 25 19:52:11 debian kernel: [    0.403242] acpiphp: Slot [30] registered
Oct 25 19:52:11 debian kernel: [    0.403266] acpiphp: Slot [31] registered
Oct 25 19:52:11 debian kernel: [    0.403420] pci 0000:00:1e.0: PCI bridge to [bus 01]
Oct 25 19:52:11 debian kernel: [    0.403432] pci 0000:00:1e.0:   bridge window [io  0xd000-0xdfff]
Oct 25 19:52:11 debian kernel: [    0.403442] pci 0000:00:1e.0:   bridge window [mem 0xfe800000-0xfe9fffff]
Oct 25 19:52:11 debian kernel: [    0.403462] pci 0000:00:1e.0:   bridge window [mem 0xfe200000-0xfe3fffff 64bit pref]
Oct 25 19:52:11 debian kernel: [    0.404012] pci_bus 0000:02: extended config space not accessible
Oct 25 19:52:11 debian kernel: [    0.404281] acpiphp: Slot [0-2] registered
Oct 25 19:52:11 debian kernel: [    0.404309] acpiphp: Slot [1-2] registered
Oct 25 19:52:11 debian kernel: [    0.404337] acpiphp: Slot [2-2] registered
Oct 25 19:52:11 debian kernel: [    0.404364] acpiphp: Slot [3-3] registered
Oct 25 19:52:11 debian kernel: [    0.404393] acpiphp: Slot [4-3] registered
Oct 25 19:52:11 debian kernel: [    0.404420] acpiphp: Slot [5-3] registered
Oct 25 19:52:11 debian kernel: [    0.404448] acpiphp: Slot [6-3] registered
Oct 25 19:52:11 debian kernel: [    0.404476] acpiphp: Slot [7-3] registered
Oct 25 19:52:11 debian kernel: [    0.404503] acpiphp: Slot [8-3] registered
Oct 25 19:52:11 debian kernel: [    0.404530] acpiphp: Slot [9-3] registered
Oct 25 19:52:11 debian kernel: [    0.404558] acpiphp: Slot [10-3] registered
Oct 25 19:52:11 debian kernel: [    0.404586] acpiphp: Slot [11-3] registered
Oct 25 19:52:11 debian kernel: [    0.404614] acpiphp: Slot [12-3] registered
Oct 25 19:52:11 debian kernel: [    0.404641] acpiphp: Slot [13-3] registered
Oct 25 19:52:11 debian kernel: [    0.404669] acpiphp: Slot [14-3] registered
Oct 25 19:52:11 debian kernel: [    0.404696] acpiphp: Slot [15-3] registered
Oct 25 19:52:11 debian kernel: [    0.404723] acpiphp: Slot [16-3] registered
Oct 25 19:52:11 debian kernel: [    0.404750] acpiphp: Slot [17-3] registered
Oct 25 19:52:11 debian kernel: [    0.404780] acpiphp: Slot [18-3] registered
Oct 25 19:52:11 debian kernel: [    0.404808] acpiphp: Slot [19-3] registered
Oct 25 19:52:11 debian kernel: [    0.404835] acpiphp: Slot [20-3] registered
Oct 25 19:52:11 debian kernel: [    0.404863] acpiphp: Slot [21-3] registered
Oct 25 19:52:11 debian kernel: [    0.404890] acpiphp: Slot [22-3] registered
Oct 25 19:52:11 debian kernel: [    0.404932] acpiphp: Slot [23-3] registered
Oct 25 19:52:11 debian kernel: [    0.404961] acpiphp: Slot [24-3] registered
Oct 25 19:52:11 debian kernel: [    0.404989] acpiphp: Slot [25-3] registered
Oct 25 19:52:11 debian kernel: [    0.405017] acpiphp: Slot [26-3] registered
Oct 25 19:52:11 debian kernel: [    0.405045] acpiphp: Slot [27-3] registered
Oct 25 19:52:11 debian kernel: [    0.405073] acpiphp: Slot [28-3] registered
Oct 25 19:52:11 debian kernel: [    0.405103] acpiphp: Slot [29-3] registered
Oct 25 19:52:11 debian kernel: [    0.405132] acpiphp: Slot [30-2] registered
Oct 25 19:52:11 debian kernel: [    0.405159] acpiphp: Slot [31-2] registered
Oct 25 19:52:11 debian kernel: [    0.405311] pci 0000:00:1f.0: PCI bridge to [bus 02]
Oct 25 19:52:11 debian kernel: [    0.405322] pci 0000:00:1f.0:   bridge window [io  0xc000-0xcfff]
Oct 25 19:52:11 debian kernel: [    0.405332] pci 0000:00:1f.0:   bridge window [mem 0xfe600000-0xfe7fffff]
Oct 25 19:52:11 debian kernel: [    0.405352] pci 0000:00:1f.0:   bridge window [mem 0xfe000000-0xfe1fffff 64bit pref]
Oct 25 19:52:11 debian kernel: [    0.406817] ACPI: PCI Interrupt Link [LNKA] (IRQs 5 *10 11)
Oct 25 19:52:11 debian kernel: [    0.406900] ACPI: PCI Interrupt Link [LNKB] (IRQs 5 *10 11)
Oct 25 19:52:11 debian kernel: [    0.406970] ACPI: PCI Interrupt Link [LNKC] (IRQs 5 10 *11)
Oct 25 19:52:11 debian kernel: [    0.407038] ACPI: PCI Interrupt Link [LNKD] (IRQs 5 10 *11)
Oct 25 19:52:11 debian kernel: [    0.407077] ACPI: PCI Interrupt Link [LNKS] (IRQs *9)
Oct 25 19:52:11 debian kernel: [    0.407347] pci 0000:00:02.0: vgaarb: setting as boot VGA device
Oct 25 19:52:11 debian kernel: [    0.407347] pci 0000:00:02.0: vgaarb: VGA device added: decodes=io+mem,owns=io+mem,locks=none
Oct 25 19:52:11 debian kernel: [    0.407347] pci 0000:00:02.0: vgaarb: bridge control possible
Oct 25 19:52:11 debian kernel: [    0.407347] vgaarb: loaded
Oct 25 19:52:11 debian kernel: [    0.407347] pps_core: LinuxPPS API ver. 1 registered
Oct 25 19:52:11 debian kernel: [    0.407347] pps_core: Software ver. 5.3.6 - Copyright 2005-2007 Rodolfo Giometti <giometti@linux.it>
Oct 25 19:52:11 debian kernel: [    0.407347] PTP clock support registered
Oct 25 19:52:11 debian kernel: [    0.407347] EDAC MC: Ver: 3.0.0
Oct 25 19:52:11 debian kernel: [    0.407347] PCI: Using ACPI for IRQ routing
Oct 25 19:52:11 debian kernel: [    0.407347] PCI: pci_cache_line_size set to 64 bytes
Oct 25 19:52:11 debian kernel: [    0.407347] e820: reserve RAM buffer [mem 0x0009fc00-0x0009ffff]
Oct 25 19:52:11 debian kernel: [    0.407347] e820: reserve RAM buffer [mem 0x7ffdb000-0x7fffffff]
Oct 25 19:52:11 debian kernel: [    0.407347] HPET: 3 timers in total, 0 timers will be used for per-cpu timer
Oct 25 19:52:11 debian kernel: [    0.407347] hpet0: at MMIO 0xfed00000, IRQs 2, 8, 0
Oct 25 19:52:11 debian kernel: [    0.407347] hpet0: 3 comparators, 64-bit 100.000000 MHz counter
Oct 25 19:52:11 debian kernel: [    0.411828] clocksource: Switched to clocksource kvm-clock
Oct 25 19:52:11 debian kernel: [    0.421423] VFS: Disk quotas dquot_6.6.0
Oct 25 19:52:11 debian kernel: [    0.421441] VFS: Dquot-cache hash table entries: 512 (order 0, 4096 bytes)
Oct 25 19:52:11 debian kernel: [    0.421552] AppArmor: AppArmor Filesystem Enabled
Oct 25 19:52:11 debian kernel: [    0.421575] pnp: PnP ACPI init
Oct 25 19:52:11 debian kernel: [    0.421639] pnp 00:00: Plug and Play ACPI device, IDs PNP0b00 (active)
Oct 25 19:52:11 debian kernel: [    0.421673] pnp 00:01: Plug and Play ACPI device, IDs PNP0303 (active)
Oct 25 19:52:11 debian kernel: [    0.421698] pnp 00:02: Plug and Play ACPI device, IDs PNP0f13 (active)
Oct 25 19:52:11 debian kernel: [    0.421707] pnp 00:03: [dma 2]
Oct 25 19:52:11 debian kernel: [    0.421738] pnp 00:03: Plug and Play ACPI device, IDs PNP0700 (active)
Oct 25 19:52:11 debian kernel: [    0.422073] pnp: PnP ACPI: found 4 devices
Oct 25 19:52:11 debian kernel: [    0.430011] clocksource: acpi_pm: mask: 0xffffff max_cycles: 0xffffff, max_idle_ns: 2085701024 ns
Oct 25 19:52:11 debian kernel: [    0.431061] pci 0000:00:1e.0: PCI bridge to [bus 01]
Oct 25 19:52:11 debian kernel: [    0.431070] pci 0000:00:1e.0:   bridge window [io  0xd000-0xdfff]
Oct 25 19:52:11 debian kernel: [    0.431726] pci 0000:00:1e.0:   bridge window [mem 0xfe800000-0xfe9fffff]
Oct 25 19:52:11 debian kernel: [    0.432176] pci 0000:00:1e.0:   bridge window [mem 0xfe200000-0xfe3fffff 64bit pref]
Oct 25 19:52:11 debian kernel: [    0.433075] pci 0000:00:1f.0: PCI bridge to [bus 02]
Oct 25 19:52:11 debian kernel: [    0.433084] pci 0000:00:1f.0:   bridge window [io  0xc000-0xcfff]
Oct 25 19:52:11 debian kernel: [    0.433764] pci 0000:00:1f.0:   bridge window [mem 0xfe600000-0xfe7fffff]
Oct 25 19:52:11 debian kernel: [    0.434214] pci 0000:00:1f.0:   bridge window [mem 0xfe000000-0xfe1fffff 64bit pref]
Oct 25 19:52:11 debian kernel: [    0.435097] pci_bus 0000:00: resource 4 [io  0x0000-0x0cf7 window]
Oct 25 19:52:11 debian kernel: [    0.435098] pci_bus 0000:00: resource 5 [io  0x0d00-0xffff window]
Oct 25 19:52:11 debian kernel: [    0.435100] pci_bus 0000:00: resource 6 [mem 0x000a0000-0x000bffff window]
Oct 25 19:52:11 debian kernel: [    0.435101] pci_bus 0000:00: resource 7 [mem 0x80000000-0xfebfffff window]
Oct 25 19:52:11 debian kernel: [    0.435102] pci_bus 0000:00: resource 8 [mem 0x100000000-0x17fffffff window]
Oct 25 19:52:11 debian kernel: [    0.435104] pci_bus 0000:01: resource 0 [io  0xd000-0xdfff]
Oct 25 19:52:11 debian kernel: [    0.435105] pci_bus 0000:01: resource 1 [mem 0xfe800000-0xfe9fffff]
Oct 25 19:52:11 debian kernel: [    0.435106] pci_bus 0000:01: resource 2 [mem 0xfe200000-0xfe3fffff 64bit pref]
Oct 25 19:52:11 debian kernel: [    0.435107] pci_bus 0000:02: resource 0 [io  0xc000-0xcfff]
Oct 25 19:52:11 debian kernel: [    0.435108] pci_bus 0000:02: resource 1 [mem 0xfe600000-0xfe7fffff]
Oct 25 19:52:11 debian kernel: [    0.435109] pci_bus 0000:02: resource 2 [mem 0xfe000000-0xfe1fffff 64bit pref]
Oct 25 19:52:11 debian kernel: [    0.435204] NET: Registered protocol family 2
Oct 25 19:52:11 debian kernel: [    0.435359] tcp_listen_portaddr_hash hash table entries: 1024 (order: 2, 16384 bytes)
Oct 25 19:52:11 debian kernel: [    0.435375] TCP established hash table entries: 16384 (order: 5, 131072 bytes)
Oct 25 19:52:11 debian kernel: [    0.435415] TCP bind hash table entries: 16384 (order: 6, 262144 bytes)
Oct 25 19:52:11 debian kernel: [    0.435491] TCP: Hash tables configured (established 16384 bind 16384)
Oct 25 19:52:11 debian kernel: [    0.435538] UDP hash table entries: 1024 (order: 3, 32768 bytes)
Oct 25 19:52:11 debian kernel: [    0.435550] UDP-Lite hash table entries: 1024 (order: 3, 32768 bytes)
Oct 25 19:52:11 debian kernel: [    0.435599] NET: Registered protocol family 1
Oct 25 19:52:11 debian kernel: [    0.435604] NET: Registered protocol family 44
Oct 25 19:52:11 debian kernel: [    0.435623] pci 0000:00:01.0: PIIX3: Enabling Passive Release
Oct 25 19:52:11 debian kernel: [    0.435632] pci 0000:00:00.0: Limiting direct PCI/PCI transfers
Oct 25 19:52:11 debian kernel: [    0.435641] pci 0000:00:01.0: Activating ISA DMA hang workarounds
Oct 25 19:52:11 debian kernel: [    0.454925] PCI Interrupt Link [LNKD] enabled at IRQ 11
Oct 25 19:52:11 debian kernel: [    0.474370] pci 0000:00:01.2: quirk_usb_early_handoff+0x0/0x6c1 took 37801 usecs
Oct 25 19:52:11 debian kernel: [    0.474407] pci 0000:00:02.0: Video device with shadowed ROM at [mem 0x000c0000-0x000dffff]
Oct 25 19:52:11 debian kernel: [    0.474439] PCI: CLS 0 bytes, default 64
Oct 25 19:52:11 debian kernel: [    0.474483] Unpacking initramfs...
Oct 25 19:52:11 debian kernel: [    0.942795] Freeing initrd memory: 29232K
Oct 25 19:52:11 debian kernel: [    0.943536] Initialise system trusted keyrings
Oct 25 19:52:11 debian kernel: [    0.943545] Key type blacklist registered
Oct 25 19:52:11 debian kernel: [    0.943667] workingset: timestamp_bits=40 max_order=19 bucket_order=0
Oct 25 19:52:11 debian kernel: [    0.945058] zbud: loaded
Oct 25 19:52:11 debian kernel: [    1.137912] Key type asymmetric registered
Oct 25 19:52:11 debian kernel: [    1.137914] Asymmetric key parser 'x509' registered
Oct 25 19:52:11 debian kernel: [    1.137931] Block layer SCSI generic (bsg) driver version 0.4 loaded (major 247)
Oct 25 19:52:11 debian kernel: [    1.137985] io scheduler noop registered
Oct 25 19:52:11 debian kernel: [    1.137986] io scheduler deadline registered
Oct 25 19:52:11 debian kernel: [    1.138031] io scheduler cfq registered (default)
Oct 25 19:52:11 debian kernel: [    1.138032] io scheduler mq-deadline registered
Oct 25 19:52:11 debian kernel: [    1.138265] shpchp 0000:00:1e.0: Requesting control of SHPC hotplug via OSHP (\_SB_.PCI0.SF0_)
Oct 25 19:52:11 debian kernel: [    1.138272] shpchp 0000:00:1e.0: Requesting control of SHPC hotplug via OSHP (\_SB_.PCI0)
Oct 25 19:52:11 debian kernel: [    1.138276] shpchp 0000:00:1e.0: Cannot get control of SHPC hotplug
Oct 25 19:52:11 debian kernel: [    1.138305] shpchp 0000:00:1f.0: Requesting control of SHPC hotplug via OSHP (\_SB_.PCI0.SF8_)
Oct 25 19:52:11 debian kernel: [    1.138309] shpchp 0000:00:1f.0: Requesting control of SHPC hotplug via OSHP (\_SB_.PCI0)
Oct 25 19:52:11 debian kernel: [    1.138311] shpchp 0000:00:1f.0: Cannot get control of SHPC hotplug
Oct 25 19:52:11 debian kernel: [    1.138321] shpchp: Standard Hot Plug PCI Controller Driver version: 0.4
Oct 25 19:52:11 debian kernel: [    1.138540] Serial: 8250/16550 driver, 4 ports, IRQ sharing enabled
Oct 25 19:52:11 debian kernel: [    1.139064] Linux agpgart interface v0.103
Oct 25 19:52:11 debian kernel: [    1.139141] AMD IOMMUv2 driver by Joerg Roedel <jroedel@suse.de>
Oct 25 19:52:11 debian kernel: [    1.139141] AMD IOMMUv2 functionality not available on this system
Oct 25 19:52:11 debian kernel: [    1.139359] i8042: PNP: PS/2 Controller [PNP0303:KBD,PNP0f13:MOU] at 0x60,0x64 irq 1,12
Oct 25 19:52:11 debian kernel: [    1.140007] serio: i8042 KBD port at 0x60,0x64 irq 1
Oct 25 19:52:11 debian kernel: [    1.140011] serio: i8042 AUX port at 0x60,0x64 irq 12
Oct 25 19:52:11 debian kernel: [    1.140121] mousedev: PS/2 mouse device common for all mice
Oct 25 19:52:11 debian kernel: [    1.140222] rtc_cmos 00:00: RTC can wake from S4
Oct 25 19:52:11 debian kernel: [    1.140661] rtc_cmos 00:00: registered as rtc0
Oct 25 19:52:11 debian kernel: [    1.140696] rtc_cmos 00:00: alarms up to one day, y3k, 114 bytes nvram, hpet irqs
Oct 25 19:52:11 debian kernel: [    1.140778] input: AT Translated Set 2 keyboard as /devices/platform/i8042/serio0/input/input0
Oct 25 19:52:11 debian kernel: [    1.140962] ledtrig-cpu: registered to indicate activity on CPUs
Oct 25 19:52:11 debian kernel: [    1.141234] NET: Registered protocol family 10
Oct 25 19:52:11 debian kernel: [    1.148220] Segment Routing with IPv6
Oct 25 19:52:11 debian kernel: [    1.148244] mip6: Mobile IPv6
Oct 25 19:52:11 debian kernel: [    1.148246] NET: Registered protocol family 17
Oct 25 19:52:11 debian kernel: [    1.148303] mpls_gso: MPLS GSO support
Oct 25 19:52:11 debian kernel: [    1.148447] mce: Using 10 MCE banks
Oct 25 19:52:11 debian kernel: [    1.148463] sched_clock: Marking stable (1136457083, 11972428)->(1149944328, -1514817)
Oct 25 19:52:11 debian kernel: [    1.148837] registered taskstats version 1
Oct 25 19:52:11 debian kernel: [    1.148838] Loading compiled-in X.509 certificates
Oct 25 19:52:11 debian kernel: [    1.196281] Loaded X.509 cert 'Debian Secure Boot CA: 6ccece7e4c6c0d1f6149f3dd27dfcc5cbb419ea1'
Oct 25 19:52:11 debian kernel: [    1.196304] Loaded X.509 cert 'Debian Secure Boot Signer: 00a7468def'
Oct 25 19:52:11 debian kernel: [    1.196340] zswap: loaded using pool lzo/zbud
Oct 25 19:52:11 debian kernel: [    1.196513] AppArmor: AppArmor sha1 policy hashing enabled
Oct 25 19:52:11 debian kernel: [    1.196846] rtc_cmos 00:00: setting system clock to 2020-10-25 22:52:00 UTC (1603666320)
Oct 25 19:52:11 debian kernel: [    1.198934] Freeing unused kernel image memory: 1588K
Oct 25 19:52:11 debian kernel: [    1.217787] Write protecting the kernel read-only data: 16384k
Oct 25 19:52:11 debian kernel: [    1.218658] Freeing unused kernel image memory: 2028K
Oct 25 19:52:11 debian kernel: [    1.218943] Freeing unused kernel image memory: 780K
Oct 25 19:52:11 debian kernel: [    1.227693] x86/mm: Checked W+X mappings: passed, no W+X pages found.
Oct 25 19:52:11 debian kernel: [    1.227695] Run /init as init process
Oct 25 19:52:11 debian kernel: [    1.298789] piix4_smbus 0000:00:01.3: SMBus Host Controller at 0x700, revision 0
Oct 25 19:52:11 debian kernel: [    1.311556] FDC 0 is a S82078B
Oct 25 19:52:11 debian kernel: [    1.312538] 8139cp: 8139cp: 10/100 PCI Ethernet driver v1.3 (Mar 22, 2004)
Oct 25 19:52:11 debian kernel: [    1.319369] ACPI: bus type USB registered
Oct 25 19:52:11 debian kernel: [    1.319391] usbcore: registered new interface driver usbfs
Oct 25 19:52:11 debian kernel: [    1.319399] usbcore: registered new interface driver hub
Oct 25 19:52:11 debian kernel: [    1.319418] usbcore: registered new device driver usb
Oct 25 19:52:11 debian kernel: [    1.322921] input: VirtualPS/2 VMware VMMouse as /devices/platform/i8042/serio1/input/input3
Oct 25 19:52:11 debian kernel: [    1.324452] input: VirtualPS/2 VMware VMMouse as /devices/platform/i8042/serio1/input/input2
Oct 25 19:52:11 debian kernel: [    1.329579] ehci_hcd: USB 2.0 'Enhanced' Host Controller (EHCI) Driver
Oct 25 19:52:11 debian kernel: [    1.333667] uhci_hcd: USB Universal Host Controller Interface driver
Oct 25 19:52:11 debian kernel: [    1.335562] SCSI subsystem initialized
Oct 25 19:52:11 debian kernel: [    1.349431] libata version 3.00 loaded.
Oct 25 19:52:11 debian kernel: [    1.351052] ata_piix 0000:00:01.1: version 2.13
Oct 25 19:52:11 debian kernel: [    1.351853] scsi host0: ata_piix
Oct 25 19:52:11 debian kernel: [    1.352279] scsi host1: ata_piix
Oct 25 19:52:11 debian kernel: [    1.352323] ata1: PATA max MWDMA2 cmd 0x1f0 ctl 0x3f6 bmdma 0xe160 irq 14
Oct 25 19:52:11 debian kernel: [    1.352324] ata2: PATA max MWDMA2 cmd 0x170 ctl 0x376 bmdma 0xe168 irq 15
Oct 25 19:52:11 debian kernel: [    1.390428] PCI Interrupt Link [LNKB] enabled at IRQ 10
Oct 25 19:52:11 debian kernel: [    1.390577] PCI Interrupt Link [LNKA] enabled at IRQ 10
Oct 25 19:52:11 debian kernel: [    1.393582] 8139cp 0000:00:12.0 eth0: RTL-8139C+ at 0x(____ptrval____), 9a:08:51:43:a6:90, IRQ 10
Oct 25 19:52:11 debian kernel: [    1.394400] uhci_hcd 0000:00:01.2: UHCI Host Controller
Oct 25 19:52:11 debian kernel: [    1.394409] uhci_hcd 0000:00:01.2: new USB bus registered, assigned bus number 1
Oct 25 19:52:11 debian kernel: [    1.394428] uhci_hcd 0000:00:01.2: detected 2 ports
Oct 25 19:52:11 debian kernel: [    1.394566] uhci_hcd 0000:00:01.2: irq 11, io base 0x0000e140
Oct 25 19:52:11 debian kernel: [    1.394663] usb usb1: New USB device found, idVendor=1d6b, idProduct=0001, bcdDevice= 4.19
Oct 25 19:52:11 debian kernel: [    1.394665] usb usb1: New USB device strings: Mfr=3, Product=2, SerialNumber=1
Oct 25 19:52:11 debian kernel: [    1.394666] usb usb1: Product: UHCI Host Controller
Oct 25 19:52:11 debian kernel: [    1.394667] usb usb1: Manufacturer: Linux 4.19.0-9-amd64 uhci_hcd
Oct 25 19:52:11 debian kernel: [    1.394668] usb usb1: SerialNumber: 0000:00:01.2
Oct 25 19:52:11 debian kernel: [    1.394877] hub 1-0:1.0: USB hub found
Oct 25 19:52:11 debian kernel: [    1.394883] hub 1-0:1.0: 2 ports detected
Oct 25 19:52:11 debian kernel: [    1.396546] 8139too: 8139too Fast Ethernet driver 0.9.28
Oct 25 19:52:11 debian kernel: [    1.397501] scsi host2: Virtio SCSI HBA
Oct 25 19:52:11 debian kernel: [    1.398535] scsi 2:0:0:0: Direct-Access     QEMU     QEMU HARDDISK    2.5+ PQ: 0 ANSI: 5
Oct 25 19:52:11 debian kernel: [    1.399560] scsi 2:0:0:3: Direct-Access     QEMU     QEMU HARDDISK    2.5+ PQ: 0 ANSI: 5
Oct 25 19:52:11 debian kernel: [    1.399615] 8139cp 0000:00:12.0 ens18: renamed from eth0
Oct 25 19:52:11 debian kernel: [    1.400070] scsi 2:0:0:2: Direct-Access     QEMU     QEMU HARDDISK    2.5+ PQ: 0 ANSI: 5
Oct 25 19:52:11 debian kernel: [    1.400569] scsi 2:0:0:1: Direct-Access     QEMU     QEMU HARDDISK    2.5+ PQ: 0 ANSI: 5
Oct 25 19:52:11 debian kernel: [    1.459338] random: fast init done
Oct 25 19:52:11 debian kernel: [    1.515257] sd 2:0:0:0: Power-on or device reset occurred
Oct 25 19:52:11 debian kernel: [    1.515742] sd 2:0:0:0: [sda] 20971520 512-byte logical blocks: (10.7 GB/10.0 GiB)
Oct 25 19:52:11 debian kernel: [    1.515831] sd 2:0:0:0: [sda] Write Protect is off
Oct 25 19:52:11 debian kernel: [    1.515833] sd 2:0:0:0: [sda] Mode Sense: 63 00 00 08
Oct 25 19:52:11 debian kernel: [    1.515906] sd 2:0:0:0: [sda] Write cache: enabled, read cache: enabled, doesn't support DPO or FUA
Oct 25 19:52:11 debian kernel: [    1.516798] sd 2:0:0:3: Power-on or device reset occurred
Oct 25 19:52:11 debian kernel: [    1.517716] sd 2:0:0:2: Power-on or device reset occurred
Oct 25 19:52:11 debian kernel: [    1.517726] sd 2:0:0:1: Power-on or device reset occurred
Oct 25 19:52:11 debian kernel: [    1.517772] sd 2:0:0:3: [sdb] 46137344 512-byte logical blocks: (23.6 GB/22.0 GiB)
Oct 25 19:52:11 debian kernel: [    1.517813] sd 2:0:0:3: [sdb] Write Protect is off
Oct 25 19:52:11 debian kernel: [    1.517814] sd 2:0:0:3: [sdb] Mode Sense: 63 00 00 08
Oct 25 19:52:11 debian kernel: [    1.518028] sd 2:0:0:3: [sdb] Write cache: enabled, read cache: enabled, doesn't support DPO or FUA
Oct 25 19:52:11 debian kernel: [    1.518204] sd 2:0:0:2: [sdc] 46137344 512-byte logical blocks: (23.6 GB/22.0 GiB)
Oct 25 19:52:11 debian kernel: [    1.518209] sd 2:0:0:1: [sdd] 16777216 512-byte logical blocks: (8.59 GB/8.00 GiB)
Oct 25 19:52:11 debian kernel: [    1.518247] sd 2:0:0:2: [sdc] Write Protect is off
Oct 25 19:52:11 debian kernel: [    1.518248] sd 2:0:0:2: [sdc] Mode Sense: 63 00 00 08
Oct 25 19:52:11 debian kernel: [    1.518259] sd 2:0:0:1: [sdd] Write Protect is off
Oct 25 19:52:11 debian kernel: [    1.518261] sd 2:0:0:1: [sdd] Mode Sense: 63 00 00 08
Oct 25 19:52:11 debian kernel: [    1.518321] sd 2:0:0:2: [sdc] Write cache: enabled, read cache: enabled, doesn't support DPO or FUA
Oct 25 19:52:11 debian kernel: [    1.518348] sd 2:0:0:1: [sdd] Write cache: enabled, read cache: enabled, doesn't support DPO or FUA
Oct 25 19:52:11 debian kernel: [    1.542965]  sdb:
Oct 25 19:52:11 debian kernel: [    1.543437]  sdc:
Oct 25 19:52:11 debian kernel: [    1.543841] sd 2:0:0:3: [sdb] Attached SCSI disk
Oct 25 19:52:11 debian kernel: [    1.543958] sd 2:0:0:2: [sdc] Attached SCSI disk
Oct 25 19:52:11 debian kernel: [    1.548755]  sda: sda1 sda2 < sda5 >
Oct 25 19:52:11 debian kernel: [    1.549934]  sdd: sdd1
Oct 25 19:52:11 debian kernel: [    1.550610] sd 2:0:0:0: [sda] Attached SCSI disk
Oct 25 19:52:11 debian kernel: [    1.550623] sd 2:0:0:1: [sdd] Attached SCSI disk
Oct 25 19:52:11 debian kernel: [    1.729775] usb 1-1: new full-speed USB device number 2 using uhci_hcd
Oct 25 19:52:11 debian kernel: [    1.824573] md/raid1:md127: active with 2 out of 2 mirrors
Oct 25 19:52:11 debian kernel: [    1.824591] md127: detected capacity change from 0 to 23604494336
Oct 25 19:52:11 debian kernel: [    1.870653]  md127: p1
Oct 25 19:52:11 debian kernel: [    1.915743] usb 1-1: New USB device found, idVendor=0627, idProduct=0001, bcdDevice= 0.00
Oct 25 19:52:11 debian kernel: [    1.915746] usb 1-1: New USB device strings: Mfr=1, Product=3, SerialNumber=10
Oct 25 19:52:11 debian kernel: [    1.915747] usb 1-1: Product: QEMU USB Tablet
Oct 25 19:52:11 debian kernel: [    1.915748] usb 1-1: Manufacturer: QEMU
Oct 25 19:52:11 debian kernel: [    1.915749] usb 1-1: SerialNumber: 28754-0000:00:01.2-1
Oct 25 19:52:11 debian kernel: [    1.925255] hidraw: raw HID events driver (C) Jiri Kosina
Oct 25 19:52:11 debian kernel: [    1.932325] usbcore: registered new interface driver usbhid
Oct 25 19:52:11 debian kernel: [    1.932326] usbhid: USB HID core driver
Oct 25 19:52:11 debian kernel: [    1.933967] input: QEMU QEMU USB Tablet as /devices/pci0000:00/0000:00:01.2/usb1/1-1/1-1:1.0/0003:0627:0001.0001/input/input4
Oct 25 19:52:11 debian kernel: [    1.934035] hid-generic 0003:0627:0001.0001: input,hidraw0: USB HID v0.01 Mouse [QEMU QEMU USB Tablet] on usb-0000:00:01.2-1/input0
Oct 25 19:52:11 debian kernel: [    2.149724] raid6: sse2x1   gen()  3943 MB/s
Oct 25 19:52:11 debian kernel: [    2.217729] raid6: sse2x1   xor()  3868 MB/s
Oct 25 19:52:11 debian kernel: [    2.285732] raid6: sse2x2   gen()  6323 MB/s
Oct 25 19:52:11 debian kernel: [    2.353722] raid6: sse2x2   xor()  6760 MB/s
Oct 25 19:52:11 debian kernel: [    2.421723] raid6: sse2x4   gen()  7810 MB/s
Oct 25 19:52:11 debian kernel: [    2.489721] raid6: sse2x4   xor()  3396 MB/s
Oct 25 19:52:11 debian kernel: [    2.489722] raid6: using algorithm sse2x4 gen() 7810 MB/s
Oct 25 19:52:11 debian kernel: [    2.489723] raid6: .... xor() 3396 MB/s, rmw enabled
Oct 25 19:52:11 debian kernel: [    2.489724] raid6: using intx1 recovery algorithm
Oct 25 19:52:11 debian kernel: [    2.490853] xor: measuring software checksum speed
Oct 25 19:52:11 debian kernel: [    2.529720]    prefetch64-sse: 11739.000 MB/sec
Oct 25 19:52:11 debian kernel: [    2.569719]    generic_sse: 11175.000 MB/sec
Oct 25 19:52:11 debian kernel: [    2.569720] xor: using function: prefetch64-sse (11739.000 MB/sec)
Oct 25 19:52:11 debian kernel: [    2.570806] async_tx: api initialized (async)
Oct 25 19:52:11 debian kernel: [    2.624859] PM: Image not found (code -22)
Oct 25 19:52:11 debian kernel: [    2.720996] cryptd: max_cpu_qlen set to 1000
Oct 25 19:52:11 debian kernel: [    2.893351] EXT4-fs (sda1): mounted filesystem with ordered data mode. Opts: (null)
Oct 25 19:52:11 debian kernel: [    3.360349] random: crng init done
Oct 25 19:52:11 debian kernel: [    7.870430] EXT4-fs (sda1): re-mounted. Opts: errors=remount-ro
Oct 25 19:52:11 debian kernel: [    9.094823] input: Power Button as /devices/LNXSYSTM:00/LNXPWRBN:00/input/input5
Oct 25 19:52:11 debian kernel: [    9.094847] ACPI: Power Button [PWRF]
Oct 25 19:52:11 debian kernel: [    9.209589] MCE: In-kernel MCE decoding enabled.
Oct 25 19:52:11 debian kernel: [    9.240986] input: PC Speaker as /devices/platform/pcspkr/input/input6
Oct 25 19:52:11 debian kernel: [    9.343105] powernow_k8: Power state transitions not supported
Oct 25 19:52:11 debian kernel: [    9.343111] powernow_k8: Power state transitions not supported
Oct 25 19:52:11 debian kernel: [    9.370232] powernow_k8: Power state transitions not supported
Oct 25 19:52:11 debian kernel: [    9.370241] powernow_k8: Power state transitions not supported
Oct 25 19:52:11 debian kernel: [    9.688371] sd 2:0:0:0: Attached scsi generic sg0 type 0
Oct 25 19:52:11 debian kernel: [    9.688592] sd 2:0:0:3: Attached scsi generic sg1 type 0
Oct 25 19:52:11 debian kernel: [    9.688678] sd 2:0:0:2: Attached scsi generic sg2 type 0
Oct 25 19:52:11 debian kernel: [    9.688762] sd 2:0:0:1: Attached scsi generic sg3 type 0
Oct 25 19:52:11 debian kernel: [    9.719660] [drm] Found bochs VGA, ID 0xb0c0.
Oct 25 19:52:11 debian kernel: [    9.719662] [drm] Framebuffer size 16384 kB @ 0xfd000000, mmio @ 0xfea50000.
Oct 25 19:52:11 debian kernel: [    9.719977] [TTM] Zone  kernel: Available graphics memory: 1021448 kiB
Oct 25 19:52:11 debian kernel: [    9.719978] [TTM] Initializing pool allocator
Oct 25 19:52:11 debian kernel: [    9.719981] [TTM] Initializing DMA pool allocator
Oct 25 19:52:11 debian kernel: [    9.762479] fbcon: bochsdrmfb (fb0) is primary device
Oct 25 19:52:11 debian kernel: [    9.804546] Console: switching to colour frame buffer device 128x48
Oct 25 19:52:11 debian kernel: [    9.842822] bochs-drm 0000:00:02.0: fb0: bochsdrmfb frame buffer device
Oct 25 19:52:11 debian kernel: [    9.889755] [drm] Initialized bochs-drm 1.0.0 20130925 for 0000:00:02.0 on minor 0
Oct 25 19:52:11 debian kernel: [   10.332530] Adding 2095100k swap on /dev/sda5.  Priority:-2 extents:1 across:2095100k FS
Oct 25 19:52:11 debian kernel: [   10.428842] EXT4-fs (sdd1): mounted filesystem with ordered data mode. Opts: (null)
Oct 25 19:52:11 debian kernel: [   11.297067] audit: type=1400 audit(1603666330.596:2): apparmor="STATUS" operation="profile_load" profile="unconfined" name="nvidia_modprobe" pid=374 comm="apparmor_parser"
Oct 25 19:52:11 debian kernel: [   11.297072] audit: type=1400 audit(1603666330.596:3): apparmor="STATUS" operation="profile_load" profile="unconfined" name="nvidia_modprobe//kmod" pid=374 comm="apparmor_parser"
Oct 25 19:52:11 debian kernel: [   11.312378] audit: type=1400 audit(1603666330.612:4): apparmor="STATUS" operation="profile_load" profile="unconfined" name="/usr/bin/man" pid=375 comm="apparmor_parser"
Oct 25 19:52:11 debian kernel: [   11.312382] audit: type=1400 audit(1603666330.612:5): apparmor="STATUS" operation="profile_load" profile="unconfined" name="man_filter" pid=375 comm="apparmor_parser"
Oct 25 19:52:11 debian kernel: [   11.312384] audit: type=1400 audit(1603666330.612:6): apparmor="STATUS" operation="profile_load" profile="unconfined" name="man_groff" pid=375 comm="apparmor_parser"
Oct 25 19:54:43 debian kernel: [  164.139670] psmouse serio1: VMMouse at isa0060/serio1/input0 lost sync at byte 1
Oct 25 19:54:43 debian kernel: [  164.139754] psmouse serio1: VMMouse at isa0060/serio1/input0 - driver resynced.
Oct 25 19:56:53 debian kernel: [    0.000000] Linux version 4.19.0-9-amd64 (debian-kernel@lists.debian.org) (gcc version 8.3.0 (Debian 8.3.0-6)) #1 SMP Debian 4.19.118-2+deb10u1 (2020-06-07)
Oct 25 19:56:53 debian kernel: [    0.000000] Command line: BOOT_IMAGE=/boot/vmlinuz-4.19.0-9-amd64 root=UUID=cd2cb4ca-39bd-4522-919c-e4ceb81b5ae8 ro quiet
Oct 25 19:56:53 debian kernel: [    0.000000] x86/fpu: x87 FPU will use FXSAVE
Oct 25 19:56:53 debian kernel: [    0.000000] BIOS-provided physical RAM map:
Oct 25 19:56:53 debian kernel: [    0.000000] BIOS-e820: [mem 0x0000000000000000-0x000000000009fbff] usable
Oct 25 19:56:53 debian kernel: [    0.000000] BIOS-e820: [mem 0x000000000009fc00-0x000000000009ffff] reserved
Oct 25 19:56:53 debian kernel: [    0.000000] BIOS-e820: [mem 0x00000000000f0000-0x00000000000fffff] reserved
Oct 25 19:56:53 debian kernel: [    0.000000] BIOS-e820: [mem 0x0000000000100000-0x000000007ffdafff] usable
Oct 25 19:56:53 debian kernel: [    0.000000] BIOS-e820: [mem 0x000000007ffdb000-0x000000007fffffff] reserved
Oct 25 19:56:53 debian kernel: [    0.000000] BIOS-e820: [mem 0x00000000feffc000-0x00000000feffffff] reserved
Oct 25 19:56:53 debian kernel: [    0.000000] BIOS-e820: [mem 0x00000000fffc0000-0x00000000ffffffff] reserved
Oct 25 19:56:53 debian kernel: [    0.000000] NX (Execute Disable) protection: active
Oct 25 19:56:53 debian kernel: [    0.000000] SMBIOS 2.8 present.
Oct 25 19:56:53 debian kernel: [    0.000000] DMI: QEMU Standard PC (i440FX + PIIX, 1996), BIOS rel-1.12.1-0-ga5cab58e9a3f-prebuilt.qemu.org 04/01/2014
Oct 25 19:56:53 debian kernel: [    0.000000] Hypervisor detected: KVM
Oct 25 19:56:53 debian kernel: [    0.000000] kvm-clock: Using msrs 4b564d01 and 4b564d00
Oct 25 19:56:53 debian kernel: [    0.000001] kvm-clock: cpu 0, msr 4b1e8001, primary cpu clock
Oct 25 19:56:53 debian kernel: [    0.000001] kvm-clock: using sched offset of 5530694338190 cycles
Oct 25 19:56:53 debian kernel: [    0.000003] clocksource: kvm-clock: mask: 0xffffffffffffffff max_cycles: 0x1cd42e4dffb, max_idle_ns: 881590591483 ns
Oct 25 19:56:53 debian kernel: [    0.000005] tsc: Detected 3000.208 MHz processor
Oct 25 19:56:53 debian kernel: [    0.002119] e820: update [mem 0x00000000-0x00000fff] usable ==> reserved
Oct 25 19:56:53 debian kernel: [    0.002120] e820: remove [mem 0x000a0000-0x000fffff] usable
Oct 25 19:56:53 debian kernel: [    0.034796] AGP: No AGP bridge found
Oct 25 19:56:53 debian kernel: [    0.035088] last_pfn = 0x7ffdb max_arch_pfn = 0x400000000
Oct 25 19:56:53 debian kernel: [    0.035120] MTRR default type: write-back
Oct 25 19:56:53 debian kernel: [    0.035120] MTRR fixed ranges enabled:
Oct 25 19:56:53 debian kernel: [    0.035122]   00000-9FFFF write-back
Oct 25 19:56:53 debian kernel: [    0.035123]   A0000-BFFFF uncachable
Oct 25 19:56:53 debian kernel: [    0.035124]   C0000-FFFFF write-protect
Oct 25 19:56:53 debian kernel: [    0.035125] MTRR variable ranges enabled:
Oct 25 19:56:53 debian kernel: [    0.035126]   0 base 0080000000 mask FF80000000 uncachable
Oct 25 19:56:53 debian kernel: [    0.035127]   1 disabled
Oct 25 19:56:53 debian kernel: [    0.035127]   2 disabled
Oct 25 19:56:53 debian kernel: [    0.035128]   3 disabled
Oct 25 19:56:53 debian kernel: [    0.035128]   4 disabled
Oct 25 19:56:53 debian kernel: [    0.035129]   5 disabled
Oct 25 19:56:53 debian kernel: [    0.035129]   6 disabled
Oct 25 19:56:53 debian kernel: [    0.035130]   7 disabled
Oct 25 19:56:53 debian kernel: [    0.035151] x86/PAT: Configuration [0-7]: WB  WC  UC- UC  WB  WP  UC- WT  
Oct 25 19:56:53 debian kernel: [    0.037415] found SMP MP-table at [mem 0x000f5ae0-0x000f5aef]
Oct 25 19:56:53 debian kernel: [    0.037627] BRK [0x4b401000, 0x4b401fff] PGTABLE
Oct 25 19:56:53 debian kernel: [    0.037630] BRK [0x4b402000, 0x4b402fff] PGTABLE
Oct 25 19:56:53 debian kernel: [    0.037631] BRK [0x4b403000, 0x4b403fff] PGTABLE
Oct 25 19:56:53 debian kernel: [    0.037657] BRK [0x4b404000, 0x4b404fff] PGTABLE
Oct 25 19:56:53 debian kernel: [    0.037659] BRK [0x4b405000, 0x4b405fff] PGTABLE
Oct 25 19:56:53 debian kernel: [    0.037742] BRK [0x4b406000, 0x4b406fff] PGTABLE
Oct 25 19:56:53 debian kernel: [    0.037767] RAMDISK: [mem 0x346d7000-0x36362fff]
Oct 25 19:56:53 debian kernel: [    0.037781] ACPI: Early table checksum verification disabled
Oct 25 19:56:53 debian kernel: [    0.037828] ACPI: RSDP 0x00000000000F5900 000014 (v00 BOCHS )
Oct 25 19:56:53 debian kernel: [    0.037836] ACPI: RSDT 0x000000007FFE14E4 000034 (v01 BOCHS  BXPCRSDT 00000001 BXPC 00000001)
Oct 25 19:56:53 debian kernel: [    0.037841] ACPI: FACP 0x000000007FFE12EE 000074 (v01 BOCHS  BXPCFACP 00000001 BXPC 00000001)
Oct 25 19:56:53 debian kernel: [    0.037846] ACPI: DSDT 0x000000007FFDF040 0022AE (v01 BOCHS  BXPCDSDT 00000001 BXPC 00000001)
Oct 25 19:56:53 debian kernel: [    0.037848] ACPI: FACS 0x000000007FFDF000 000040
Oct 25 19:56:53 debian kernel: [    0.037850] ACPI: APIC 0x000000007FFE1362 000080 (v01 BOCHS  BXPCAPIC 00000001 BXPC 00000001)
Oct 25 19:56:53 debian kernel: [    0.037853] ACPI: SSDT 0x000000007FFE13E2 0000CA (v01 BOCHS  VMGENID  00000001 BXPC 00000001)
Oct 25 19:56:53 debian kernel: [    0.037855] ACPI: HPET 0x000000007FFE14AC 000038 (v01 BOCHS  BXPCHPET 00000001 BXPC 00000001)
Oct 25 19:56:53 debian kernel: [    0.037863] ACPI: Local APIC address 0xfee00000
Oct 25 19:56:53 debian kernel: [    0.038211] No NUMA configuration found
Oct 25 19:56:53 debian kernel: [    0.038212] Faking a node at [mem 0x0000000000000000-0x000000007ffdafff]
Oct 25 19:56:53 debian kernel: [    0.038216] NODE_DATA(0) allocated [mem 0x7ffd6000-0x7ffdafff]
Oct 25 19:56:53 debian kernel: [    0.038252] Zone ranges:
Oct 25 19:56:53 debian kernel: [    0.038253]   DMA      [mem 0x0000000000001000-0x0000000000ffffff]
Oct 25 19:56:53 debian kernel: [    0.038254]   DMA32    [mem 0x0000000001000000-0x000000007ffdafff]
Oct 25 19:56:53 debian kernel: [    0.038255]   Normal   empty
Oct 25 19:56:53 debian kernel: [    0.038256]   Device   empty
Oct 25 19:56:53 debian kernel: [    0.038257] Movable zone start for each node
Oct 25 19:56:53 debian kernel: [    0.038258] Early memory node ranges
Oct 25 19:56:53 debian kernel: [    0.038259]   node   0: [mem 0x0000000000001000-0x000000000009efff]
Oct 25 19:56:53 debian kernel: [    0.038259]   node   0: [mem 0x0000000000100000-0x000000007ffdafff]
Oct 25 19:56:53 debian kernel: [    0.038268] Zeroed struct page in unavailable ranges: 135 pages
Oct 25 19:56:53 debian kernel: [    0.038269] Initmem setup node 0 [mem 0x0000000000001000-0x000000007ffdafff]
Oct 25 19:56:53 debian kernel: [    0.038270] On node 0 totalpages: 524153
Oct 25 19:56:53 debian kernel: [    0.038272]   DMA zone: 64 pages used for memmap
Oct 25 19:56:53 debian kernel: [    0.038272]   DMA zone: 21 pages reserved
Oct 25 19:56:53 debian kernel: [    0.038273]   DMA zone: 3998 pages, LIFO batch:0
Oct 25 19:56:53 debian kernel: [    0.038374]   DMA32 zone: 8128 pages used for memmap
Oct 25 19:56:53 debian kernel: [    0.038375]   DMA32 zone: 520155 pages, LIFO batch:63
Oct 25 19:56:53 debian kernel: [    0.052096] ACPI: PM-Timer IO Port: 0x608
Oct 25 19:56:53 debian kernel: [    0.052099] ACPI: Local APIC address 0xfee00000
Oct 25 19:56:53 debian kernel: [    0.052109] ACPI: LAPIC_NMI (acpi_id[0xff] dfl dfl lint[0x1])
Oct 25 19:56:53 debian kernel: [    0.052149] IOAPIC[0]: apic_id 0, version 17, address 0xfec00000, GSI 0-23
Oct 25 19:56:53 debian kernel: [    0.052151] ACPI: INT_SRC_OVR (bus 0 bus_irq 0 global_irq 2 dfl dfl)
Oct 25 19:56:53 debian kernel: [    0.052152] ACPI: INT_SRC_OVR (bus 0 bus_irq 5 global_irq 5 high level)
Oct 25 19:56:53 debian kernel: [    0.052153] ACPI: INT_SRC_OVR (bus 0 bus_irq 9 global_irq 9 high level)
Oct 25 19:56:53 debian kernel: [    0.052154] ACPI: INT_SRC_OVR (bus 0 bus_irq 10 global_irq 10 high level)
Oct 25 19:56:53 debian kernel: [    0.052155] ACPI: INT_SRC_OVR (bus 0 bus_irq 11 global_irq 11 high level)
Oct 25 19:56:53 debian kernel: [    0.052156] ACPI: IRQ0 used by override.
Oct 25 19:56:53 debian kernel: [    0.052157] ACPI: IRQ5 used by override.
Oct 25 19:56:53 debian kernel: [    0.052157] ACPI: IRQ9 used by override.
Oct 25 19:56:53 debian kernel: [    0.052158] ACPI: IRQ10 used by override.
Oct 25 19:56:53 debian kernel: [    0.052158] ACPI: IRQ11 used by override.
Oct 25 19:56:53 debian kernel: [    0.052160] Using ACPI (MADT) for SMP configuration information
Oct 25 19:56:53 debian kernel: [    0.052161] ACPI: HPET id: 0x8086a201 base: 0xfed00000
Oct 25 19:56:53 debian kernel: [    0.052170] smpboot: Allowing 2 CPUs, 0 hotplug CPUs
Oct 25 19:56:53 debian kernel: [    0.052189] PM: Registered nosave memory: [mem 0x00000000-0x00000fff]
Oct 25 19:56:53 debian kernel: [    0.052191] PM: Registered nosave memory: [mem 0x0009f000-0x0009ffff]
Oct 25 19:56:53 debian kernel: [    0.052191] PM: Registered nosave memory: [mem 0x000a0000-0x000effff]
Oct 25 19:56:53 debian kernel: [    0.052192] PM: Registered nosave memory: [mem 0x000f0000-0x000fffff]
Oct 25 19:56:53 debian kernel: [    0.052194] [mem 0x80000000-0xfeffbfff] available for PCI devices
Oct 25 19:56:53 debian kernel: [    0.052195] Booting paravirtualized kernel on KVM
Oct 25 19:56:53 debian kernel: [    0.052197] clocksource: refined-jiffies: mask: 0xffffffff max_cycles: 0xffffffff, max_idle_ns: 7645519600211568 ns
Oct 25 19:56:53 debian kernel: [    0.162914] random: get_random_bytes called from start_kernel+0x93/0x52c with crng_init=0
Oct 25 19:56:53 debian kernel: [    0.162921] setup_percpu: NR_CPUS:512 nr_cpumask_bits:512 nr_cpu_ids:2 nr_node_ids:1
Oct 25 19:56:53 debian kernel: [    0.163447] percpu: Embedded 45 pages/cpu s144408 r8192 d31720 u1048576
Oct 25 19:56:53 debian kernel: [    0.163453] pcpu-alloc: s144408 r8192 d31720 u1048576 alloc=1*2097152
Oct 25 19:56:53 debian kernel: [    0.163454] pcpu-alloc: [0] 0 1 
Oct 25 19:56:53 debian kernel: [    0.163485] KVM setup async PF for cpu 0
Oct 25 19:56:53 debian kernel: [    0.163491] kvm-stealtime: cpu 0, msr 7da161c0
Oct 25 19:56:53 debian kernel: [    0.163497] PV qspinlock hash table entries: 256 (order: 0, 4096 bytes)
Oct 25 19:56:53 debian kernel: [    0.163502] Built 1 zonelists, mobility grouping on.  Total pages: 515940
Oct 25 19:56:53 debian kernel: [    0.163503] Policy zone: DMA32
Oct 25 19:56:53 debian kernel: [    0.163505] Kernel command line: BOOT_IMAGE=/boot/vmlinuz-4.19.0-9-amd64 root=UUID=cd2cb4ca-39bd-4522-919c-e4ceb81b5ae8 ro quiet
Oct 25 19:56:53 debian kernel: [    0.163577] AGP: Checking aperture...
Oct 25 19:56:53 debian kernel: [    0.200201] AGP: No AGP bridge found
Oct 25 19:56:53 debian kernel: [    0.200527] Calgary: detecting Calgary via BIOS EBDA area
Oct 25 19:56:53 debian kernel: [    0.200529] Calgary: Unable to locate Rio Grande table in EBDA - bailing!
Oct 25 19:56:53 debian kernel: [    0.209203] Memory: 2009244K/2096612K available (10252K kernel code, 1241K rwdata, 3316K rodata, 1588K init, 2276K bss, 87368K reserved, 0K cma-reserved)
Oct 25 19:56:53 debian kernel: [    0.209347] SLUB: HWalign=64, Order=0-3, MinObjects=0, CPUs=2, Nodes=1
Oct 25 19:56:53 debian kernel: [    0.209355] ftrace: allocating 31883 entries in 125 pages
Oct 25 19:56:53 debian kernel: [    0.219741] rcu: Hierarchical RCU implementation.
Oct 25 19:56:53 debian kernel: [    0.219743] rcu: 	RCU restricting CPUs from NR_CPUS=512 to nr_cpu_ids=2.
Oct 25 19:56:53 debian kernel: [    0.219744] rcu: Adjusting geometry for rcu_fanout_leaf=16, nr_cpu_ids=2
Oct 25 19:56:53 debian kernel: [    0.222928] NR_IRQS: 33024, nr_irqs: 440, preallocated irqs: 16
Oct 25 19:56:53 debian kernel: [    0.237666] Console: colour VGA+ 80x25
Oct 25 19:56:53 debian kernel: [    0.237671] console [tty0] enabled
Oct 25 19:56:53 debian kernel: [    0.237694] ACPI: Core revision 20180810
Oct 25 19:56:53 debian kernel: [    0.237906] clocksource: hpet: mask: 0xffffffff max_cycles: 0xffffffff, max_idle_ns: 19112604467 ns
Oct 25 19:56:53 debian kernel: [    0.237995] hpet clockevent registered
Oct 25 19:56:53 debian kernel: [    0.238021] APIC: Switch to symmetric I/O mode setup
Oct 25 19:56:53 debian kernel: [    0.238224] x2apic enabled
Oct 25 19:56:53 debian kernel: [    0.238456] Switched APIC routing to physical x2apic.
Oct 25 19:56:53 debian kernel: [    0.239667] ..TIMER: vector=0x30 apic1=0 pin1=2 apic2=-1 pin2=-1
Oct 25 19:56:53 debian kernel: [    0.239689] tsc: Marking TSC unstable due to TSCs unsynchronized
Oct 25 19:56:53 debian kernel: [    0.239700] Calibrating delay loop (skipped) preset value.. 6000.41 BogoMIPS (lpj=12000832)
Oct 25 19:56:53 debian kernel: [    0.239702] pid_max: default: 32768 minimum: 301
Oct 25 19:56:53 debian kernel: [    0.239740] Security Framework initialized
Oct 25 19:56:53 debian kernel: [    0.239741] Yama: disabled by default; enable with sysctl kernel.yama.*
Oct 25 19:56:53 debian kernel: [    0.239759] AppArmor: AppArmor initialized
Oct 25 19:56:53 debian kernel: [    0.240312] Dentry cache hash table entries: 262144 (order: 9, 2097152 bytes)
Oct 25 19:56:53 debian kernel: [    0.240589] Inode-cache hash table entries: 131072 (order: 8, 1048576 bytes)
Oct 25 19:56:53 debian kernel: [    0.240606] Mount-cache hash table entries: 4096 (order: 3, 32768 bytes)
Oct 25 19:56:53 debian kernel: [    0.240614] Mountpoint-cache hash table entries: 4096 (order: 3, 32768 bytes)
Oct 25 19:56:53 debian kernel: [    0.240938] Last level iTLB entries: 4KB 512, 2MB 255, 4MB 127
Oct 25 19:56:53 debian kernel: [    0.240939] Last level dTLB entries: 4KB 512, 2MB 255, 4MB 127, 1GB 0
Oct 25 19:56:53 debian kernel: [    0.240941] Spectre V1 : Mitigation: usercopy/swapgs barriers and __user pointer sanitization
Oct 25 19:56:53 debian kernel: [    0.240942] Spectre V2 : Mitigation: Full AMD retpoline
Oct 25 19:56:53 debian kernel: [    0.240943] Spectre V2 : Spectre v2 / SpectreRSB mitigation: Filling RSB on context switch
Oct 25 19:56:53 debian kernel: [    0.241075] Freeing SMP alternatives memory: 24K
Oct 25 19:56:53 debian kernel: [    0.352015] smpboot: CPU0: AMD Common KVM processor (family: 0xf, model: 0x6, stepping: 0x1)
Oct 25 19:56:53 debian kernel: [    0.352140] Performance Events: AMD PMU driver.
Oct 25 19:56:53 debian kernel: [    0.352154] ... version:                0
Oct 25 19:56:53 debian kernel: [    0.352155] ... bit width:              48
Oct 25 19:56:53 debian kernel: [    0.352155] ... generic registers:      4
Oct 25 19:56:53 debian kernel: [    0.352156] ... value mask:             0000ffffffffffff
Oct 25 19:56:53 debian kernel: [    0.352156] ... max period:             00007fffffffffff
Oct 25 19:56:53 debian kernel: [    0.352157] ... fixed-purpose events:   0
Oct 25 19:56:53 debian kernel: [    0.352157] ... event mask:             000000000000000f
Oct 25 19:56:53 debian kernel: [    0.352212] rcu: Hierarchical SRCU implementation.
Oct 25 19:56:53 debian kernel: [    0.352603] smp: Bringing up secondary CPUs ...
Oct 25 19:56:53 debian kernel: [    0.352722] x86: Booting SMP configuration:
Oct 25 19:56:53 debian kernel: [    0.352723] .... node  #0, CPUs:      #1
Oct 25 19:56:53 debian kernel: [    0.016465] kvm-clock: cpu 1, msr 4b1e8041, secondary cpu clock
Oct 25 19:56:53 debian kernel: [    0.353119] KVM setup async PF for cpu 1
Oct 25 19:56:53 debian kernel: [    0.353119] kvm-stealtime: cpu 1, msr 7db161c0
Oct 25 19:56:53 debian kernel: [    0.353119] smp: Brought up 1 node, 2 CPUs
Oct 25 19:56:53 debian kernel: [    0.353119] smpboot: Max logical packages: 1
Oct 25 19:56:53 debian kernel: [    0.353119] smpboot: Total of 2 processors activated (12000.83 BogoMIPS)
Oct 25 19:56:53 debian kernel: [    0.353119] devtmpfs: initialized
Oct 25 19:56:53 debian kernel: [    0.353119] x86/mm: Memory block size: 128MB
Oct 25 19:56:53 debian kernel: [    0.353119] clocksource: jiffies: mask: 0xffffffff max_cycles: 0xffffffff, max_idle_ns: 7645041785100000 ns
Oct 25 19:56:53 debian kernel: [    0.353119] futex hash table entries: 512 (order: 3, 32768 bytes)
Oct 25 19:56:53 debian kernel: [    0.353119] pinctrl core: initialized pinctrl subsystem
Oct 25 19:56:53 debian kernel: [    0.353119] NET: Registered protocol family 16
Oct 25 19:56:53 debian kernel: [    0.353119] audit: initializing netlink subsys (disabled)
Oct 25 19:56:53 debian kernel: [    0.353119] audit: type=2000 audit(1603666602.955:1): state=initialized audit_enabled=0 res=1
Oct 25 19:56:53 debian kernel: [    0.353119] cpuidle: using governor ladder
Oct 25 19:56:53 debian kernel: [    0.353119] cpuidle: using governor menu
Oct 25 19:56:53 debian kernel: [    0.353119] ACPI: bus type PCI registered
Oct 25 19:56:53 debian kernel: [    0.353119] acpiphp: ACPI Hot Plug PCI Controller Driver version: 0.5
Oct 25 19:56:53 debian kernel: [    0.353119] PCI: Using configuration type 1 for base access
Oct 25 19:56:53 debian kernel: [    0.353119] HugeTLB registered 2.00 MiB page size, pre-allocated 0 pages
Oct 25 19:56:53 debian kernel: [    0.355774] ACPI: Added _OSI(Module Device)
Oct 25 19:56:53 debian kernel: [    0.355775] ACPI: Added _OSI(Processor Device)
Oct 25 19:56:53 debian kernel: [    0.355776] ACPI: Added _OSI(3.0 _SCP Extensions)
Oct 25 19:56:53 debian kernel: [    0.355777] ACPI: Added _OSI(Processor Aggregator Device)
Oct 25 19:56:53 debian kernel: [    0.355778] ACPI: Added _OSI(Linux-Dell-Video)
Oct 25 19:56:53 debian kernel: [    0.355778] ACPI: Added _OSI(Linux-Lenovo-NV-HDMI-Audio)
Oct 25 19:56:53 debian kernel: [    0.356760] ACPI: 2 ACPI AML tables successfully acquired and loaded
Oct 25 19:56:53 debian kernel: [    0.357512] ACPI: Interpreter enabled
Oct 25 19:56:53 debian kernel: [    0.357527] ACPI: (supports S0 S3 S4 S5)
Oct 25 19:56:53 debian kernel: [    0.357528] ACPI: Using IOAPIC for interrupt routing
Oct 25 19:56:53 debian kernel: [    0.357537] PCI: Using host bridge windows from ACPI; if necessary, use "pci=nocrs" and report a bug
Oct 25 19:56:53 debian kernel: [    0.357678] ACPI: Enabled 3 GPEs in block 00 to 0F
Oct 25 19:56:53 debian kernel: [    0.362223] ACPI: PCI Root Bridge [PCI0] (domain 0000 [bus 00-ff])
Oct 25 19:56:53 debian kernel: [    0.362227] acpi PNP0A03:00: _OSC: OS supports [ASPM ClockPM Segments MSI]
Oct 25 19:56:53 debian kernel: [    0.362230] acpi PNP0A03:00: _OSC failed (AE_NOT_FOUND); disabling ASPM
Oct 25 19:56:53 debian kernel: [    0.362237] acpi PNP0A03:00: fail to add MMCONFIG information, can't access extended PCI configuration space under this bridge.
Oct 25 19:56:53 debian kernel: [    0.362510] acpiphp: Slot [3] registered
Oct 25 19:56:53 debian kernel: [    0.362535] acpiphp: Slot [4] registered
Oct 25 19:56:53 debian kernel: [    0.362561] acpiphp: Slot [5] registered
Oct 25 19:56:53 debian kernel: [    0.362585] acpiphp: Slot [6] registered
Oct 25 19:56:53 debian kernel: [    0.362608] acpiphp: Slot [7] registered
Oct 25 19:56:53 debian kernel: [    0.362632] acpiphp: Slot [8] registered
Oct 25 19:56:53 debian kernel: [    0.362657] acpiphp: Slot [9] registered
Oct 25 19:56:53 debian kernel: [    0.362681] acpiphp: Slot [10] registered
Oct 25 19:56:53 debian kernel: [    0.362706] acpiphp: Slot [11] registered
Oct 25 19:56:53 debian kernel: [    0.362730] acpiphp: Slot [12] registered
Oct 25 19:56:53 debian kernel: [    0.362753] acpiphp: Slot [13] registered
Oct 25 19:56:53 debian kernel: [    0.362776] acpiphp: Slot [14] registered
Oct 25 19:56:53 debian kernel: [    0.362799] acpiphp: Slot [15] registered
Oct 25 19:56:53 debian kernel: [    0.362823] acpiphp: Slot [16] registered
Oct 25 19:56:53 debian kernel: [    0.362847] acpiphp: Slot [17] registered
Oct 25 19:56:53 debian kernel: [    0.362872] acpiphp: Slot [18] registered
Oct 25 19:56:53 debian kernel: [    0.362896] acpiphp: Slot [19] registered
Oct 25 19:56:53 debian kernel: [    0.362919] acpiphp: Slot [20] registered
Oct 25 19:56:53 debian kernel: [    0.362942] acpiphp: Slot [21] registered
Oct 25 19:56:53 debian kernel: [    0.362966] acpiphp: Slot [22] registered
Oct 25 19:56:53 debian kernel: [    0.362991] acpiphp: Slot [23] registered
Oct 25 19:56:53 debian kernel: [    0.363014] acpiphp: Slot [24] registered
Oct 25 19:56:53 debian kernel: [    0.363037] acpiphp: Slot [25] registered
Oct 25 19:56:53 debian kernel: [    0.363061] acpiphp: Slot [26] registered
Oct 25 19:56:53 debian kernel: [    0.363285] acpiphp: Slot [27] registered
Oct 25 19:56:53 debian kernel: [    0.363310] acpiphp: Slot [28] registered
Oct 25 19:56:53 debian kernel: [    0.363335] acpiphp: Slot [29] registered
Oct 25 19:56:53 debian kernel: [    0.363363] PCI host bridge to bus 0000:00
Oct 25 19:56:53 debian kernel: [    0.363365] pci_bus 0000:00: root bus resource [io  0x0000-0x0cf7 window]
Oct 25 19:56:53 debian kernel: [    0.363366] pci_bus 0000:00: root bus resource [io  0x0d00-0xffff window]
Oct 25 19:56:53 debian kernel: [    0.363367] pci_bus 0000:00: root bus resource [mem 0x000a0000-0x000bffff window]
Oct 25 19:56:53 debian kernel: [    0.363369] pci_bus 0000:00: root bus resource [mem 0x80000000-0xfebfffff window]
Oct 25 19:56:53 debian kernel: [    0.363370] pci_bus 0000:00: root bus resource [mem 0x100000000-0x17fffffff window]
Oct 25 19:56:53 debian kernel: [    0.363371] pci_bus 0000:00: root bus resource [bus 00-ff]
Oct 25 19:56:53 debian kernel: [    0.363395] pci 0000:00:00.0: [8086:1237] type 00 class 0x060000
Oct 25 19:56:53 debian kernel: [    0.363788] pci 0000:00:01.0: [8086:7000] type 00 class 0x060100
Oct 25 19:56:53 debian kernel: [    0.364405] pci 0000:00:01.1: [8086:7010] type 00 class 0x010180
Oct 25 19:56:53 debian kernel: [    0.366578] pci 0000:00:01.1: reg 0x20: [io  0xe160-0xe16f]
Oct 25 19:56:53 debian kernel: [    0.367383] pci 0000:00:01.1: legacy IDE quirk: reg 0x10: [io  0x01f0-0x01f7]
Oct 25 19:56:53 debian kernel: [    0.367385] pci 0000:00:01.1: legacy IDE quirk: reg 0x14: [io  0x03f6]
Oct 25 19:56:53 debian kernel: [    0.367386] pci 0000:00:01.1: legacy IDE quirk: reg 0x18: [io  0x0170-0x0177]
Oct 25 19:56:53 debian kernel: [    0.367387] pci 0000:00:01.1: legacy IDE quirk: reg 0x1c: [io  0x0376]
Oct 25 19:56:53 debian kernel: [    0.367537] pci 0000:00:01.2: [8086:7020] type 00 class 0x0c0300
Oct 25 19:56:53 debian kernel: [    0.369535] pci 0000:00:01.2: reg 0x20: [io  0xe140-0xe15f]
Oct 25 19:56:53 debian kernel: [    0.370488] pci 0000:00:01.3: [8086:7113] type 00 class 0x068000
Oct 25 19:56:53 debian kernel: [    0.370768] pci 0000:00:01.3: quirk: [io  0x0600-0x063f] claimed by PIIX4 ACPI
Oct 25 19:56:53 debian kernel: [    0.370774] pci 0000:00:01.3: quirk: [io  0x0700-0x070f] claimed by PIIX4 SMB
Oct 25 19:56:53 debian kernel: [    0.370942] pci 0000:00:02.0: [1234:1111] type 00 class 0x030000
Oct 25 19:56:53 debian kernel: [    0.372174] pci 0000:00:02.0: reg 0x10: [mem 0xfd000000-0xfdffffff pref]
Oct 25 19:56:53 debian kernel: [    0.374048] pci 0000:00:02.0: reg 0x18: [mem 0xfea50000-0xfea50fff]
Oct 25 19:56:53 debian kernel: [    0.377990] pci 0000:00:02.0: reg 0x30: [mem 0xfea40000-0xfea4ffff pref]
Oct 25 19:56:53 debian kernel: [    0.378225] pci 0000:00:05.0: [1af4:1004] type 00 class 0x010000
Oct 25 19:56:53 debian kernel: [    0.380296] pci 0000:00:05.0: reg 0x10: [io  0xe100-0xe13f]
Oct 25 19:56:53 debian kernel: [    0.381501] pci 0000:00:05.0: reg 0x14: [mem 0xfea51000-0xfea51fff]
Oct 25 19:56:53 debian kernel: [    0.384912] pci 0000:00:05.0: reg 0x20: [mem 0xfe400000-0xfe403fff 64bit pref]
Oct 25 19:56:53 debian kernel: [    0.388171] pci 0000:00:12.0: [10ec:8139] type 00 class 0x020000
Oct 25 19:56:53 debian kernel: [    0.389115] pci 0000:00:12.0: reg 0x10: [io  0xe000-0xe0ff]
Oct 25 19:56:53 debian kernel: [    0.389871] pci 0000:00:12.0: reg 0x14: [mem 0xfea52000-0xfea520ff]
Oct 25 19:56:53 debian kernel: [    0.393563] pci 0000:00:12.0: reg 0x30: [mem 0xfea00000-0xfea3ffff pref]
Oct 25 19:56:53 debian kernel: [    0.393812] pci 0000:00:1e.0: [1b36:0001] type 01 class 0x060400
Oct 25 19:56:53 debian kernel: [    0.395226] pci 0000:00:1e.0: reg 0x10: [mem 0xfea53000-0xfea530ff 64bit]
Oct 25 19:56:53 debian kernel: [    0.396458] pci 0000:00:1f.0: [1b36:0001] type 01 class 0x060400
Oct 25 19:56:53 debian kernel: [    0.397864] pci 0000:00:1f.0: reg 0x10: [mem 0xfea54000-0xfea540ff 64bit]
Oct 25 19:56:53 debian kernel: [    0.400318] pci_bus 0000:01: extended config space not accessible
Oct 25 19:56:53 debian kernel: [    0.400597] acpiphp: Slot [0] registered
Oct 25 19:56:53 debian kernel: [    0.400622] acpiphp: Slot [1] registered
Oct 25 19:56:53 debian kernel: [    0.400647] acpiphp: Slot [2] registered
Oct 25 19:56:53 debian kernel: [    0.400675] acpiphp: Slot [3-2] registered
Oct 25 19:56:53 debian kernel: [    0.400702] acpiphp: Slot [4-2] registered
Oct 25 19:56:53 debian kernel: [    0.400729] acpiphp: Slot [5-2] registered
Oct 25 19:56:53 debian kernel: [    0.400755] acpiphp: Slot [6-2] registered
Oct 25 19:56:53 debian kernel: [    0.400782] acpiphp: Slot [7-2] registered
Oct 25 19:56:53 debian kernel: [    0.400813] acpiphp: Slot [8-2] registered
Oct 25 19:56:53 debian kernel: [    0.400841] acpiphp: Slot [9-2] registered
Oct 25 19:56:53 debian kernel: [    0.400868] acpiphp: Slot [10-2] registered
Oct 25 19:56:53 debian kernel: [    0.400895] acpiphp: Slot [11-2] registered
Oct 25 19:56:53 debian kernel: [    0.400959] acpiphp: Slot [12-2] registered
Oct 25 19:56:53 debian kernel: [    0.400987] acpiphp: Slot [13-2] registered
Oct 25 19:56:53 debian kernel: [    0.401015] acpiphp: Slot [14-2] registered
Oct 25 19:56:53 debian kernel: [    0.401043] acpiphp: Slot [15-2] registered
Oct 25 19:56:53 debian kernel: [    0.401070] acpiphp: Slot [16-2] registered
Oct 25 19:56:53 debian kernel: [    0.401097] acpiphp: Slot [17-2] registered
Oct 25 19:56:53 debian kernel: [    0.401124] acpiphp: Slot [18-2] registered
Oct 25 19:56:53 debian kernel: [    0.401151] acpiphp: Slot [19-2] registered
Oct 25 19:56:53 debian kernel: [    0.401179] acpiphp: Slot [20-2] registered
Oct 25 19:56:53 debian kernel: [    0.401207] acpiphp: Slot [21-2] registered
Oct 25 19:56:53 debian kernel: [    0.401234] acpiphp: Slot [22-2] registered
Oct 25 19:56:53 debian kernel: [    0.401261] acpiphp: Slot [23-2] registered
Oct 25 19:56:53 debian kernel: [    0.401287] acpiphp: Slot [24-2] registered
Oct 25 19:56:53 debian kernel: [    0.401314] acpiphp: Slot [25-2] registered
Oct 25 19:56:53 debian kernel: [    0.401343] acpiphp: Slot [26-2] registered
Oct 25 19:56:53 debian kernel: [    0.401370] acpiphp: Slot [27-2] registered
Oct 25 19:56:53 debian kernel: [    0.401397] acpiphp: Slot [28-2] registered
Oct 25 19:56:53 debian kernel: [    0.401424] acpiphp: Slot [29-2] registered
Oct 25 19:56:53 debian kernel: [    0.401448] acpiphp: Slot [30] registered
Oct 25 19:56:53 debian kernel: [    0.401472] acpiphp: Slot [31] registered
Oct 25 19:56:53 debian kernel: [    0.401624] pci 0000:00:1e.0: PCI bridge to [bus 01]
Oct 25 19:56:53 debian kernel: [    0.401635] pci 0000:00:1e.0:   bridge window [io  0xd000-0xdfff]
Oct 25 19:56:53 debian kernel: [    0.401645] pci 0000:00:1e.0:   bridge window [mem 0xfe800000-0xfe9fffff]
Oct 25 19:56:53 debian kernel: [    0.401665] pci 0000:00:1e.0:   bridge window [mem 0xfe200000-0xfe3fffff 64bit pref]
Oct 25 19:56:53 debian kernel: [    0.402219] pci_bus 0000:02: extended config space not accessible
Oct 25 19:56:53 debian kernel: [    0.402498] acpiphp: Slot [0-2] registered
Oct 25 19:56:53 debian kernel: [    0.402526] acpiphp: Slot [1-2] registered
Oct 25 19:56:53 debian kernel: [    0.402553] acpiphp: Slot [2-2] registered
Oct 25 19:56:53 debian kernel: [    0.402580] acpiphp: Slot [3-3] registered
Oct 25 19:56:53 debian kernel: [    0.402610] acpiphp: Slot [4-3] registered
Oct 25 19:56:53 debian kernel: [    0.402637] acpiphp: Slot [5-3] registered
Oct 25 19:56:53 debian kernel: [    0.402665] acpiphp: Slot [6-3] registered
Oct 25 19:56:53 debian kernel: [    0.402693] acpiphp: Slot [7-3] registered
Oct 25 19:56:53 debian kernel: [    0.402720] acpiphp: Slot [8-3] registered
Oct 25 19:56:53 debian kernel: [    0.402747] acpiphp: Slot [9-3] registered
Oct 25 19:56:53 debian kernel: [    0.402774] acpiphp: Slot [10-3] registered
Oct 25 19:56:53 debian kernel: [    0.402802] acpiphp: Slot [11-3] registered
Oct 25 19:56:53 debian kernel: [    0.402830] acpiphp: Slot [12-3] registered
Oct 25 19:56:53 debian kernel: [    0.402857] acpiphp: Slot [13-3] registered
Oct 25 19:56:53 debian kernel: [    0.402885] acpiphp: Slot [14-3] registered
Oct 25 19:56:53 debian kernel: [    0.402912] acpiphp: Slot [15-3] registered
Oct 25 19:56:53 debian kernel: [    0.402939] acpiphp: Slot [16-3] registered
Oct 25 19:56:53 debian kernel: [    0.402967] acpiphp: Slot [17-3] registered
Oct 25 19:56:53 debian kernel: [    0.402996] acpiphp: Slot [18-3] registered
Oct 25 19:56:53 debian kernel: [    0.403024] acpiphp: Slot [19-3] registered
Oct 25 19:56:53 debian kernel: [    0.403051] acpiphp: Slot [20-3] registered
Oct 25 19:56:53 debian kernel: [    0.403079] acpiphp: Slot [21-3] registered
Oct 25 19:56:53 debian kernel: [    0.403106] acpiphp: Slot [22-3] registered
Oct 25 19:56:53 debian kernel: [    0.403134] acpiphp: Slot [23-3] registered
Oct 25 19:56:53 debian kernel: [    0.403162] acpiphp: Slot [24-3] registered
Oct 25 19:56:53 debian kernel: [    0.403190] acpiphp: Slot [25-3] registered
Oct 25 19:56:53 debian kernel: [    0.403218] acpiphp: Slot [26-3] registered
Oct 25 19:56:53 debian kernel: [    0.403245] acpiphp: Slot [27-3] registered
Oct 25 19:56:53 debian kernel: [    0.403273] acpiphp: Slot [28-3] registered
Oct 25 19:56:53 debian kernel: [    0.403301] acpiphp: Slot [29-3] registered
Oct 25 19:56:53 debian kernel: [    0.403329] acpiphp: Slot [30-2] registered
Oct 25 19:56:53 debian kernel: [    0.403357] acpiphp: Slot [31-2] registered
Oct 25 19:56:53 debian kernel: [    0.403745] pci 0000:00:1f.0: PCI bridge to [bus 02]
Oct 25 19:56:53 debian kernel: [    0.403756] pci 0000:00:1f.0:   bridge window [io  0xc000-0xcfff]
Oct 25 19:56:53 debian kernel: [    0.403767] pci 0000:00:1f.0:   bridge window [mem 0xfe600000-0xfe7fffff]
Oct 25 19:56:53 debian kernel: [    0.403786] pci 0000:00:1f.0:   bridge window [mem 0xfe000000-0xfe1fffff 64bit pref]
Oct 25 19:56:53 debian kernel: [    0.405435] ACPI: PCI Interrupt Link [LNKA] (IRQs 5 *10 11)
Oct 25 19:56:53 debian kernel: [    0.405517] ACPI: PCI Interrupt Link [LNKB] (IRQs 5 *10 11)
Oct 25 19:56:53 debian kernel: [    0.405587] ACPI: PCI Interrupt Link [LNKC] (IRQs 5 10 *11)
Oct 25 19:56:53 debian kernel: [    0.405655] ACPI: PCI Interrupt Link [LNKD] (IRQs 5 10 *11)
Oct 25 19:56:53 debian kernel: [    0.405693] ACPI: PCI Interrupt Link [LNKS] (IRQs *9)
Oct 25 19:56:53 debian kernel: [    0.405966] pci 0000:00:02.0: vgaarb: setting as boot VGA device
Oct 25 19:56:53 debian kernel: [    0.405966] pci 0000:00:02.0: vgaarb: VGA device added: decodes=io+mem,owns=io+mem,locks=none
Oct 25 19:56:53 debian kernel: [    0.405966] pci 0000:00:02.0: vgaarb: bridge control possible
Oct 25 19:56:53 debian kernel: [    0.405966] vgaarb: loaded
Oct 25 19:56:53 debian kernel: [    0.405966] pps_core: LinuxPPS API ver. 1 registered
Oct 25 19:56:53 debian kernel: [    0.405966] pps_core: Software ver. 5.3.6 - Copyright 2005-2007 Rodolfo Giometti <giometti@linux.it>
Oct 25 19:56:53 debian kernel: [    0.405966] PTP clock support registered
Oct 25 19:56:53 debian kernel: [    0.405966] EDAC MC: Ver: 3.0.0
Oct 25 19:56:53 debian kernel: [    0.405966] PCI: Using ACPI for IRQ routing
Oct 25 19:56:53 debian kernel: [    0.405966] PCI: pci_cache_line_size set to 64 bytes
Oct 25 19:56:53 debian kernel: [    0.405966] e820: reserve RAM buffer [mem 0x0009fc00-0x0009ffff]
Oct 25 19:56:53 debian kernel: [    0.405966] e820: reserve RAM buffer [mem 0x7ffdb000-0x7fffffff]
Oct 25 19:56:53 debian kernel: [    0.405966] HPET: 3 timers in total, 0 timers will be used for per-cpu timer
Oct 25 19:56:53 debian kernel: [    0.405966] hpet0: at MMIO 0xfed00000, IRQs 2, 8, 0
Oct 25 19:56:53 debian kernel: [    0.405966] hpet0: 3 comparators, 64-bit 100.000000 MHz counter
Oct 25 19:56:53 debian kernel: [    0.409782] clocksource: Switched to clocksource kvm-clock
Oct 25 19:56:53 debian kernel: [    0.419324] VFS: Disk quotas dquot_6.6.0
Oct 25 19:56:53 debian kernel: [    0.419342] VFS: Dquot-cache hash table entries: 512 (order 0, 4096 bytes)
Oct 25 19:56:53 debian kernel: [    0.419450] AppArmor: AppArmor Filesystem Enabled
Oct 25 19:56:53 debian kernel: [    0.419471] pnp: PnP ACPI init
Oct 25 19:56:53 debian kernel: [    0.419534] pnp 00:00: Plug and Play ACPI device, IDs PNP0b00 (active)
Oct 25 19:56:53 debian kernel: [    0.419569] pnp 00:01: Plug and Play ACPI device, IDs PNP0303 (active)
Oct 25 19:56:53 debian kernel: [    0.419593] pnp 00:02: Plug and Play ACPI device, IDs PNP0f13 (active)
Oct 25 19:56:53 debian kernel: [    0.419601] pnp 00:03: [dma 2]
Oct 25 19:56:53 debian kernel: [    0.419614] pnp 00:03: Plug and Play ACPI device, IDs PNP0700 (active)
Oct 25 19:56:53 debian kernel: [    0.419935] pnp: PnP ACPI: found 4 devices
Oct 25 19:56:53 debian kernel: [    0.427901] clocksource: acpi_pm: mask: 0xffffff max_cycles: 0xffffff, max_idle_ns: 2085701024 ns
Oct 25 19:56:53 debian kernel: [    0.428948] pci 0000:00:1e.0: PCI bridge to [bus 01]
Oct 25 19:56:53 debian kernel: [    0.428957] pci 0000:00:1e.0:   bridge window [io  0xd000-0xdfff]
Oct 25 19:56:53 debian kernel: [    0.429614] pci 0000:00:1e.0:   bridge window [mem 0xfe800000-0xfe9fffff]
Oct 25 19:56:53 debian kernel: [    0.430054] pci 0000:00:1e.0:   bridge window [mem 0xfe200000-0xfe3fffff 64bit pref]
Oct 25 19:56:53 debian kernel: [    0.430959] pci 0000:00:1f.0: PCI bridge to [bus 02]
Oct 25 19:56:53 debian kernel: [    0.430968] pci 0000:00:1f.0:   bridge window [io  0xc000-0xcfff]
Oct 25 19:56:53 debian kernel: [    0.431622] pci 0000:00:1f.0:   bridge window [mem 0xfe600000-0xfe7fffff]
Oct 25 19:56:53 debian kernel: [    0.432074] pci 0000:00:1f.0:   bridge window [mem 0xfe000000-0xfe1fffff 64bit pref]
Oct 25 19:56:53 debian kernel: [    0.433000] pci_bus 0000:00: resource 4 [io  0x0000-0x0cf7 window]
Oct 25 19:56:53 debian kernel: [    0.433002] pci_bus 0000:00: resource 5 [io  0x0d00-0xffff window]
Oct 25 19:56:53 debian kernel: [    0.433003] pci_bus 0000:00: resource 6 [mem 0x000a0000-0x000bffff window]
Oct 25 19:56:53 debian kernel: [    0.433004] pci_bus 0000:00: resource 7 [mem 0x80000000-0xfebfffff window]
Oct 25 19:56:53 debian kernel: [    0.433006] pci_bus 0000:00: resource 8 [mem 0x100000000-0x17fffffff window]
Oct 25 19:56:53 debian kernel: [    0.433007] pci_bus 0000:01: resource 0 [io  0xd000-0xdfff]
Oct 25 19:56:53 debian kernel: [    0.433008] pci_bus 0000:01: resource 1 [mem 0xfe800000-0xfe9fffff]
Oct 25 19:56:53 debian kernel: [    0.433009] pci_bus 0000:01: resource 2 [mem 0xfe200000-0xfe3fffff 64bit pref]
Oct 25 19:56:53 debian kernel: [    0.433010] pci_bus 0000:02: resource 0 [io  0xc000-0xcfff]
Oct 25 19:56:53 debian kernel: [    0.433011] pci_bus 0000:02: resource 1 [mem 0xfe600000-0xfe7fffff]
Oct 25 19:56:53 debian kernel: [    0.433012] pci_bus 0000:02: resource 2 [mem 0xfe000000-0xfe1fffff 64bit pref]
Oct 25 19:56:53 debian kernel: [    0.433107] NET: Registered protocol family 2
Oct 25 19:56:53 debian kernel: [    0.433261] tcp_listen_portaddr_hash hash table entries: 1024 (order: 2, 16384 bytes)
Oct 25 19:56:53 debian kernel: [    0.433272] TCP established hash table entries: 16384 (order: 5, 131072 bytes)
Oct 25 19:56:53 debian kernel: [    0.433318] TCP bind hash table entries: 16384 (order: 6, 262144 bytes)
Oct 25 19:56:53 debian kernel: [    0.433395] TCP: Hash tables configured (established 16384 bind 16384)
Oct 25 19:56:53 debian kernel: [    0.433441] UDP hash table entries: 1024 (order: 3, 32768 bytes)
Oct 25 19:56:53 debian kernel: [    0.433455] UDP-Lite hash table entries: 1024 (order: 3, 32768 bytes)
Oct 25 19:56:53 debian kernel: [    0.433503] NET: Registered protocol family 1
Oct 25 19:56:53 debian kernel: [    0.433508] NET: Registered protocol family 44
Oct 25 19:56:53 debian kernel: [    0.433527] pci 0000:00:01.0: PIIX3: Enabling Passive Release
Oct 25 19:56:53 debian kernel: [    0.433536] pci 0000:00:00.0: Limiting direct PCI/PCI transfers
Oct 25 19:56:53 debian kernel: [    0.433546] pci 0000:00:01.0: Activating ISA DMA hang workarounds
Oct 25 19:56:53 debian kernel: [    0.452929] PCI Interrupt Link [LNKD] enabled at IRQ 11
Oct 25 19:56:53 debian kernel: [    0.472511] pci 0000:00:01.2: quirk_usb_early_handoff+0x0/0x6c1 took 38031 usecs
Oct 25 19:56:53 debian kernel: [    0.472552] pci 0000:00:02.0: Video device with shadowed ROM at [mem 0x000c0000-0x000dffff]
Oct 25 19:56:53 debian kernel: [    0.472583] PCI: CLS 0 bytes, default 64
Oct 25 19:56:53 debian kernel: [    0.472626] Unpacking initramfs...
Oct 25 19:56:53 debian kernel: [    0.937793] Freeing initrd memory: 29232K
Oct 25 19:56:53 debian kernel: [    0.938573] Initialise system trusted keyrings
Oct 25 19:56:53 debian kernel: [    0.938582] Key type blacklist registered
Oct 25 19:56:53 debian kernel: [    0.938699] workingset: timestamp_bits=40 max_order=19 bucket_order=0
Oct 25 19:56:53 debian kernel: [    0.940148] zbud: loaded
Oct 25 19:56:53 debian kernel: [    1.132819] Key type asymmetric registered
Oct 25 19:56:53 debian kernel: [    1.132821] Asymmetric key parser 'x509' registered
Oct 25 19:56:53 debian kernel: [    1.132832] Block layer SCSI generic (bsg) driver version 0.4 loaded (major 247)
Oct 25 19:56:53 debian kernel: [    1.132898] io scheduler noop registered
Oct 25 19:56:53 debian kernel: [    1.132900] io scheduler deadline registered
Oct 25 19:56:53 debian kernel: [    1.132936] io scheduler cfq registered (default)
Oct 25 19:56:53 debian kernel: [    1.132937] io scheduler mq-deadline registered
Oct 25 19:56:53 debian kernel: [    1.133128] shpchp 0000:00:1e.0: Requesting control of SHPC hotplug via OSHP (\_SB_.PCI0.SF0_)
Oct 25 19:56:53 debian kernel: [    1.133135] shpchp 0000:00:1e.0: Requesting control of SHPC hotplug via OSHP (\_SB_.PCI0)
Oct 25 19:56:53 debian kernel: [    1.133139] shpchp 0000:00:1e.0: Cannot get control of SHPC hotplug
Oct 25 19:56:53 debian kernel: [    1.133169] shpchp 0000:00:1f.0: Requesting control of SHPC hotplug via OSHP (\_SB_.PCI0.SF8_)
Oct 25 19:56:53 debian kernel: [    1.133172] shpchp 0000:00:1f.0: Requesting control of SHPC hotplug via OSHP (\_SB_.PCI0)
Oct 25 19:56:53 debian kernel: [    1.133174] shpchp 0000:00:1f.0: Cannot get control of SHPC hotplug
Oct 25 19:56:53 debian kernel: [    1.133183] shpchp: Standard Hot Plug PCI Controller Driver version: 0.4
Oct 25 19:56:53 debian kernel: [    1.133380] Serial: 8250/16550 driver, 4 ports, IRQ sharing enabled
Oct 25 19:56:53 debian kernel: [    1.133888] Linux agpgart interface v0.103
Oct 25 19:56:53 debian kernel: [    1.133964] AMD IOMMUv2 driver by Joerg Roedel <jroedel@suse.de>
Oct 25 19:56:53 debian kernel: [    1.133965] AMD IOMMUv2 functionality not available on this system
Oct 25 19:56:53 debian kernel: [    1.134174] i8042: PNP: PS/2 Controller [PNP0303:KBD,PNP0f13:MOU] at 0x60,0x64 irq 1,12
Oct 25 19:56:53 debian kernel: [    1.134812] serio: i8042 KBD port at 0x60,0x64 irq 1
Oct 25 19:56:53 debian kernel: [    1.134816] serio: i8042 AUX port at 0x60,0x64 irq 12
Oct 25 19:56:53 debian kernel: [    1.134953] mousedev: PS/2 mouse device common for all mice
Oct 25 19:56:53 debian kernel: [    1.135009] rtc_cmos 00:00: RTC can wake from S4
Oct 25 19:56:53 debian kernel: [    1.135376] rtc_cmos 00:00: registered as rtc0
Oct 25 19:56:53 debian kernel: [    1.135390] rtc_cmos 00:00: alarms up to one day, y3k, 114 bytes nvram, hpet irqs
Oct 25 19:56:53 debian kernel: [    1.135456] ledtrig-cpu: registered to indicate activity on CPUs
Oct 25 19:56:53 debian kernel: [    1.135674] input: AT Translated Set 2 keyboard as /devices/platform/i8042/serio0/input/input0
Oct 25 19:56:53 debian kernel: [    1.136048] NET: Registered protocol family 10
Oct 25 19:56:53 debian kernel: [    1.142905] Segment Routing with IPv6
Oct 25 19:56:53 debian kernel: [    1.142927] mip6: Mobile IPv6
Oct 25 19:56:53 debian kernel: [    1.142928] NET: Registered protocol family 17
Oct 25 19:56:53 debian kernel: [    1.142986] mpls_gso: MPLS GSO support
Oct 25 19:56:53 debian kernel: [    1.143124] mce: Using 10 MCE banks
Oct 25 19:56:53 debian kernel: [    1.143140] sched_clock: Marking stable (1130641108, 12465120)->(1144037049, -930821)
Oct 25 19:56:53 debian kernel: [    1.143515] registered taskstats version 1
Oct 25 19:56:53 debian kernel: [    1.143516] Loading compiled-in X.509 certificates
Oct 25 19:56:53 debian kernel: [    1.187743] Loaded X.509 cert 'Debian Secure Boot CA: 6ccece7e4c6c0d1f6149f3dd27dfcc5cbb419ea1'
Oct 25 19:56:53 debian kernel: [    1.187768] Loaded X.509 cert 'Debian Secure Boot Signer: 00a7468def'
Oct 25 19:56:53 debian kernel: [    1.187803] zswap: loaded using pool lzo/zbud
Oct 25 19:56:53 debian kernel: [    1.187969] AppArmor: AppArmor sha1 policy hashing enabled
Oct 25 19:56:53 debian kernel: [    1.188309] rtc_cmos 00:00: setting system clock to 2020-10-25 22:56:43 UTC (1603666603)
Oct 25 19:56:53 debian kernel: [    1.190342] Freeing unused kernel image memory: 1588K
Oct 25 19:56:53 debian kernel: [    1.207770] Write protecting the kernel read-only data: 16384k
Oct 25 19:56:53 debian kernel: [    1.208593] Freeing unused kernel image memory: 2028K
Oct 25 19:56:53 debian kernel: [    1.208866] Freeing unused kernel image memory: 780K
Oct 25 19:56:53 debian kernel: [    1.217532] x86/mm: Checked W+X mappings: passed, no W+X pages found.
Oct 25 19:56:53 debian kernel: [    1.217534] Run /init as init process
Oct 25 19:56:53 debian kernel: [    1.296951] 8139cp: 8139cp: 10/100 PCI Ethernet driver v1.3 (Mar 22, 2004)
Oct 25 19:56:53 debian kernel: [    1.300438] FDC 0 is a S82078B
Oct 25 19:56:53 debian kernel: [    1.301638] input: VirtualPS/2 VMware VMMouse as /devices/platform/i8042/serio1/input/input3
Oct 25 19:56:53 debian kernel: [    1.301943] input: VirtualPS/2 VMware VMMouse as /devices/platform/i8042/serio1/input/input2
Oct 25 19:56:53 debian kernel: [    1.310274] ACPI: bus type USB registered
Oct 25 19:56:53 debian kernel: [    1.310295] usbcore: registered new interface driver usbfs
Oct 25 19:56:53 debian kernel: [    1.310304] usbcore: registered new interface driver hub
Oct 25 19:56:53 debian kernel: [    1.311728] SCSI subsystem initialized
Oct 25 19:56:53 debian kernel: [    1.320028] usbcore: registered new device driver usb
Oct 25 19:56:53 debian kernel: [    1.323758] ehci_hcd: USB 2.0 'Enhanced' Host Controller (EHCI) Driver
Oct 25 19:56:53 debian kernel: [    1.325902] uhci_hcd: USB Universal Host Controller Interface driver
Oct 25 19:56:53 debian kernel: [    1.328575] libata version 3.00 loaded.
Oct 25 19:56:53 debian kernel: [    1.330125] ata_piix 0000:00:01.1: version 2.13
Oct 25 19:56:53 debian kernel: [    1.331047] scsi host0: ata_piix
Oct 25 19:56:53 debian kernel: [    1.331150] scsi host1: ata_piix
Oct 25 19:56:53 debian kernel: [    1.331187] ata1: PATA max MWDMA2 cmd 0x1f0 ctl 0x3f6 bmdma 0xe160 irq 14
Oct 25 19:56:53 debian kernel: [    1.331188] ata2: PATA max MWDMA2 cmd 0x170 ctl 0x376 bmdma 0xe168 irq 15
Oct 25 19:56:53 debian kernel: [    1.338766] piix4_smbus 0000:00:01.3: SMBus Host Controller at 0x700, revision 0
Oct 25 19:56:53 debian kernel: [    1.378186] PCI Interrupt Link [LNKB] enabled at IRQ 10
Oct 25 19:56:53 debian kernel: [    1.378320] PCI Interrupt Link [LNKA] enabled at IRQ 10
Oct 25 19:56:53 debian kernel: [    1.379608] uhci_hcd 0000:00:01.2: UHCI Host Controller
Oct 25 19:56:53 debian kernel: [    1.379615] uhci_hcd 0000:00:01.2: new USB bus registered, assigned bus number 1
Oct 25 19:56:53 debian kernel: [    1.379631] uhci_hcd 0000:00:01.2: detected 2 ports
Oct 25 19:56:53 debian kernel: [    1.379758] uhci_hcd 0000:00:01.2: irq 11, io base 0x0000e140
Oct 25 19:56:53 debian kernel: [    1.379845] usb usb1: New USB device found, idVendor=1d6b, idProduct=0001, bcdDevice= 4.19
