Nov  1 00:40:48 debian rsyslogd:  [origin software="rsyslogd" swVersion="8.1901.0" x-pid="392" x-info="https://www.rsyslog.com"] rsyslogd was HUPed
Nov  1 00:48:40 debian kernel: [    0.000000] Linux version 4.19.0-9-amd64 (debian-kernel@lists.debian.org) (gcc version 8.3.0 (Debian 8.3.0-6)) #1 SMP Debian 4.19.118-2+deb10u1 (2020-06-07)
Nov  1 00:48:40 debian kernel: [    0.000000] Command line: BOOT_IMAGE=/boot/vmlinuz-4.19.0-9-amd64 root=UUID=cd2cb4ca-39bd-4522-919c-e4ceb81b5ae8 ro quiet
Nov  1 00:48:40 debian kernel: [    0.000000] x86/fpu: x87 FPU will use FXSAVE
Nov  1 00:48:40 debian kernel: [    0.000000] BIOS-provided physical RAM map:
Nov  1 00:48:40 debian kernel: [    0.000000] BIOS-e820: [mem 0x0000000000000000-0x000000000009fbff] usable
Nov  1 00:48:40 debian kernel: [    0.000000] BIOS-e820: [mem 0x000000000009fc00-0x000000000009ffff] reserved
Nov  1 00:48:40 debian kernel: [    0.000000] BIOS-e820: [mem 0x00000000000f0000-0x00000000000fffff] reserved
Nov  1 00:48:40 debian kernel: [    0.000000] BIOS-e820: [mem 0x0000000000100000-0x000000007ffdafff] usable
Nov  1 00:48:40 debian kernel: [    0.000000] BIOS-e820: [mem 0x000000007ffdb000-0x000000007fffffff] reserved
Nov  1 00:48:40 debian kernel: [    0.000000] BIOS-e820: [mem 0x00000000feffc000-0x00000000feffffff] reserved
Nov  1 00:48:40 debian kernel: [    0.000000] BIOS-e820: [mem 0x00000000fffc0000-0x00000000ffffffff] reserved
Nov  1 00:48:40 debian kernel: [    0.000000] NX (Execute Disable) protection: active
Nov  1 00:48:40 debian kernel: [    0.000000] SMBIOS 2.8 present.
Nov  1 00:48:40 debian kernel: [    0.000000] DMI: QEMU Standard PC (i440FX + PIIX, 1996), BIOS rel-1.12.1-0-ga5cab58e9a3f-prebuilt.qemu.org 04/01/2014
Nov  1 00:48:40 debian kernel: [    0.000000] Hypervisor detected: KVM
Nov  1 00:48:40 debian kernel: [    0.000000] kvm-clock: Using msrs 4b564d01 and 4b564d00
Nov  1 00:48:40 debian kernel: [    0.000000] kvm-clock: cpu 0, msr 485e8001, primary cpu clock
Nov  1 00:48:40 debian kernel: [    0.000000] kvm-clock: using sched offset of 9316332875 cycles
Nov  1 00:48:40 debian kernel: [    0.000002] clocksource: kvm-clock: mask: 0xffffffffffffffff max_cycles: 0x1cd42e4dffb, max_idle_ns: 881590591483 ns
Nov  1 00:48:40 debian kernel: [    0.000005] tsc: Detected 3013.426 MHz processor
Nov  1 00:48:40 debian kernel: [    0.033568] AGP: No AGP bridge found
Nov  1 00:48:40 debian kernel: [    0.033850] last_pfn = 0x7ffdb max_arch_pfn = 0x400000000
Nov  1 00:48:40 debian kernel: [    0.033915] x86/PAT: Configuration [0-7]: WB  WC  UC- UC  WB  WP  UC- WT  
Nov  1 00:48:40 debian kernel: [    0.036017] found SMP MP-table at [mem 0x000f5ae0-0x000f5aef]
Nov  1 00:48:40 debian kernel: [    0.036287] RAMDISK: [mem 0x346d7000-0x36362fff]
Nov  1 00:48:40 debian kernel: [    0.036301] ACPI: Early table checksum verification disabled
Nov  1 00:48:40 debian kernel: [    0.036347] ACPI: RSDP 0x00000000000F5900 000014 (v00 BOCHS )
Nov  1 00:48:40 debian kernel: [    0.036356] ACPI: RSDT 0x000000007FFE14E4 000034 (v01 BOCHS  BXPCRSDT 00000001 BXPC 00000001)
Nov  1 00:48:40 debian kernel: [    0.036362] ACPI: FACP 0x000000007FFE12EE 000074 (v01 BOCHS  BXPCFACP 00000001 BXPC 00000001)
Nov  1 00:48:40 debian kernel: [    0.036366] ACPI: DSDT 0x000000007FFDF040 0022AE (v01 BOCHS  BXPCDSDT 00000001 BXPC 00000001)
Nov  1 00:48:40 debian kernel: [    0.036369] ACPI: FACS 0x000000007FFDF000 000040
Nov  1 00:48:40 debian kernel: [    0.036371] ACPI: APIC 0x000000007FFE1362 000080 (v01 BOCHS  BXPCAPIC 00000001 BXPC 00000001)
Nov  1 00:48:40 debian kernel: [    0.036373] ACPI: SSDT 0x000000007FFE13E2 0000CA (v01 BOCHS  VMGENID  00000001 BXPC 00000001)
Nov  1 00:48:40 debian kernel: [    0.036376] ACPI: HPET 0x000000007FFE14AC 000038 (v01 BOCHS  BXPCHPET 00000001 BXPC 00000001)
Nov  1 00:48:40 debian kernel: [    0.036600] No NUMA configuration found
Nov  1 00:48:40 debian kernel: [    0.036601] Faking a node at [mem 0x0000000000000000-0x000000007ffdafff]
Nov  1 00:48:40 debian kernel: [    0.036605] NODE_DATA(0) allocated [mem 0x7ffd6000-0x7ffdafff]
Nov  1 00:48:40 debian kernel: [    0.036680] Zone ranges:
Nov  1 00:48:40 debian kernel: [    0.036681]   DMA      [mem 0x0000000000001000-0x0000000000ffffff]
Nov  1 00:48:40 debian kernel: [    0.036682]   DMA32    [mem 0x0000000001000000-0x000000007ffdafff]
Nov  1 00:48:40 debian kernel: [    0.036683]   Normal   empty
Nov  1 00:48:40 debian kernel: [    0.036684]   Device   empty
Nov  1 00:48:40 debian kernel: [    0.036685] Movable zone start for each node
Nov  1 00:48:40 debian kernel: [    0.036686] Early memory node ranges
Nov  1 00:48:40 debian kernel: [    0.036686]   node   0: [mem 0x0000000000001000-0x000000000009efff]
Nov  1 00:48:40 debian kernel: [    0.036687]   node   0: [mem 0x0000000000100000-0x000000007ffdafff]
Nov  1 00:48:40 debian kernel: [    0.037322] Zeroed struct page in unavailable ranges: 135 pages
Nov  1 00:48:40 debian kernel: [    0.037323] Initmem setup node 0 [mem 0x0000000000001000-0x000000007ffdafff]
Nov  1 00:48:40 debian kernel: [    0.051269] ACPI: PM-Timer IO Port: 0x608
Nov  1 00:48:40 debian kernel: [    0.051281] ACPI: LAPIC_NMI (acpi_id[0xff] dfl dfl lint[0x1])
Nov  1 00:48:40 debian kernel: [    0.051321] IOAPIC[0]: apic_id 0, version 17, address 0xfec00000, GSI 0-23
Nov  1 00:48:40 debian kernel: [    0.051324] ACPI: INT_SRC_OVR (bus 0 bus_irq 0 global_irq 2 dfl dfl)
Nov  1 00:48:40 debian kernel: [    0.051325] ACPI: INT_SRC_OVR (bus 0 bus_irq 5 global_irq 5 high level)
Nov  1 00:48:40 debian kernel: [    0.051326] ACPI: INT_SRC_OVR (bus 0 bus_irq 9 global_irq 9 high level)
Nov  1 00:48:40 debian kernel: [    0.051327] ACPI: INT_SRC_OVR (bus 0 bus_irq 10 global_irq 10 high level)
Nov  1 00:48:40 debian kernel: [    0.051328] ACPI: INT_SRC_OVR (bus 0 bus_irq 11 global_irq 11 high level)
Nov  1 00:48:40 debian kernel: [    0.051332] Using ACPI (MADT) for SMP configuration information
Nov  1 00:48:40 debian kernel: [    0.051334] ACPI: HPET id: 0x8086a201 base: 0xfed00000
Nov  1 00:48:40 debian kernel: [    0.051342] smpboot: Allowing 2 CPUs, 0 hotplug CPUs
Nov  1 00:48:40 debian kernel: [    0.051362] PM: Registered nosave memory: [mem 0x00000000-0x00000fff]
Nov  1 00:48:40 debian kernel: [    0.051364] PM: Registered nosave memory: [mem 0x0009f000-0x0009ffff]
Nov  1 00:48:40 debian kernel: [    0.051364] PM: Registered nosave memory: [mem 0x000a0000-0x000effff]
Nov  1 00:48:40 debian kernel: [    0.051365] PM: Registered nosave memory: [mem 0x000f0000-0x000fffff]
Nov  1 00:48:40 debian kernel: [    0.051367] [mem 0x80000000-0xfeffbfff] available for PCI devices
Nov  1 00:48:40 debian kernel: [    0.051368] Booting paravirtualized kernel on KVM
Nov  1 00:48:40 debian kernel: [    0.051371] clocksource: refined-jiffies: mask: 0xffffffff max_cycles: 0xffffffff, max_idle_ns: 7645519600211568 ns
Nov  1 00:48:40 debian kernel: [    0.162380] random: get_random_bytes called from start_kernel+0x93/0x52c with crng_init=0
Nov  1 00:48:40 debian kernel: [    0.162389] setup_percpu: NR_CPUS:512 nr_cpumask_bits:512 nr_cpu_ids:2 nr_node_ids:1
Nov  1 00:48:40 debian kernel: [    0.163317] percpu: Embedded 45 pages/cpu s144408 r8192 d31720 u1048576
Nov  1 00:48:40 debian kernel: [    0.163348] KVM setup async PF for cpu 0
Nov  1 00:48:40 debian kernel: [    0.163354] kvm-stealtime: cpu 0, msr 7da161c0
Nov  1 00:48:40 debian kernel: [    0.163360] PV qspinlock hash table entries: 256 (order: 0, 4096 bytes)
Nov  1 00:48:40 debian kernel: [    0.163365] Built 1 zonelists, mobility grouping on.  Total pages: 515940
Nov  1 00:48:40 debian kernel: [    0.163365] Policy zone: DMA32
Nov  1 00:48:40 debian kernel: [    0.163367] Kernel command line: BOOT_IMAGE=/boot/vmlinuz-4.19.0-9-amd64 root=UUID=cd2cb4ca-39bd-4522-919c-e4ceb81b5ae8 ro quiet
Nov  1 00:48:40 debian kernel: [    0.163438] AGP: Checking aperture...
Nov  1 00:48:40 debian kernel: [    0.197856] AGP: No AGP bridge found
Nov  1 00:48:40 debian kernel: [    0.207107] Memory: 2009244K/2096612K available (10252K kernel code, 1241K rwdata, 3316K rodata, 1588K init, 2276K bss, 87368K reserved, 0K cma-reserved)
Nov  1 00:48:40 debian kernel: [    0.208008] SLUB: HWalign=64, Order=0-3, MinObjects=0, CPUs=2, Nodes=1
Nov  1 00:48:40 debian kernel: [    0.208015] ftrace: allocating 31883 entries in 125 pages
Nov  1 00:48:40 debian kernel: [    0.219143] rcu: Hierarchical RCU implementation.
Nov  1 00:48:40 debian kernel: [    0.219145] rcu: 	RCU restricting CPUs from NR_CPUS=512 to nr_cpu_ids=2.
Nov  1 00:48:40 debian kernel: [    0.219147] rcu: Adjusting geometry for rcu_fanout_leaf=16, nr_cpu_ids=2
Nov  1 00:48:40 debian kernel: [    0.222287] NR_IRQS: 33024, nr_irqs: 440, preallocated irqs: 16
Nov  1 00:48:40 debian kernel: [    0.236034] Console: colour VGA+ 80x25
Nov  1 00:48:40 debian kernel: [    0.236038] console [tty0] enabled
Nov  1 00:48:40 debian kernel: [    0.236061] ACPI: Core revision 20180810
Nov  1 00:48:40 debian kernel: [    0.236271] clocksource: hpet: mask: 0xffffffff max_cycles: 0xffffffff, max_idle_ns: 19112604467 ns
Nov  1 00:48:40 debian kernel: [    0.236387] APIC: Switch to symmetric I/O mode setup
Nov  1 00:48:40 debian kernel: [    0.236572] x2apic enabled
Nov  1 00:48:40 debian kernel: [    0.236788] Switched APIC routing to physical x2apic.
Nov  1 00:48:40 debian kernel: [    0.237960] ..TIMER: vector=0x30 apic1=0 pin1=2 apic2=-1 pin2=-1
Nov  1 00:48:40 debian kernel: [    0.237982] tsc: Marking TSC unstable due to TSCs unsynchronized
Nov  1 00:48:40 debian kernel: [    0.237992] Calibrating delay loop (skipped) preset value.. 6026.85 BogoMIPS (lpj=12053704)
Nov  1 00:48:40 debian kernel: [    0.237995] pid_max: default: 32768 minimum: 301
Nov  1 00:48:40 debian kernel: [    0.238033] Security Framework initialized
Nov  1 00:48:40 debian kernel: [    0.238034] Yama: disabled by default; enable with sysctl kernel.yama.*
Nov  1 00:48:40 debian kernel: [    0.238053] AppArmor: AppArmor initialized
Nov  1 00:48:40 debian kernel: [    0.239052] Dentry cache hash table entries: 262144 (order: 9, 2097152 bytes)
Nov  1 00:48:40 debian kernel: [    0.239854] Inode-cache hash table entries: 131072 (order: 8, 1048576 bytes)
Nov  1 00:48:40 debian kernel: [    0.239870] Mount-cache hash table entries: 4096 (order: 3, 32768 bytes)
Nov  1 00:48:40 debian kernel: [    0.239875] Mountpoint-cache hash table entries: 4096 (order: 3, 32768 bytes)
Nov  1 00:48:40 debian kernel: [    0.240211] Last level iTLB entries: 4KB 512, 2MB 255, 4MB 127
Nov  1 00:48:40 debian kernel: [    0.240212] Last level dTLB entries: 4KB 512, 2MB 255, 4MB 127, 1GB 0
Nov  1 00:48:40 debian kernel: [    0.240214] Spectre V1 : Mitigation: usercopy/swapgs barriers and __user pointer sanitization
Nov  1 00:48:40 debian kernel: [    0.240215] Spectre V2 : Mitigation: Full AMD retpoline
Nov  1 00:48:40 debian kernel: [    0.240216] Spectre V2 : Spectre v2 / SpectreRSB mitigation: Filling RSB on context switch
Nov  1 00:48:40 debian kernel: [    0.240347] Freeing SMP alternatives memory: 24K
Nov  1 00:48:40 debian kernel: [    0.351252] smpboot: CPU0: AMD Common KVM processor (family: 0xf, model: 0x6, stepping: 0x1)
Nov  1 00:48:40 debian kernel: [    0.351382] Performance Events: AMD PMU driver.
Nov  1 00:48:40 debian kernel: [    0.351396] ... version:                0
Nov  1 00:48:40 debian kernel: [    0.351396] ... bit width:              48
Nov  1 00:48:40 debian kernel: [    0.351397] ... generic registers:      4
Nov  1 00:48:40 debian kernel: [    0.351397] ... value mask:             0000ffffffffffff
Nov  1 00:48:40 debian kernel: [    0.351398] ... max period:             00007fffffffffff
Nov  1 00:48:40 debian kernel: [    0.351398] ... fixed-purpose events:   0
Nov  1 00:48:40 debian kernel: [    0.351399] ... event mask:             000000000000000f
Nov  1 00:48:40 debian kernel: [    0.351457] rcu: Hierarchical SRCU implementation.
Nov  1 00:48:40 debian kernel: [    0.351837] smp: Bringing up secondary CPUs ...
Nov  1 00:48:40 debian kernel: [    0.351954] x86: Booting SMP configuration:
Nov  1 00:48:40 debian kernel: [    0.351955] .... node  #0, CPUs:      #1
Nov  1 00:48:40 debian kernel: [    0.015399] kvm-clock: cpu 1, msr 485e8041, secondary cpu clock
Nov  1 00:48:40 debian kernel: [    0.352372] KVM setup async PF for cpu 1
Nov  1 00:48:40 debian kernel: [    0.352372] kvm-stealtime: cpu 1, msr 7db161c0
Nov  1 00:48:40 debian kernel: [    0.352372] smp: Brought up 1 node, 2 CPUs
Nov  1 00:48:40 debian kernel: [    0.352372] smpboot: Max logical packages: 1
Nov  1 00:48:40 debian kernel: [    0.352372] smpboot: Total of 2 processors activated (12053.70 BogoMIPS)
Nov  1 00:48:40 debian kernel: [    0.352372] devtmpfs: initialized
Nov  1 00:48:40 debian kernel: [    0.352372] x86/mm: Memory block size: 128MB
Nov  1 00:48:40 debian kernel: [    0.352372] clocksource: jiffies: mask: 0xffffffff max_cycles: 0xffffffff, max_idle_ns: 7645041785100000 ns
Nov  1 00:48:40 debian kernel: [    0.352372] futex hash table entries: 512 (order: 3, 32768 bytes)
Nov  1 00:48:40 debian kernel: [    0.352372] pinctrl core: initialized pinctrl subsystem
Nov  1 00:48:40 debian kernel: [    0.352372] NET: Registered protocol family 16
Nov  1 00:48:40 debian kernel: [    0.352372] audit: initializing netlink subsys (disabled)
Nov  1 00:48:40 debian kernel: [    0.352372] audit: type=2000 audit(1604202505.088:1): state=initialized audit_enabled=0 res=1
Nov  1 00:48:40 debian kernel: [    0.352372] cpuidle: using governor ladder
Nov  1 00:48:40 debian kernel: [    0.352372] cpuidle: using governor menu
Nov  1 00:48:40 debian kernel: [    0.352372] ACPI: bus type PCI registered
Nov  1 00:48:40 debian kernel: [    0.352372] acpiphp: ACPI Hot Plug PCI Controller Driver version: 0.5
Nov  1 00:48:40 debian kernel: [    0.352372] PCI: Using configuration type 1 for base access
Nov  1 00:48:40 debian kernel: [    0.352372] HugeTLB registered 2.00 MiB page size, pre-allocated 0 pages
Nov  1 00:48:40 debian kernel: [    0.354739] ACPI: Added _OSI(Module Device)
Nov  1 00:48:40 debian kernel: [    0.354739] ACPI: Added _OSI(Processor Device)
Nov  1 00:48:40 debian kernel: [    0.354739] ACPI: Added _OSI(3.0 _SCP Extensions)
Nov  1 00:48:40 debian kernel: [    0.354739] ACPI: Added _OSI(Processor Aggregator Device)
Nov  1 00:48:40 debian kernel: [    0.354739] ACPI: Added _OSI(Linux-Dell-Video)
Nov  1 00:48:40 debian kernel: [    0.354739] ACPI: Added _OSI(Linux-Lenovo-NV-HDMI-Audio)
Nov  1 00:48:40 debian kernel: [    0.355057] ACPI: 2 ACPI AML tables successfully acquired and loaded
Nov  1 00:48:40 debian kernel: [    0.356333] ACPI: Interpreter enabled
Nov  1 00:48:40 debian kernel: [    0.356350] ACPI: (supports S0 S3 S4 S5)
Nov  1 00:48:40 debian kernel: [    0.356352] ACPI: Using IOAPIC for interrupt routing
Nov  1 00:48:40 debian kernel: [    0.356367] PCI: Using host bridge windows from ACPI; if necessary, use "pci=nocrs" and report a bug
Nov  1 00:48:40 debian kernel: [    0.356511] ACPI: Enabled 3 GPEs in block 00 to 0F
Nov  1 00:48:40 debian kernel: [    0.361565] ACPI: PCI Root Bridge [PCI0] (domain 0000 [bus 00-ff])
Nov  1 00:48:40 debian kernel: [    0.361570] acpi PNP0A03:00: _OSC: OS supports [ASPM ClockPM Segments MSI]
Nov  1 00:48:40 debian kernel: [    0.361574] acpi PNP0A03:00: _OSC failed (AE_NOT_FOUND); disabling ASPM
Nov  1 00:48:40 debian kernel: [    0.361580] acpi PNP0A03:00: fail to add MMCONFIG information, can't access extended PCI configuration space under this bridge.
Nov  1 00:48:40 debian kernel: [    0.361856] acpiphp: Slot [3] registered
Nov  1 00:48:40 debian kernel: [    0.361880] acpiphp: Slot [4] registered
Nov  1 00:48:40 debian kernel: [    0.361905] acpiphp: Slot [5] registered
Nov  1 00:48:40 debian kernel: [    0.361929] acpiphp: Slot [6] registered
Nov  1 00:48:40 debian kernel: [    0.361952] acpiphp: Slot [7] registered
Nov  1 00:48:40 debian kernel: [    0.361975] acpiphp: Slot [8] registered
Nov  1 00:48:40 debian kernel: [    0.362025] acpiphp: Slot [9] registered
Nov  1 00:48:40 debian kernel: [    0.362048] acpiphp: Slot [10] registered
Nov  1 00:48:40 debian kernel: [    0.362073] acpiphp: Slot [11] registered
Nov  1 00:48:40 debian kernel: [    0.362096] acpiphp: Slot [12] registered
Nov  1 00:48:40 debian kernel: [    0.362119] acpiphp: Slot [13] registered
Nov  1 00:48:40 debian kernel: [    0.362142] acpiphp: Slot [14] registered
Nov  1 00:48:40 debian kernel: [    0.362164] acpiphp: Slot [15] registered
Nov  1 00:48:40 debian kernel: [    0.362187] acpiphp: Slot [16] registered
Nov  1 00:48:40 debian kernel: [    0.362211] acpiphp: Slot [17] registered
Nov  1 00:48:40 debian kernel: [    0.362235] acpiphp: Slot [18] registered
Nov  1 00:48:40 debian kernel: [    0.362258] acpiphp: Slot [19] registered
Nov  1 00:48:40 debian kernel: [    0.362280] acpiphp: Slot [20] registered
Nov  1 00:48:40 debian kernel: [    0.362303] acpiphp: Slot [21] registered
Nov  1 00:48:40 debian kernel: [    0.362326] acpiphp: Slot [22] registered
Nov  1 00:48:40 debian kernel: [    0.362350] acpiphp: Slot [23] registered
Nov  1 00:48:40 debian kernel: [    0.362373] acpiphp: Slot [24] registered
Nov  1 00:48:40 debian kernel: [    0.362396] acpiphp: Slot [25] registered
Nov  1 00:48:40 debian kernel: [    0.362419] acpiphp: Slot [26] registered
Nov  1 00:48:40 debian kernel: [    0.362441] acpiphp: Slot [27] registered
Nov  1 00:48:40 debian kernel: [    0.362464] acpiphp: Slot [28] registered
Nov  1 00:48:40 debian kernel: [    0.362488] acpiphp: Slot [29] registered
Nov  1 00:48:40 debian kernel: [    0.362516] PCI host bridge to bus 0000:00
Nov  1 00:48:40 debian kernel: [    0.362518] pci_bus 0000:00: root bus resource [io  0x0000-0x0cf7 window]
Nov  1 00:48:40 debian kernel: [    0.362519] pci_bus 0000:00: root bus resource [io  0x0d00-0xffff window]
Nov  1 00:48:40 debian kernel: [    0.362520] pci_bus 0000:00: root bus resource [mem 0x000a0000-0x000bffff window]
Nov  1 00:48:40 debian kernel: [    0.362522] pci_bus 0000:00: root bus resource [mem 0x80000000-0xfebfffff window]
Nov  1 00:48:40 debian kernel: [    0.362523] pci_bus 0000:00: root bus resource [mem 0x100000000-0x17fffffff window]
Nov  1 00:48:40 debian kernel: [    0.362524] pci_bus 0000:00: root bus resource [bus 00-ff]
Nov  1 00:48:40 debian kernel: [    0.366261] pci 0000:00:01.1: legacy IDE quirk: reg 0x10: [io  0x01f0-0x01f7]
Nov  1 00:48:40 debian kernel: [    0.366263] pci 0000:00:01.1: legacy IDE quirk: reg 0x14: [io  0x03f6]
Nov  1 00:48:40 debian kernel: [    0.366264] pci 0000:00:01.1: legacy IDE quirk: reg 0x18: [io  0x0170-0x0177]
Nov  1 00:48:40 debian kernel: [    0.366265] pci 0000:00:01.1: legacy IDE quirk: reg 0x1c: [io  0x0376]
Nov  1 00:48:40 debian kernel: [    0.370250] pci 0000:00:01.3: quirk: [io  0x0600-0x063f] claimed by PIIX4 ACPI
Nov  1 00:48:40 debian kernel: [    0.370256] pci 0000:00:01.3: quirk: [io  0x0700-0x070f] claimed by PIIX4 SMB
Nov  1 00:48:40 debian kernel: [    0.402080] pci_bus 0000:01: extended config space not accessible
Nov  1 00:48:40 debian kernel: [    0.402356] acpiphp: Slot [0] registered
Nov  1 00:48:40 debian kernel: [    0.402380] acpiphp: Slot [1] registered
Nov  1 00:48:40 debian kernel: [    0.402406] acpiphp: Slot [2] registered
Nov  1 00:48:40 debian kernel: [    0.402434] acpiphp: Slot [3-2] registered
Nov  1 00:48:40 debian kernel: [    0.402461] acpiphp: Slot [4-2] registered
Nov  1 00:48:40 debian kernel: [    0.402487] acpiphp: Slot [5-2] registered
Nov  1 00:48:40 debian kernel: [    0.402513] acpiphp: Slot [6-2] registered
Nov  1 00:48:40 debian kernel: [    0.402539] acpiphp: Slot [7-2] registered
Nov  1 00:48:40 debian kernel: [    0.402570] acpiphp: Slot [8-2] registered
Nov  1 00:48:40 debian kernel: [    0.402597] acpiphp: Slot [9-2] registered
Nov  1 00:48:40 debian kernel: [    0.402624] acpiphp: Slot [10-2] registered
Nov  1 00:48:40 debian kernel: [    0.402651] acpiphp: Slot [11-2] registered
Nov  1 00:48:40 debian kernel: [    0.402677] acpiphp: Slot [12-2] registered
Nov  1 00:48:40 debian kernel: [    0.402703] acpiphp: Slot [13-2] registered
Nov  1 00:48:40 debian kernel: [    0.402730] acpiphp: Slot [14-2] registered
Nov  1 00:48:40 debian kernel: [    0.402757] acpiphp: Slot [15-2] registered
Nov  1 00:48:40 debian kernel: [    0.402784] acpiphp: Slot [16-2] registered
Nov  1 00:48:40 debian kernel: [    0.402810] acpiphp: Slot [17-2] registered
Nov  1 00:48:40 debian kernel: [    0.402836] acpiphp: Slot [18-2] registered
Nov  1 00:48:40 debian kernel: [    0.402863] acpiphp: Slot [19-2] registered
Nov  1 00:48:40 debian kernel: [    0.402890] acpiphp: Slot [20-2] registered
Nov  1 00:48:40 debian kernel: [    0.402917] acpiphp: Slot [21-2] registered
Nov  1 00:48:40 debian kernel: [    0.402943] acpiphp: Slot [22-2] registered
Nov  1 00:48:40 debian kernel: [    0.402969] acpiphp: Slot [23-2] registered
Nov  1 00:48:40 debian kernel: [    0.402995] acpiphp: Slot [24-2] registered
Nov  1 00:48:40 debian kernel: [    0.403022] acpiphp: Slot [25-2] registered
Nov  1 00:48:40 debian kernel: [    0.403049] acpiphp: Slot [26-2] registered
Nov  1 00:48:40 debian kernel: [    0.403076] acpiphp: Slot [27-2] registered
Nov  1 00:48:40 debian kernel: [    0.403103] acpiphp: Slot [28-2] registered
Nov  1 00:48:40 debian kernel: [    0.403129] acpiphp: Slot [29-2] registered
Nov  1 00:48:40 debian kernel: [    0.403153] acpiphp: Slot [30] registered
Nov  1 00:48:40 debian kernel: [    0.403176] acpiphp: Slot [31] registered
Nov  1 00:48:40 debian kernel: [    0.403325] pci 0000:00:1e.0: PCI bridge to [bus 01]
Nov  1 00:48:40 debian kernel: [    0.403912] pci_bus 0000:02: extended config space not accessible
Nov  1 00:48:40 debian kernel: [    0.404190] acpiphp: Slot [0-2] registered
Nov  1 00:48:40 debian kernel: [    0.404218] acpiphp: Slot [1-2] registered
Nov  1 00:48:40 debian kernel: [    0.404245] acpiphp: Slot [2-2] registered
Nov  1 00:48:40 debian kernel: [    0.404272] acpiphp: Slot [3-3] registered
Nov  1 00:48:40 debian kernel: [    0.404300] acpiphp: Slot [4-3] registered
Nov  1 00:48:40 debian kernel: [    0.404327] acpiphp: Slot [5-3] registered
Nov  1 00:48:40 debian kernel: [    0.404355] acpiphp: Slot [6-3] registered
Nov  1 00:48:40 debian kernel: [    0.404382] acpiphp: Slot [7-3] registered
Nov  1 00:48:40 debian kernel: [    0.404409] acpiphp: Slot [8-3] registered
Nov  1 00:48:40 debian kernel: [    0.404436] acpiphp: Slot [9-3] registered
Nov  1 00:48:40 debian kernel: [    0.404463] acpiphp: Slot [10-3] registered
Nov  1 00:48:40 debian kernel: [    0.404490] acpiphp: Slot [11-3] registered
Nov  1 00:48:40 debian kernel: [    0.404518] acpiphp: Slot [12-3] registered
Nov  1 00:48:40 debian kernel: [    0.404546] acpiphp: Slot [13-3] registered
Nov  1 00:48:40 debian kernel: [    0.404572] acpiphp: Slot [14-3] registered
Nov  1 00:48:40 debian kernel: [    0.404599] acpiphp: Slot [15-3] registered
Nov  1 00:48:40 debian kernel: [    0.404627] acpiphp: Slot [16-3] registered
Nov  1 00:48:40 debian kernel: [    0.404654] acpiphp: Slot [17-3] registered
Nov  1 00:48:40 debian kernel: [    0.404682] acpiphp: Slot [18-3] registered
Nov  1 00:48:40 debian kernel: [    0.404709] acpiphp: Slot [19-3] registered
Nov  1 00:48:40 debian kernel: [    0.404737] acpiphp: Slot [20-3] registered
Nov  1 00:48:40 debian kernel: [    0.404764] acpiphp: Slot [21-3] registered
Nov  1 00:48:40 debian kernel: [    0.404791] acpiphp: Slot [22-3] registered
Nov  1 00:48:40 debian kernel: [    0.404818] acpiphp: Slot [23-3] registered
Nov  1 00:48:40 debian kernel: [    0.404847] acpiphp: Slot [24-3] registered
Nov  1 00:48:40 debian kernel: [    0.404874] acpiphp: Slot [25-3] registered
Nov  1 00:48:40 debian kernel: [    0.404901] acpiphp: Slot [26-3] registered
Nov  1 00:48:40 debian kernel: [    0.404928] acpiphp: Slot [27-3] registered
Nov  1 00:48:40 debian kernel: [    0.404955] acpiphp: Slot [28-3] registered
Nov  1 00:48:40 debian kernel: [    0.404983] acpiphp: Slot [29-3] registered
Nov  1 00:48:40 debian kernel: [    0.405011] acpiphp: Slot [30-2] registered
Nov  1 00:48:40 debian kernel: [    0.405038] acpiphp: Slot [31-2] registered
Nov  1 00:48:40 debian kernel: [    0.405184] pci 0000:00:1f.0: PCI bridge to [bus 02]
Nov  1 00:48:40 debian kernel: [    0.406900] ACPI: PCI Interrupt Link [LNKA] (IRQs 5 *10 11)
Nov  1 00:48:40 debian kernel: [    0.406984] ACPI: PCI Interrupt Link [LNKB] (IRQs 5 *10 11)
Nov  1 00:48:40 debian kernel: [    0.407053] ACPI: PCI Interrupt Link [LNKC] (IRQs 5 10 *11)
Nov  1 00:48:40 debian kernel: [    0.407121] ACPI: PCI Interrupt Link [LNKD] (IRQs 5 10 *11)
Nov  1 00:48:40 debian kernel: [    0.407159] ACPI: PCI Interrupt Link [LNKS] (IRQs *9)
Nov  1 00:48:40 debian kernel: [    0.407431] pci 0000:00:02.0: vgaarb: setting as boot VGA device
Nov  1 00:48:40 debian kernel: [    0.407431] pci 0000:00:02.0: vgaarb: VGA device added: decodes=io+mem,owns=io+mem,locks=none
Nov  1 00:48:40 debian kernel: [    0.407431] pci 0000:00:02.0: vgaarb: bridge control possible
Nov  1 00:48:40 debian kernel: [    0.407431] vgaarb: loaded
Nov  1 00:48:40 debian kernel: [    0.407431] pps_core: LinuxPPS API ver. 1 registered
Nov  1 00:48:40 debian kernel: [    0.407431] pps_core: Software ver. 5.3.6 - Copyright 2005-2007 Rodolfo Giometti <giometti@linux.it>
Nov  1 00:48:40 debian kernel: [    0.407431] PTP clock support registered
Nov  1 00:48:40 debian kernel: [    0.407431] EDAC MC: Ver: 3.0.0
Nov  1 00:48:40 debian kernel: [    0.407431] PCI: Using ACPI for IRQ routing
Nov  1 00:48:40 debian kernel: [    0.407431] HPET: 3 timers in total, 0 timers will be used for per-cpu timer
Nov  1 00:48:40 debian kernel: [    0.407431] hpet0: at MMIO 0xfed00000, IRQs 2, 8, 0
Nov  1 00:48:40 debian kernel: [    0.407431] hpet0: 3 comparators, 64-bit 100.000000 MHz counter
Nov  1 00:48:40 debian kernel: [    0.414018] clocksource: Switched to clocksource kvm-clock
Nov  1 00:48:40 debian kernel: [    0.426777] VFS: Disk quotas dquot_6.6.0
Nov  1 00:48:40 debian kernel: [    0.426795] VFS: Dquot-cache hash table entries: 512 (order 0, 4096 bytes)
Nov  1 00:48:40 debian kernel: [    0.426903] AppArmor: AppArmor Filesystem Enabled
Nov  1 00:48:40 debian kernel: [    0.426923] pnp: PnP ACPI init
Nov  1 00:48:40 debian kernel: [    0.427381] pnp: PnP ACPI: found 4 devices
Nov  1 00:48:40 debian kernel: [    0.435346] clocksource: acpi_pm: mask: 0xffffff max_cycles: 0xffffff, max_idle_ns: 2085701024 ns
Nov  1 00:48:40 debian kernel: [    0.436430] pci 0000:00:1e.0: PCI bridge to [bus 01]
Nov  1 00:48:40 debian kernel: [    0.436439] pci 0000:00:1e.0:   bridge window [io  0xd000-0xdfff]
Nov  1 00:48:40 debian kernel: [    0.437152] pci 0000:00:1e.0:   bridge window [mem 0xfe800000-0xfe9fffff]
Nov  1 00:48:40 debian kernel: [    0.437645] pci 0000:00:1e.0:   bridge window [mem 0xfe200000-0xfe3fffff 64bit pref]
Nov  1 00:48:40 debian kernel: [    0.438591] pci 0000:00:1f.0: PCI bridge to [bus 02]
Nov  1 00:48:40 debian kernel: [    0.438601] pci 0000:00:1f.0:   bridge window [io  0xc000-0xcfff]
Nov  1 00:48:40 debian kernel: [    0.439249] pci 0000:00:1f.0:   bridge window [mem 0xfe600000-0xfe7fffff]
Nov  1 00:48:40 debian kernel: [    0.439694] pci 0000:00:1f.0:   bridge window [mem 0xfe000000-0xfe1fffff 64bit pref]
Nov  1 00:48:40 debian kernel: [    0.440710] NET: Registered protocol family 2
Nov  1 00:48:40 debian kernel: [    0.440864] tcp_listen_portaddr_hash hash table entries: 1024 (order: 2, 16384 bytes)
Nov  1 00:48:40 debian kernel: [    0.440875] TCP established hash table entries: 16384 (order: 5, 131072 bytes)
Nov  1 00:48:40 debian kernel: [    0.440933] TCP bind hash table entries: 16384 (order: 6, 262144 bytes)
Nov  1 00:48:40 debian kernel: [    0.441699] TCP: Hash tables configured (established 16384 bind 16384)
Nov  1 00:48:40 debian kernel: [    0.441734] UDP hash table entries: 1024 (order: 3, 32768 bytes)
Nov  1 00:48:40 debian kernel: [    0.441745] UDP-Lite hash table entries: 1024 (order: 3, 32768 bytes)
Nov  1 00:48:40 debian kernel: [    0.441793] NET: Registered protocol family 1
Nov  1 00:48:40 debian kernel: [    0.441798] NET: Registered protocol family 44
Nov  1 00:48:40 debian kernel: [    0.441961] pci 0000:00:01.0: PIIX3: Enabling Passive Release
Nov  1 00:48:40 debian kernel: [    0.441971] pci 0000:00:00.0: Limiting direct PCI/PCI transfers
Nov  1 00:48:40 debian kernel: [    0.441980] pci 0000:00:01.0: Activating ISA DMA hang workarounds
Nov  1 00:48:40 debian kernel: [    0.461154] PCI Interrupt Link [LNKD] enabled at IRQ 11
Nov  1 00:48:40 debian kernel: [    0.480533] pci 0000:00:01.2: quirk_usb_early_handoff+0x0/0x6c1 took 37591 usecs
Nov  1 00:48:40 debian kernel: [    0.480572] pci 0000:00:02.0: Video device with shadowed ROM at [mem 0x000c0000-0x000dffff]
Nov  1 00:48:40 debian kernel: [    0.480648] Unpacking initramfs...
Nov  1 00:48:40 debian kernel: [    0.968615] Freeing initrd memory: 29232K
Nov  1 00:48:40 debian kernel: [    0.969404] Initialise system trusted keyrings
Nov  1 00:48:40 debian kernel: [    0.969415] Key type blacklist registered
Nov  1 00:48:40 debian kernel: [    0.969538] workingset: timestamp_bits=40 max_order=19 bucket_order=0
Nov  1 00:48:40 debian kernel: [    0.970934] zbud: loaded
Nov  1 00:48:40 debian kernel: [    1.162527] Key type asymmetric registered
Nov  1 00:48:40 debian kernel: [    1.162529] Asymmetric key parser 'x509' registered
Nov  1 00:48:40 debian kernel: [    1.162547] Block layer SCSI generic (bsg) driver version 0.4 loaded (major 247)
Nov  1 00:48:40 debian kernel: [    1.162610] io scheduler noop registered
Nov  1 00:48:40 debian kernel: [    1.162611] io scheduler deadline registered
Nov  1 00:48:40 debian kernel: [    1.162653] io scheduler cfq registered (default)
Nov  1 00:48:40 debian kernel: [    1.162654] io scheduler mq-deadline registered
Nov  1 00:48:40 debian kernel: [    1.162854] shpchp 0000:00:1e.0: Requesting control of SHPC hotplug via OSHP (\_SB_.PCI0.SF0_)
Nov  1 00:48:40 debian kernel: [    1.162861] shpchp 0000:00:1e.0: Requesting control of SHPC hotplug via OSHP (\_SB_.PCI0)
Nov  1 00:48:40 debian kernel: [    1.162865] shpchp 0000:00:1e.0: Cannot get control of SHPC hotplug
Nov  1 00:48:40 debian kernel: [    1.162895] shpchp 0000:00:1f.0: Requesting control of SHPC hotplug via OSHP (\_SB_.PCI0.SF8_)
Nov  1 00:48:40 debian kernel: [    1.162899] shpchp 0000:00:1f.0: Requesting control of SHPC hotplug via OSHP (\_SB_.PCI0)
Nov  1 00:48:40 debian kernel: [    1.162901] shpchp 0000:00:1f.0: Cannot get control of SHPC hotplug
Nov  1 00:48:40 debian kernel: [    1.162912] shpchp: Standard Hot Plug PCI Controller Driver version: 0.4
Nov  1 00:48:40 debian kernel: [    1.163093] Serial: 8250/16550 driver, 4 ports, IRQ sharing enabled
Nov  1 00:48:40 debian kernel: [    1.163490] Linux agpgart interface v0.103
Nov  1 00:48:40 debian kernel: [    1.163580] AMD IOMMUv2 driver by Joerg Roedel <jroedel@suse.de>
Nov  1 00:48:40 debian kernel: [    1.163581] AMD IOMMUv2 functionality not available on this system
Nov  1 00:48:40 debian kernel: [    1.163814] i8042: PNP: PS/2 Controller [PNP0303:KBD,PNP0f13:MOU] at 0x60,0x64 irq 1,12
Nov  1 00:48:40 debian kernel: [    1.164498] serio: i8042 KBD port at 0x60,0x64 irq 1
Nov  1 00:48:40 debian kernel: [    1.164504] serio: i8042 AUX port at 0x60,0x64 irq 12
Nov  1 00:48:40 debian kernel: [    1.164599] mousedev: PS/2 mouse device common for all mice
Nov  1 00:48:40 debian kernel: [    1.164657] rtc_cmos 00:00: RTC can wake from S4
Nov  1 00:48:40 debian kernel: [    1.165196] input: AT Translated Set 2 keyboard as /devices/platform/i8042/serio0/input/input0
Nov  1 00:48:40 debian kernel: [    1.165284] rtc_cmos 00:00: registered as rtc0
Nov  1 00:48:40 debian kernel: [    1.165299] rtc_cmos 00:00: alarms up to one day, y3k, 114 bytes nvram, hpet irqs
Nov  1 00:48:40 debian kernel: [    1.165434] ledtrig-cpu: registered to indicate activity on CPUs
Nov  1 00:48:40 debian kernel: [    1.165691] NET: Registered protocol family 10
Nov  1 00:48:40 debian kernel: [    1.172465] Segment Routing with IPv6
Nov  1 00:48:40 debian kernel: [    1.172486] mip6: Mobile IPv6
Nov  1 00:48:40 debian kernel: [    1.172488] NET: Registered protocol family 17
Nov  1 00:48:40 debian kernel: [    1.172550] mpls_gso: MPLS GSO support
Nov  1 00:48:40 debian kernel: [    1.172689] mce: Using 10 MCE banks
Nov  1 00:48:40 debian kernel: [    1.172708] sched_clock: Marking stable (1161233459, 11399964)->(1173029594, -396171)
Nov  1 00:48:40 debian kernel: [    1.173021] registered taskstats version 1
Nov  1 00:48:40 debian kernel: [    1.173022] Loading compiled-in X.509 certificates
Nov  1 00:48:40 debian kernel: [    1.217045] Loaded X.509 cert 'Debian Secure Boot CA: 6ccece7e4c6c0d1f6149f3dd27dfcc5cbb419ea1'
Nov  1 00:48:40 debian kernel: [    1.217068] Loaded X.509 cert 'Debian Secure Boot Signer: 00a7468def'
Nov  1 00:48:40 debian kernel: [    1.217100] zswap: loaded using pool lzo/zbud
Nov  1 00:48:40 debian kernel: [    1.217273] AppArmor: AppArmor sha1 policy hashing enabled
Nov  1 00:48:40 debian kernel: [    1.217618] rtc_cmos 00:00: setting system clock to 2020-11-01 03:48:25 UTC (1604202505)
Nov  1 00:48:40 debian kernel: [    1.219655] Freeing unused kernel image memory: 1588K
Nov  1 00:48:40 debian kernel: [    1.238060] Write protecting the kernel read-only data: 16384k
Nov  1 00:48:40 debian kernel: [    1.238942] Freeing unused kernel image memory: 2028K
Nov  1 00:48:40 debian kernel: [    1.239213] Freeing unused kernel image memory: 780K
Nov  1 00:48:40 debian kernel: [    1.247989] x86/mm: Checked W+X mappings: passed, no W+X pages found.
Nov  1 00:48:40 debian kernel: [    1.247991] Run /init as init process
Nov  1 00:48:40 debian kernel: [    1.316504] piix4_smbus 0000:00:01.3: SMBus Host Controller at 0x700, revision 0
Nov  1 00:48:40 debian kernel: [    1.324721] 8139cp: 8139cp: 10/100 PCI Ethernet driver v1.3 (Mar 22, 2004)
Nov  1 00:48:40 debian kernel: [    1.328799] SCSI subsystem initialized
Nov  1 00:48:40 debian kernel: [    1.333977] FDC 0 is a S82078B
Nov  1 00:48:40 debian kernel: [    1.336438] input: VirtualPS/2 VMware VMMouse as /devices/platform/i8042/serio1/input/input3
Nov  1 00:48:40 debian kernel: [    1.336615] input: VirtualPS/2 VMware VMMouse as /devices/platform/i8042/serio1/input/input2
Nov  1 00:48:40 debian kernel: [    1.345607] ACPI: bus type USB registered
Nov  1 00:48:40 debian kernel: [    1.345626] usbcore: registered new interface driver usbfs
Nov  1 00:48:40 debian kernel: [    1.345635] usbcore: registered new interface driver hub
Nov  1 00:48:40 debian kernel: [    1.346774] usbcore: registered new device driver usb
Nov  1 00:48:40 debian kernel: [    1.357847] ehci_hcd: USB 2.0 'Enhanced' Host Controller (EHCI) Driver
Nov  1 00:48:40 debian kernel: [    1.360019] uhci_hcd: USB Universal Host Controller Interface driver
Nov  1 00:48:40 debian kernel: [    1.362996] scsi host0: ata_piix
Nov  1 00:48:40 debian kernel: [    1.363208] scsi host1: ata_piix
Nov  1 00:48:40 debian kernel: [    1.363256] ata1: PATA max MWDMA2 cmd 0x1f0 ctl 0x3f6 bmdma 0xe160 irq 14
Nov  1 00:48:40 debian kernel: [    1.363257] ata2: PATA max MWDMA2 cmd 0x170 ctl 0x376 bmdma 0xe168 irq 15
Nov  1 00:48:40 debian kernel: [    1.404787] PCI Interrupt Link [LNKB] enabled at IRQ 10
Nov  1 00:48:40 debian kernel: [    1.406330] uhci_hcd 0000:00:01.2: UHCI Host Controller
Nov  1 00:48:40 debian kernel: [    1.406339] uhci_hcd 0000:00:01.2: new USB bus registered, assigned bus number 1
Nov  1 00:48:40 debian kernel: [    1.406355] uhci_hcd 0000:00:01.2: detected 2 ports
Nov  1 00:48:40 debian kernel: [    1.406456] uhci_hcd 0000:00:01.2: irq 11, io base 0x0000e140
Nov  1 00:48:40 debian kernel: [    1.406638] PCI Interrupt Link [LNKA] enabled at IRQ 10
Nov  1 00:48:40 debian kernel: [    1.407433] usb usb1: New USB device found, idVendor=1d6b, idProduct=0001, bcdDevice= 4.19
Nov  1 00:48:40 debian kernel: [    1.407435] usb usb1: New USB device strings: Mfr=3, Product=2, SerialNumber=1
Nov  1 00:48:40 debian kernel: [    1.407436] usb usb1: Product: UHCI Host Controller
Nov  1 00:48:40 debian kernel: [    1.407437] usb usb1: Manufacturer: Linux 4.19.0-9-amd64 uhci_hcd
Nov  1 00:48:40 debian kernel: [    1.407438] usb usb1: SerialNumber: 0000:00:01.2
Nov  1 00:48:40 debian kernel: [    1.407653] hub 1-0:1.0: USB hub found
Nov  1 00:48:40 debian kernel: [    1.407659] hub 1-0:1.0: 2 ports detected
Nov  1 00:48:40 debian kernel: [    1.407814] 8139cp 0000:00:12.0 eth0: RTL-8139C+ at 0x(____ptrval____), 9a:08:51:43:a6:90, IRQ 10
Nov  1 00:48:40 debian kernel: [    1.411300] 8139too: 8139too Fast Ethernet driver 0.9.28
Nov  1 00:48:40 debian kernel: [    1.412296] scsi host2: Virtio SCSI HBA
Nov  1 00:48:40 debian kernel: [    1.413540] scsi 2:0:0:0: Direct-Access     QEMU     QEMU HARDDISK    2.5+ PQ: 0 ANSI: 5
Nov  1 00:48:40 debian kernel: [    1.413712] 8139cp 0000:00:12.0 ens18: renamed from eth0
Nov  1 00:48:40 debian kernel: [    1.414117] scsi 2:0:0:3: Direct-Access     QEMU     QEMU HARDDISK    2.5+ PQ: 0 ANSI: 5
Nov  1 00:48:40 debian kernel: [    1.414567] scsi 2:0:0:2: Direct-Access     QEMU     QEMU HARDDISK    2.5+ PQ: 0 ANSI: 5
Nov  1 00:48:40 debian kernel: [    1.415022] scsi 2:0:0:1: Direct-Access     QEMU     QEMU HARDDISK    2.5+ PQ: 0 ANSI: 5
Nov  1 00:48:40 debian kernel: [    1.467853] random: fast init done
Nov  1 00:48:40 debian kernel: [    1.527659] sd 2:0:0:0: Power-on or device reset occurred
Nov  1 00:48:40 debian kernel: [    1.527695] sd 2:0:0:3: Power-on or device reset occurred
Nov  1 00:48:40 debian kernel: [    1.528253] sd 2:0:0:0: [sda] 20971520 512-byte logical blocks: (10.7 GB/10.0 GiB)
Nov  1 00:48:40 debian kernel: [    1.528296] sd 2:0:0:0: [sda] Write Protect is off
Nov  1 00:48:40 debian kernel: [    1.528314] sd 2:0:0:3: [sdb] 46137344 512-byte logical blocks: (23.6 GB/22.0 GiB)
Nov  1 00:48:40 debian kernel: [    1.528345] sd 2:0:0:3: [sdb] Write Protect is off
Nov  1 00:48:40 debian kernel: [    1.528369] sd 2:0:0:0: [sda] Write cache: enabled, read cache: enabled, doesn't support DPO or FUA
Nov  1 00:48:40 debian kernel: [    1.528417] sd 2:0:0:3: [sdb] Write cache: enabled, read cache: enabled, doesn't support DPO or FUA
Nov  1 00:48:40 debian kernel: [    1.530211] sd 2:0:0:2: Power-on or device reset occurred
Nov  1 00:48:40 debian kernel: [    1.533299] sd 2:0:0:1: Power-on or device reset occurred
Nov  1 00:48:40 debian kernel: [    1.533620] sd 2:0:0:2: [sdc] 46137344 512-byte logical blocks: (23.6 GB/22.0 GiB)
Nov  1 00:48:40 debian kernel: [    1.533650] sd 2:0:0:1: [sdd] 16777216 512-byte logical blocks: (8.59 GB/8.00 GiB)
Nov  1 00:48:40 debian kernel: [    1.533651] sd 2:0:0:2: [sdc] Write Protect is off
Nov  1 00:48:40 debian kernel: [    1.533727] sd 2:0:0:1: [sdd] Write Protect is off
Nov  1 00:48:40 debian kernel: [    1.533767] sd 2:0:0:2: [sdc] Write cache: enabled, read cache: enabled, doesn't support DPO or FUA
Nov  1 00:48:40 debian kernel: [    1.533805] sd 2:0:0:1: [sdd] Write cache: enabled, read cache: enabled, doesn't support DPO or FUA
Nov  1 00:48:40 debian kernel: [    1.558547]  sdd: sdd1
Nov  1 00:48:40 debian kernel: [    1.558800]  sda: sda1 sda2 < sda5 >
Nov  1 00:48:40 debian rsyslogd: imuxsock: Acquired UNIX socket '/run/systemd/journal/syslog' (fd 3) from systemd.  [v8.1901.0]
Nov  1 00:48:40 debian kernel: [    1.560232] sd 2:0:0:1: [sdd] Attached SCSI disk
Nov  1 00:48:40 debian kernel: [    1.560272] sd 2:0:0:0: [sda] Attached SCSI disk
Nov  1 00:48:40 debian rsyslogd:  [origin software="rsyslogd" swVersion="8.1901.0" x-pid="404" x-info="https://www.rsyslog.com"] start
Nov  1 00:48:40 debian kernel: [    1.598673]  sdc:
Nov  1 00:48:40 debian kernel: [    1.599184]  sdb:
Nov  1 00:48:40 debian kernel: [    1.599845] sd 2:0:0:3: [sdb] Attached SCSI disk
Nov  1 00:48:40 debian kernel: [    1.599965] sd 2:0:0:2: [sdc] Attached SCSI disk
Nov  1 00:48:40 debian kernel: [    1.746043] usb 1-1: new full-speed USB device number 2 using uhci_hcd
Nov  1 00:48:40 debian kernel: [    1.784020] md/raid1:md127: active with 2 out of 2 mirrors
Nov  1 00:48:40 debian kernel: [    1.784040] md127: detected capacity change from 0 to 23604494336
Nov  1 00:48:40 debian kernel: [    1.802321]  md127: p1
Nov  1 00:48:40 debian kernel: [    1.936813] usb 1-1: New USB device found, idVendor=0627, idProduct=0001, bcdDevice= 0.00
Nov  1 00:48:40 debian kernel: [    1.936816] usb 1-1: New USB device strings: Mfr=1, Product=3, SerialNumber=10
Nov  1 00:48:40 debian kernel: [    1.936817] usb 1-1: Product: QEMU USB Tablet
Nov  1 00:48:40 debian kernel: [    1.936818] usb 1-1: Manufacturer: QEMU
Nov  1 00:48:40 debian kernel: [    1.936819] usb 1-1: SerialNumber: 28754-0000:00:01.2-1
Nov  1 00:48:40 debian kernel: [    1.946292] hidraw: raw HID events driver (C) Jiri Kosina
Nov  1 00:48:40 debian kernel: [    1.953348] usbcore: registered new interface driver usbhid
Nov  1 00:48:40 debian kernel: [    1.953349] usbhid: USB HID core driver
Nov  1 00:48:40 debian kernel: [    1.955034] input: QEMU QEMU USB Tablet as /devices/pci0000:00/0000:00:01.2/usb1/1-1/1-1:1.0/0003:0627:0001.0001/input/input4
Nov  1 00:48:40 debian kernel: [    1.955089] hid-generic 0003:0627:0001.0001: input,hidraw0: USB HID v0.01 Mouse [QEMU QEMU USB Tablet] on usb-0000:00:01.2-1/input0
Nov  1 00:48:40 debian kernel: [    2.182001] raid6: sse2x1   gen()  3860 MB/s
Nov  1 00:48:40 debian kernel: [    2.249993] raid6: sse2x1   xor()  4018 MB/s
Nov  1 00:48:40 debian kernel: [    2.318001] raid6: sse2x2   gen()  6110 MB/s
Nov  1 00:48:40 debian kernel: [    2.385994] raid6: sse2x2   xor()  6842 MB/s
Nov  1 00:48:40 debian kernel: [    2.454000] raid6: sse2x4   gen()  7396 MB/s
Nov  1 00:48:40 debian kernel: [    2.522003] raid6: sse2x4   xor()  3487 MB/s
Nov  1 00:48:40 debian kernel: [    2.522005] raid6: using algorithm sse2x4 gen() 7396 MB/s
Nov  1 00:48:40 debian kernel: [    2.522005] raid6: .... xor() 3487 MB/s, rmw enabled
Nov  1 00:48:40 debian kernel: [    2.522006] raid6: using intx1 recovery algorithm
Nov  1 00:48:40 debian kernel: [    2.523092] xor: measuring software checksum speed
Nov  1 00:48:40 debian kernel: [    2.561996]    prefetch64-sse: 11801.000 MB/sec
Nov  1 00:48:40 debian kernel: [    2.601994]    generic_sse: 11224.000 MB/sec
Nov  1 00:48:40 debian kernel: [    2.601995] xor: using function: prefetch64-sse (11801.000 MB/sec)
Nov  1 00:48:40 debian kernel: [    2.603065] async_tx: api initialized (async)
Nov  1 00:48:40 debian kernel: [    2.952562] cryptd: max_cpu_qlen set to 1000
Nov  1 00:48:40 debian kernel: [    3.101774] EXT4-fs (sda1): mounted filesystem with ordered data mode. Opts: (null)
Nov  1 00:48:40 debian kernel: [    3.419025] random: crng init done
Nov  1 00:48:40 debian kernel: [    8.664334] EXT4-fs (sda1): re-mounted. Opts: errors=remount-ro
Nov  1 00:48:40 debian kernel: [    9.355720] device-mapper: uevent: version 1.0.3
Nov  1 00:48:40 debian kernel: [    9.355791] device-mapper: ioctl: 4.39.0-ioctl (2018-04-03) initialised: dm-devel@redhat.com
Nov  1 00:48:40 debian kernel: [   10.410538] input: Power Button as /devices/LNXSYSTM:00/LNXPWRBN:00/input/input5
Nov  1 00:48:40 debian kernel: [   10.410754] ACPI: Power Button [PWRF]
Nov  1 00:48:40 debian kernel: [   10.617845] MCE: In-kernel MCE decoding enabled.
Nov  1 00:48:40 debian kernel: [   10.621512] input: PC Speaker as /devices/platform/pcspkr/input/input6
Nov  1 00:48:40 debian kernel: [   10.783788] powernow_k8: Power state transitions not supported
Nov  1 00:48:40 debian kernel: [   10.783805] powernow_k8: Power state transitions not supported
Nov  1 00:48:40 debian kernel: [   10.814521] powernow_k8: Power state transitions not supported
Nov  1 00:48:40 debian kernel: [   10.814530] powernow_k8: Power state transitions not supported
Nov  1 00:48:40 debian kernel: [   11.121559] [drm] Found bochs VGA, ID 0xb0c0.
Nov  1 00:48:40 debian kernel: [   11.121561] [drm] Framebuffer size 16384 kB @ 0xfd000000, mmio @ 0xfea50000.
Nov  1 00:48:40 debian kernel: [   11.121681] [TTM] Zone  kernel: Available graphics memory: 1021448 kiB
Nov  1 00:48:40 debian kernel: [   11.121681] [TTM] Initializing pool allocator
Nov  1 00:48:40 debian kernel: [   11.121685] [TTM] Initializing DMA pool allocator
Nov  1 00:48:40 debian kernel: [   11.141105] fbcon: bochsdrmfb (fb0) is primary device
Nov  1 00:48:40 debian kernel: [   11.182337] Console: switching to colour frame buffer device 128x48
Nov  1 00:48:40 debian kernel: [   11.193932] sd 2:0:0:0: Attached scsi generic sg0 type 0
Nov  1 00:48:40 debian kernel: [   11.194395] sd 2:0:0:3: Attached scsi generic sg1 type 0
Nov  1 00:48:40 debian kernel: [   11.194503] sd 2:0:0:2: Attached scsi generic sg2 type 0
Nov  1 00:48:40 debian kernel: [   11.194587] sd 2:0:0:1: Attached scsi generic sg3 type 0
Nov  1 00:48:40 debian kernel: [   11.221630] bochs-drm 0000:00:02.0: fb0: bochsdrmfb frame buffer device
Nov  1 00:48:40 debian kernel: [   11.306040] [drm] Initialized bochs-drm 1.0.0 20130925 for 0000:00:02.0 on minor 0
Nov  1 00:48:40 debian kernel: [   12.182215] Adding 2095100k swap on /dev/sda5.  Priority:-2 extents:1 across:2095100k FS
Nov  1 00:48:40 debian kernel: [   12.429148] EXT4-fs (sdd1): mounted filesystem with ordered data mode. Opts: (null)
Nov  1 00:48:40 debian kernel: [   12.808709] EXT4-fs (dm-2): mounting ext3 file system using the ext4 subsystem
Nov  1 00:48:40 debian kernel: [   13.340367] EXT4-fs (dm-1): mounting ext2 file system using the ext4 subsystem
Nov  1 00:48:40 debian kernel: [   13.562952] EXT4-fs (dm-0): mounted filesystem with ordered data mode. Opts: (null)
Nov  1 00:48:40 debian kernel: [   13.695615] EXT4-fs (dm-1): mounted filesystem without journal. Opts: (null)
Nov  1 00:48:40 debian kernel: [   13.771996] EXT4-fs (dm-2): mounted filesystem with ordered data mode. Opts: (null)
Nov  1 00:48:40 debian kernel: [   14.767936] audit: type=1400 audit(1604202519.048:2): apparmor="STATUS" operation="profile_load" profile="unconfined" name="nvidia_modprobe" pid=397 comm="apparmor_parser"
Nov  1 00:48:40 debian kernel: [   14.767941] audit: type=1400 audit(1604202519.048:3): apparmor="STATUS" operation="profile_load" profile="unconfined" name="nvidia_modprobe//kmod" pid=397 comm="apparmor_parser"
Nov  1 00:48:40 debian kernel: [   14.769037] audit: type=1400 audit(1604202519.048:4): apparmor="STATUS" operation="profile_load" profile="unconfined" name="/usr/bin/man" pid=398 comm="apparmor_parser"
Nov  1 00:48:40 debian kernel: [   14.769040] audit: type=1400 audit(1604202519.048:5): apparmor="STATUS" operation="profile_load" profile="unconfined" name="man_filter" pid=398 comm="apparmor_parser"
Nov  1 00:48:40 debian kernel: [   14.769042] audit: type=1400 audit(1604202519.048:6): apparmor="STATUS" operation="profile_load" profile="unconfined" name="man_groff" pid=398 comm="apparmor_parser"
Nov  1 00:48:58 debian kernel: [   34.010561] 8139cp 0000:00:12.0 ens18: link up, 100Mbps, full-duplex, lpa 0x05E1
Nov  1 00:57:02 debian kernel: [  517.408302] md: data-check of RAID array md127
Nov  1 01:02:13 debian kernel: [  828.688524] md: md127: data-check done.
Nov  1 20:07:21 debian rsyslogd: imuxsock: Acquired UNIX socket '/run/systemd/journal/syslog' (fd 3) from systemd.  [v8.1901.0]
Nov  1 20:07:21 debian rsyslogd:  [origin software="rsyslogd" swVersion="8.1901.0" x-pid="407" x-info="https://www.rsyslog.com"] start
Nov  1 20:07:21 debian kernel: [    0.000000] Linux version 4.19.0-9-amd64 (debian-kernel@lists.debian.org) (gcc version 8.3.0 (Debian 8.3.0-6)) #1 SMP Debian 4.19.118-2+deb10u1 (2020-06-07)
Nov  1 20:07:21 debian kernel: [    0.000000] Command line: BOOT_IMAGE=/boot/vmlinuz-4.19.0-9-amd64 root=UUID=cd2cb4ca-39bd-4522-919c-e4ceb81b5ae8 ro quiet
Nov  1 20:07:21 debian kernel: [    0.000000] x86/fpu: x87 FPU will use FXSAVE
Nov  1 20:07:21 debian kernel: [    0.000000] BIOS-provided physical RAM map:
Nov  1 20:07:21 debian kernel: [    0.000000] BIOS-e820: [mem 0x0000000000000000-0x000000000009fbff] usable
Nov  1 20:07:21 debian kernel: [    0.000000] BIOS-e820: [mem 0x000000000009fc00-0x000000000009ffff] reserved
Nov  1 20:07:21 debian kernel: [    0.000000] BIOS-e820: [mem 0x00000000000f0000-0x00000000000fffff] reserved
Nov  1 20:07:21 debian kernel: [    0.000000] BIOS-e820: [mem 0x0000000000100000-0x000000007ffdafff] usable
Nov  1 20:07:21 debian kernel: [    0.000000] BIOS-e820: [mem 0x000000007ffdb000-0x000000007fffffff] reserved
Nov  1 20:07:21 debian kernel: [    0.000000] BIOS-e820: [mem 0x00000000feffc000-0x00000000feffffff] reserved
Nov  1 20:07:21 debian kernel: [    0.000000] BIOS-e820: [mem 0x00000000fffc0000-0x00000000ffffffff] reserved
Nov  1 20:07:21 debian kernel: [    0.000000] NX (Execute Disable) protection: active
Nov  1 20:07:21 debian kernel: [    0.000000] SMBIOS 2.8 present.
Nov  1 20:07:21 debian kernel: [    0.000000] DMI: QEMU Standard PC (i440FX + PIIX, 1996), BIOS rel-1.12.1-0-ga5cab58e9a3f-prebuilt.qemu.org 04/01/2014
Nov  1 20:07:21 debian kernel: [    0.000000] Hypervisor detected: KVM
Nov  1 20:07:21 debian kernel: [    0.000000] kvm-clock: Using msrs 4b564d01 and 4b564d00
Nov  1 20:07:21 debian kernel: [    0.000000] kvm-clock: cpu 0, msr 75be8001, primary cpu clock
Nov  1 20:07:21 debian kernel: [    0.000000] kvm-clock: using sched offset of 12693590907 cycles
Nov  1 20:07:21 debian kernel: [    0.000002] clocksource: kvm-clock: mask: 0xffffffffffffffff max_cycles: 0x1cd42e4dffb, max_idle_ns: 881590591483 ns
Nov  1 20:07:21 debian kernel: [    0.000005] tsc: Detected 3000.208 MHz processor
Nov  1 20:07:21 debian kernel: [    0.033278] AGP: No AGP bridge found
Nov  1 20:07:21 debian kernel: [    0.033553] last_pfn = 0x7ffdb max_arch_pfn = 0x400000000
Nov  1 20:07:21 debian kernel: [    0.033623] x86/PAT: Configuration [0-7]: WB  WC  UC- UC  WB  WP  UC- WT  
Nov  1 20:07:21 debian kernel: [    0.035738] found SMP MP-table at [mem 0x000f5ae0-0x000f5aef]
Nov  1 20:07:21 debian kernel: [    0.036031] RAMDISK: [mem 0x346d7000-0x36362fff]
Nov  1 20:07:21 debian kernel: [    0.036044] ACPI: Early table checksum verification disabled
Nov  1 20:07:21 debian kernel: [    0.036092] ACPI: RSDP 0x00000000000F5900 000014 (v00 BOCHS )
Nov  1 20:07:21 debian kernel: [    0.036099] ACPI: RSDT 0x000000007FFE14E4 000034 (v01 BOCHS  BXPCRSDT 00000001 BXPC 00000001)
Nov  1 20:07:21 debian kernel: [    0.036104] ACPI: FACP 0x000000007FFE12EE 000074 (v01 BOCHS  BXPCFACP 00000001 BXPC 00000001)
Nov  1 20:07:21 debian kernel: [    0.036109] ACPI: DSDT 0x000000007FFDF040 0022AE (v01 BOCHS  BXPCDSDT 00000001 BXPC 00000001)
Nov  1 20:07:21 debian kernel: [    0.036111] ACPI: FACS 0x000000007FFDF000 000040
Nov  1 20:07:21 debian kernel: [    0.036113] ACPI: APIC 0x000000007FFE1362 000080 (v01 BOCHS  BXPCAPIC 00000001 BXPC 00000001)
Nov  1 20:07:21 debian kernel: [    0.036116] ACPI: SSDT 0x000000007FFE13E2 0000CA (v01 BOCHS  VMGENID  00000001 BXPC 00000001)
Nov  1 20:07:21 debian kernel: [    0.036118] ACPI: HPET 0x000000007FFE14AC 000038 (v01 BOCHS  BXPCHPET 00000001 BXPC 00000001)
Nov  1 20:07:21 debian kernel: [    0.036345] No NUMA configuration found
Nov  1 20:07:21 debian kernel: [    0.036346] Faking a node at [mem 0x0000000000000000-0x000000007ffdafff]
Nov  1 20:07:21 debian kernel: [    0.036350] NODE_DATA(0) allocated [mem 0x7ffd6000-0x7ffdafff]
Nov  1 20:07:21 debian kernel: [    0.036434] Zone ranges:
Nov  1 20:07:21 debian kernel: [    0.036435]   DMA      [mem 0x0000000000001000-0x0000000000ffffff]
Nov  1 20:07:21 debian kernel: [    0.036436]   DMA32    [mem 0x0000000001000000-0x000000007ffdafff]
Nov  1 20:07:21 debian kernel: [    0.036437]   Normal   empty
Nov  1 20:07:21 debian kernel: [    0.036438]   Device   empty
Nov  1 20:07:21 debian kernel: [    0.036439] Movable zone start for each node
Nov  1 20:07:21 debian kernel: [    0.036439] Early memory node ranges
Nov  1 20:07:21 debian kernel: [    0.036440]   node   0: [mem 0x0000000000001000-0x000000000009efff]
Nov  1 20:07:21 debian kernel: [    0.036441]   node   0: [mem 0x0000000000100000-0x000000007ffdafff]
Nov  1 20:07:21 debian kernel: [    0.037160] Zeroed struct page in unavailable ranges: 135 pages
Nov  1 20:07:21 debian kernel: [    0.037162] Initmem setup node 0 [mem 0x0000000000001000-0x000000007ffdafff]
Nov  1 20:07:21 debian kernel: [    0.051193] ACPI: PM-Timer IO Port: 0x608
Nov  1 20:07:21 debian kernel: [    0.051205] ACPI: LAPIC_NMI (acpi_id[0xff] dfl dfl lint[0x1])
Nov  1 20:07:21 debian kernel: [    0.051247] IOAPIC[0]: apic_id 0, version 17, address 0xfec00000, GSI 0-23
Nov  1 20:07:21 debian kernel: [    0.051249] ACPI: INT_SRC_OVR (bus 0 bus_irq 0 global_irq 2 dfl dfl)
Nov  1 20:07:21 debian kernel: [    0.051251] ACPI: INT_SRC_OVR (bus 0 bus_irq 5 global_irq 5 high level)
Nov  1 20:07:21 debian kernel: [    0.051251] ACPI: INT_SRC_OVR (bus 0 bus_irq 9 global_irq 9 high level)
Nov  1 20:07:21 debian kernel: [    0.051253] ACPI: INT_SRC_OVR (bus 0 bus_irq 10 global_irq 10 high level)
Nov  1 20:07:21 debian kernel: [    0.051253] ACPI: INT_SRC_OVR (bus 0 bus_irq 11 global_irq 11 high level)
Nov  1 20:07:21 debian kernel: [    0.051259] Using ACPI (MADT) for SMP configuration information
Nov  1 20:07:21 debian kernel: [    0.051260] ACPI: HPET id: 0x8086a201 base: 0xfed00000
Nov  1 20:07:21 debian kernel: [    0.051269] smpboot: Allowing 2 CPUs, 0 hotplug CPUs
Nov  1 20:07:21 debian kernel: [    0.051288] PM: Registered nosave memory: [mem 0x00000000-0x00000fff]
Nov  1 20:07:21 debian kernel: [    0.051290] PM: Registered nosave memory: [mem 0x0009f000-0x0009ffff]
Nov  1 20:07:21 debian kernel: [    0.051290] PM: Registered nosave memory: [mem 0x000a0000-0x000effff]
Nov  1 20:07:21 debian kernel: [    0.051291] PM: Registered nosave memory: [mem 0x000f0000-0x000fffff]
Nov  1 20:07:21 debian kernel: [    0.051293] [mem 0x80000000-0xfeffbfff] available for PCI devices
Nov  1 20:07:21 debian kernel: [    0.051294] Booting paravirtualized kernel on KVM
Nov  1 20:07:21 debian kernel: [    0.051296] clocksource: refined-jiffies: mask: 0xffffffff max_cycles: 0xffffffff, max_idle_ns: 7645519600211568 ns
Nov  1 20:07:21 debian kernel: [    0.163358] random: get_random_bytes called from start_kernel+0x93/0x52c with crng_init=0
Nov  1 20:07:21 debian kernel: [    0.163368] setup_percpu: NR_CPUS:512 nr_cpumask_bits:512 nr_cpu_ids:2 nr_node_ids:1
Nov  1 20:07:21 debian kernel: [    0.164334] percpu: Embedded 45 pages/cpu s144408 r8192 d31720 u1048576
Nov  1 20:07:21 debian kernel: [    0.164372] KVM setup async PF for cpu 0
Nov  1 20:07:21 debian kernel: [    0.164377] kvm-stealtime: cpu 0, msr 7da161c0
Nov  1 20:07:21 debian kernel: [    0.164383] PV qspinlock hash table entries: 256 (order: 0, 4096 bytes)
Nov  1 20:07:21 debian kernel: [    0.164388] Built 1 zonelists, mobility grouping on.  Total pages: 515940
Nov  1 20:07:21 debian kernel: [    0.164389] Policy zone: DMA32
Nov  1 20:07:21 debian kernel: [    0.164391] Kernel command line: BOOT_IMAGE=/boot/vmlinuz-4.19.0-9-amd64 root=UUID=cd2cb4ca-39bd-4522-919c-e4ceb81b5ae8 ro quiet
Nov  1 20:07:21 debian kernel: [    0.164466] AGP: Checking aperture...
Nov  1 20:07:21 debian kernel: [    0.198741] AGP: No AGP bridge found
Nov  1 20:07:21 debian kernel: [    0.208167] Memory: 2009244K/2096612K available (10252K kernel code, 1241K rwdata, 3316K rodata, 1588K init, 2276K bss, 87368K reserved, 0K cma-reserved)
Nov  1 20:07:21 debian kernel: [    0.209043] SLUB: HWalign=64, Order=0-3, MinObjects=0, CPUs=2, Nodes=1
Nov  1 20:07:21 debian kernel: [    0.209050] ftrace: allocating 31883 entries in 125 pages
Nov  1 20:07:21 debian kernel: [    0.220178] rcu: Hierarchical RCU implementation.
Nov  1 20:07:21 debian kernel: [    0.220181] rcu: 	RCU restricting CPUs from NR_CPUS=512 to nr_cpu_ids=2.
Nov  1 20:07:21 debian kernel: [    0.220183] rcu: Adjusting geometry for rcu_fanout_leaf=16, nr_cpu_ids=2
Nov  1 20:07:21 debian kernel: [    0.223310] NR_IRQS: 33024, nr_irqs: 440, preallocated irqs: 16
Nov  1 20:07:21 debian kernel: [    0.237042] Console: colour VGA+ 80x25
Nov  1 20:07:21 debian kernel: [    0.237046] console [tty0] enabled
Nov  1 20:07:21 debian kernel: [    0.237069] ACPI: Core revision 20180810
Nov  1 20:07:21 debian kernel: [    0.237280] clocksource: hpet: mask: 0xffffffff max_cycles: 0xffffffff, max_idle_ns: 19112604467 ns
Nov  1 20:07:21 debian kernel: [    0.237392] APIC: Switch to symmetric I/O mode setup
Nov  1 20:07:21 debian kernel: [    0.237654] x2apic enabled
Nov  1 20:07:21 debian kernel: [    0.237881] Switched APIC routing to physical x2apic.
Nov  1 20:07:21 debian kernel: [    0.239072] ..TIMER: vector=0x30 apic1=0 pin1=2 apic2=-1 pin2=-1
Nov  1 20:07:21 debian kernel: [    0.239095] tsc: Marking TSC unstable due to TSCs unsynchronized
Nov  1 20:07:21 debian kernel: [    0.239106] Calibrating delay loop (skipped) preset value.. 6000.41 BogoMIPS (lpj=12000832)
Nov  1 20:07:21 debian kernel: [    0.239108] pid_max: default: 32768 minimum: 301
Nov  1 20:07:21 debian kernel: [    0.239148] Security Framework initialized
Nov  1 20:07:21 debian kernel: [    0.239150] Yama: disabled by default; enable with sysctl kernel.yama.*
Nov  1 20:07:21 debian kernel: [    0.239170] AppArmor: AppArmor initialized
Nov  1 20:07:21 debian kernel: [    0.240246] Dentry cache hash table entries: 262144 (order: 9, 2097152 bytes)
Nov  1 20:07:21 debian kernel: [    0.241097] Inode-cache hash table entries: 131072 (order: 8, 1048576 bytes)
Nov  1 20:07:21 debian kernel: [    0.241115] Mount-cache hash table entries: 4096 (order: 3, 32768 bytes)
Nov  1 20:07:21 debian kernel: [    0.241119] Mountpoint-cache hash table entries: 4096 (order: 3, 32768 bytes)
Nov  1 20:07:21 debian kernel: [    0.243177] Last level iTLB entries: 4KB 512, 2MB 255, 4MB 127
Nov  1 20:07:21 debian kernel: [    0.243178] Last level dTLB entries: 4KB 512, 2MB 255, 4MB 127, 1GB 0
Nov  1 20:07:21 debian kernel: [    0.243181] Spectre V1 : Mitigation: usercopy/swapgs barriers and __user pointer sanitization
Nov  1 20:07:21 debian kernel: [    0.243182] Spectre V2 : Mitigation: Full AMD retpoline
Nov  1 20:07:21 debian kernel: [    0.243183] Spectre V2 : Spectre v2 / SpectreRSB mitigation: Filling RSB on context switch
Nov  1 20:07:21 debian kernel: [    0.243319] Freeing SMP alternatives memory: 24K
Nov  1 20:07:21 debian kernel: [    0.352687] smpboot: CPU0: AMD Common KVM processor (family: 0xf, model: 0x6, stepping: 0x1)
Nov  1 20:07:21 debian kernel: [    0.352836] Performance Events: AMD PMU driver.
Nov  1 20:07:21 debian kernel: [    0.352851] ... version:                0
Nov  1 20:07:21 debian kernel: [    0.352852] ... bit width:              48
Nov  1 20:07:21 debian kernel: [    0.352852] ... generic registers:      4
Nov  1 20:07:21 debian kernel: [    0.352853] ... value mask:             0000ffffffffffff
Nov  1 20:07:21 debian kernel: [    0.352854] ... max period:             00007fffffffffff
Nov  1 20:07:21 debian kernel: [    0.352854] ... fixed-purpose events:   0
Nov  1 20:07:21 debian kernel: [    0.352855] ... event mask:             000000000000000f
Nov  1 20:07:21 debian kernel: [    0.352918] rcu: Hierarchical SRCU implementation.
Nov  1 20:07:21 debian kernel: [    0.353315] smp: Bringing up secondary CPUs ...
Nov  1 20:07:21 debian kernel: [    0.353438] x86: Booting SMP configuration:
Nov  1 20:07:21 debian kernel: [    0.353439] .... node  #0, CPUs:      #1
Nov  1 20:07:21 debian kernel: [    0.015495] kvm-clock: cpu 1, msr 75be8041, secondary cpu clock
Nov  1 20:07:21 debian kernel: [    0.353851] KVM setup async PF for cpu 1
Nov  1 20:07:21 debian kernel: [    0.353851] kvm-stealtime: cpu 1, msr 7db161c0
Nov  1 20:07:21 debian kernel: [    0.353851] smp: Brought up 1 node, 2 CPUs
Nov  1 20:07:21 debian kernel: [    0.353851] smpboot: Max logical packages: 1
Nov  1 20:07:21 debian kernel: [    0.353851] smpboot: Total of 2 processors activated (12000.83 BogoMIPS)
Nov  1 20:07:21 debian kernel: [    0.353851] devtmpfs: initialized
Nov  1 20:07:21 debian kernel: [    0.353851] x86/mm: Memory block size: 128MB
Nov  1 20:07:21 debian kernel: [    0.353851] clocksource: jiffies: mask: 0xffffffff max_cycles: 0xffffffff, max_idle_ns: 7645041785100000 ns
Nov  1 20:07:21 debian kernel: [    0.353851] futex hash table entries: 512 (order: 3, 32768 bytes)
Nov  1 20:07:21 debian kernel: [    0.353851] pinctrl core: initialized pinctrl subsystem
Nov  1 20:07:21 debian kernel: [    0.353851] NET: Registered protocol family 16
Nov  1 20:07:21 debian kernel: [    0.353851] audit: initializing netlink subsys (disabled)
Nov  1 20:07:21 debian kernel: [    0.353851] audit: type=2000 audit(1604271982.099:1): state=initialized audit_enabled=0 res=1
Nov  1 20:07:21 debian kernel: [    0.353851] cpuidle: using governor ladder
Nov  1 20:07:21 debian kernel: [    0.353851] cpuidle: using governor menu
Nov  1 20:07:21 debian kernel: [    0.353851] ACPI: bus type PCI registered
Nov  1 20:07:21 debian kernel: [    0.353851] acpiphp: ACPI Hot Plug PCI Controller Driver version: 0.5
Nov  1 20:07:21 debian kernel: [    0.353851] PCI: Using configuration type 1 for base access
Nov  1 20:07:21 debian kernel: [    0.355120] HugeTLB registered 2.00 MiB page size, pre-allocated 0 pages
Nov  1 20:07:21 debian kernel: [    0.355919] ACPI: Added _OSI(Module Device)
Nov  1 20:07:21 debian kernel: [    0.355919] ACPI: Added _OSI(Processor Device)
Nov  1 20:07:21 debian kernel: [    0.355919] ACPI: Added _OSI(3.0 _SCP Extensions)
Nov  1 20:07:21 debian kernel: [    0.355919] ACPI: Added _OSI(Processor Aggregator Device)
Nov  1 20:07:21 debian kernel: [    0.355919] ACPI: Added _OSI(Linux-Dell-Video)
Nov  1 20:07:21 debian kernel: [    0.355919] ACPI: Added _OSI(Linux-Lenovo-NV-HDMI-Audio)
Nov  1 20:07:21 debian kernel: [    0.356190] ACPI: 2 ACPI AML tables successfully acquired and loaded
Nov  1 20:07:21 debian kernel: [    0.357716] ACPI: Interpreter enabled
Nov  1 20:07:21 debian kernel: [    0.357733] ACPI: (supports S0 S3 S4 S5)
Nov  1 20:07:21 debian kernel: [    0.357734] ACPI: Using IOAPIC for interrupt routing
Nov  1 20:07:21 debian kernel: [    0.357750] PCI: Using host bridge windows from ACPI; if necessary, use "pci=nocrs" and report a bug
Nov  1 20:07:21 debian kernel: [    0.359101] ACPI: Enabled 3 GPEs in block 00 to 0F
Nov  1 20:07:21 debian kernel: [    0.363100] ACPI: PCI Root Bridge [PCI0] (domain 0000 [bus 00-ff])
Nov  1 20:07:21 debian kernel: [    0.363100] acpi PNP0A03:00: _OSC: OS supports [ASPM ClockPM Segments MSI]
Nov  1 20:07:21 debian kernel: [    0.363100] acpi PNP0A03:00: _OSC failed (AE_NOT_FOUND); disabling ASPM
Nov  1 20:07:21 debian kernel: [    0.363100] acpi PNP0A03:00: fail to add MMCONFIG information, can't access extended PCI configuration space under this bridge.
Nov  1 20:07:21 debian kernel: [    0.363100] acpiphp: Slot [3] registered
Nov  1 20:07:21 debian kernel: [    0.363100] acpiphp: Slot [4] registered
Nov  1 20:07:21 debian kernel: [    0.363100] acpiphp: Slot [5] registered
Nov  1 20:07:21 debian kernel: [    0.363100] acpiphp: Slot [6] registered
Nov  1 20:07:21 debian kernel: [    0.363100] acpiphp: Slot [7] registered
Nov  1 20:07:21 debian kernel: [    0.363100] acpiphp: Slot [8] registered
Nov  1 20:07:21 debian kernel: [    0.363100] acpiphp: Slot [9] registered
Nov  1 20:07:21 debian kernel: [    0.363100] acpiphp: Slot [10] registered
Nov  1 20:07:21 debian kernel: [    0.363100] acpiphp: Slot [11] registered
Nov  1 20:07:21 debian kernel: [    0.363100] acpiphp: Slot [12] registered
Nov  1 20:07:21 debian kernel: [    0.363100] acpiphp: Slot [13] registered
Nov  1 20:07:21 debian kernel: [    0.363100] acpiphp: Slot [14] registered
Nov  1 20:07:21 debian kernel: [    0.363100] acpiphp: Slot [15] registered
Nov  1 20:07:21 debian kernel: [    0.363100] acpiphp: Slot [16] registered
Nov  1 20:07:21 debian kernel: [    0.363100] acpiphp: Slot [17] registered
Nov  1 20:07:21 debian kernel: [    0.363100] acpiphp: Slot [18] registered
Nov  1 20:07:21 debian kernel: [    0.363100] acpiphp: Slot [19] registered
Nov  1 20:07:21 debian kernel: [    0.363100] acpiphp: Slot [20] registered
Nov  1 20:07:21 debian kernel: [    0.363100] acpiphp: Slot [21] registered
Nov  1 20:07:21 debian kernel: [    0.363100] acpiphp: Slot [22] registered
Nov  1 20:07:21 debian kernel: [    0.363100] acpiphp: Slot [23] registered
Nov  1 20:07:21 debian kernel: [    0.363100] acpiphp: Slot [24] registered
Nov  1 20:07:21 debian kernel: [    0.363100] acpiphp: Slot [25] registered
Nov  1 20:07:21 debian kernel: [    0.363100] acpiphp: Slot [26] registered
Nov  1 20:07:21 debian kernel: [    0.363100] acpiphp: Slot [27] registered
Nov  1 20:07:21 debian kernel: [    0.363114] acpiphp: Slot [28] registered
Nov  1 20:07:21 debian kernel: [    0.363139] acpiphp: Slot [29] registered
Nov  1 20:07:21 debian kernel: [    0.363165] PCI host bridge to bus 0000:00
Nov  1 20:07:21 debian kernel: [    0.363167] pci_bus 0000:00: root bus resource [io  0x0000-0x0cf7 window]
Nov  1 20:07:21 debian kernel: [    0.363170] pci_bus 0000:00: root bus resource [io  0x0d00-0xffff window]
Nov  1 20:07:21 debian kernel: [    0.363171] pci_bus 0000:00: root bus resource [mem 0x000a0000-0x000bffff window]
Nov  1 20:07:21 debian kernel: [    0.363173] pci_bus 0000:00: root bus resource [mem 0x80000000-0xfebfffff window]
Nov  1 20:07:21 debian kernel: [    0.363174] pci_bus 0000:00: root bus resource [mem 0x100000000-0x17fffffff window]
Nov  1 20:07:21 debian kernel: [    0.363175] pci_bus 0000:00: root bus resource [bus 00-ff]
Nov  1 20:07:21 debian kernel: [    0.368053] pci 0000:00:01.1: legacy IDE quirk: reg 0x10: [io  0x01f0-0x01f7]
Nov  1 20:07:21 debian kernel: [    0.368054] pci 0000:00:01.1: legacy IDE quirk: reg 0x14: [io  0x03f6]
Nov  1 20:07:21 debian kernel: [    0.368056] pci 0000:00:01.1: legacy IDE quirk: reg 0x18: [io  0x0170-0x0177]
Nov  1 20:07:21 debian kernel: [    0.368057] pci 0000:00:01.1: legacy IDE quirk: reg 0x1c: [io  0x0376]
Nov  1 20:07:21 debian kernel: [    0.373068] pci 0000:00:01.3: quirk: [io  0x0600-0x063f] claimed by PIIX4 ACPI
Nov  1 20:07:21 debian kernel: [    0.373074] pci 0000:00:01.3: quirk: [io  0x0700-0x070f] claimed by PIIX4 SMB
Nov  1 20:07:21 debian kernel: [    0.405438] pci_bus 0000:01: extended config space not accessible
Nov  1 20:07:21 debian kernel: [    0.405710] acpiphp: Slot [0] registered
Nov  1 20:07:21 debian kernel: [    0.405734] acpiphp: Slot [1] registered
Nov  1 20:07:21 debian kernel: [    0.405758] acpiphp: Slot [2] registered
Nov  1 20:07:21 debian kernel: [    0.405786] acpiphp: Slot [3-2] registered
Nov  1 20:07:21 debian kernel: [    0.405815] acpiphp: Slot [4-2] registered
Nov  1 20:07:21 debian kernel: [    0.405843] acpiphp: Slot [5-2] registered
Nov  1 20:07:21 debian kernel: [    0.405870] acpiphp: Slot [6-2] registered
Nov  1 20:07:21 debian kernel: [    0.405896] acpiphp: Slot [7-2] registered
Nov  1 20:07:21 debian kernel: [    0.405922] acpiphp: Slot [8-2] registered
Nov  1 20:07:21 debian kernel: [    0.405948] acpiphp: Slot [9-2] registered
Nov  1 20:07:21 debian kernel: [    0.405976] acpiphp: Slot [10-2] registered
Nov  1 20:07:21 debian kernel: [    0.406003] acpiphp: Slot [11-2] registered
Nov  1 20:07:21 debian kernel: [    0.406030] acpiphp: Slot [12-2] registered
Nov  1 20:07:21 debian kernel: [    0.406058] acpiphp: Slot [13-2] registered
Nov  1 20:07:21 debian kernel: [    0.406085] acpiphp: Slot [14-2] registered
Nov  1 20:07:21 debian kernel: [    0.406112] acpiphp: Slot [15-2] registered
Nov  1 20:07:21 debian kernel: [    0.406140] acpiphp: Slot [16-2] registered
Nov  1 20:07:21 debian kernel: [    0.406167] acpiphp: Slot [17-2] registered
Nov  1 20:07:21 debian kernel: [    0.406193] acpiphp: Slot [18-2] registered
Nov  1 20:07:21 debian kernel: [    0.406219] acpiphp: Slot [19-2] registered
Nov  1 20:07:21 debian kernel: [    0.406246] acpiphp: Slot [20-2] registered
Nov  1 20:07:21 debian kernel: [    0.406272] acpiphp: Slot [21-2] registered
Nov  1 20:07:21 debian kernel: [    0.406300] acpiphp: Slot [22-2] registered
Nov  1 20:07:21 debian kernel: [    0.406327] acpiphp: Slot [23-2] registered
Nov  1 20:07:21 debian kernel: [    0.406354] acpiphp: Slot [24-2] registered
Nov  1 20:07:21 debian kernel: [    0.406380] acpiphp: Slot [25-2] registered
Nov  1 20:07:21 debian kernel: [    0.406406] acpiphp: Slot [26-2] registered
Nov  1 20:07:21 debian kernel: [    0.406433] acpiphp: Slot [27-2] registered
Nov  1 20:07:21 debian kernel: [    0.406461] acpiphp: Slot [28-2] registered
Nov  1 20:07:21 debian kernel: [    0.406488] acpiphp: Slot [29-2] registered
Nov  1 20:07:21 debian kernel: [    0.406511] acpiphp: Slot [30] registered
Nov  1 20:07:21 debian kernel: [    0.406535] acpiphp: Slot [31] registered
Nov  1 20:07:21 debian kernel: [    0.406684] pci 0000:00:1e.0: PCI bridge to [bus 01]
Nov  1 20:07:21 debian kernel: [    0.407435] pci_bus 0000:02: extended config space not accessible
Nov  1 20:07:21 debian kernel: [    0.407711] acpiphp: Slot [0-2] registered
Nov  1 20:07:21 debian kernel: [    0.407738] acpiphp: Slot [1-2] registered
Nov  1 20:07:21 debian kernel: [    0.407765] acpiphp: Slot [2-2] registered
Nov  1 20:07:21 debian kernel: [    0.407793] acpiphp: Slot [3-3] registered
Nov  1 20:07:21 debian kernel: [    0.407820] acpiphp: Slot [4-3] registered
Nov  1 20:07:21 debian kernel: [    0.407850] acpiphp: Slot [5-3] registered
Nov  1 20:07:21 debian kernel: [    0.407876] acpiphp: Slot [6-3] registered
Nov  1 20:07:21 debian kernel: [    0.407903] acpiphp: Slot [7-3] registered
Nov  1 20:07:21 debian kernel: [    0.407929] acpiphp: Slot [8-3] registered
Nov  1 20:07:21 debian kernel: [    0.407957] acpiphp: Slot [9-3] registered
Nov  1 20:07:21 debian kernel: [    0.407985] acpiphp: Slot [10-3] registered
Nov  1 20:07:21 debian kernel: [    0.408012] acpiphp: Slot [11-3] registered
Nov  1 20:07:21 debian kernel: [    0.408039] acpiphp: Slot [12-3] registered
Nov  1 20:07:21 debian kernel: [    0.408066] acpiphp: Slot [13-3] registered
Nov  1 20:07:21 debian kernel: [    0.408092] acpiphp: Slot [14-3] registered
Nov  1 20:07:21 debian kernel: [    0.408121] acpiphp: Slot [15-3] registered
Nov  1 20:07:21 debian kernel: [    0.408148] acpiphp: Slot [16-3] registered
Nov  1 20:07:21 debian kernel: [    0.408175] acpiphp: Slot [17-3] registered
Nov  1 20:07:21 debian kernel: [    0.408202] acpiphp: Slot [18-3] registered
Nov  1 20:07:21 debian kernel: [    0.408228] acpiphp: Slot [19-3] registered
Nov  1 20:07:21 debian kernel: [    0.408255] acpiphp: Slot [20-3] registered
Nov  1 20:07:21 debian kernel: [    0.408286] acpiphp: Slot [21-3] registered
Nov  1 20:07:21 debian kernel: [    0.408313] acpiphp: Slot [22-3] registered
Nov  1 20:07:21 debian kernel: [    0.408340] acpiphp: Slot [23-3] registered
Nov  1 20:07:21 debian kernel: [    0.408367] acpiphp: Slot [24-3] registered
Nov  1 20:07:21 debian kernel: [    0.408394] acpiphp: Slot [25-3] registered
Nov  1 20:07:21 debian kernel: [    0.408424] acpiphp: Slot [26-3] registered
Nov  1 20:07:21 debian kernel: [    0.408453] acpiphp: Slot [27-3] registered
Nov  1 20:07:21 debian kernel: [    0.408481] acpiphp: Slot [28-3] registered
Nov  1 20:07:21 debian kernel: [    0.408508] acpiphp: Slot [29-3] registered
Nov  1 20:07:21 debian kernel: [    0.408535] acpiphp: Slot [30-2] registered
Nov  1 20:07:21 debian kernel: [    0.408561] acpiphp: Slot [31-2] registered
Nov  1 20:07:21 debian kernel: [    0.408709] pci 0000:00:1f.0: PCI bridge to [bus 02]
Nov  1 20:07:21 debian kernel: [    0.410383] ACPI: PCI Interrupt Link [LNKA] (IRQs 5 *10 11)
Nov  1 20:07:21 debian kernel: [    0.410468] ACPI: PCI Interrupt Link [LNKB] (IRQs 5 *10 11)
Nov  1 20:07:21 debian kernel: [    0.410538] ACPI: PCI Interrupt Link [LNKC] (IRQs 5 10 *11)
Nov  1 20:07:21 debian kernel: [    0.410606] ACPI: PCI Interrupt Link [LNKD] (IRQs 5 10 *11)
Nov  1 20:07:21 debian kernel: [    0.410644] ACPI: PCI Interrupt Link [LNKS] (IRQs *9)
Nov  1 20:07:21 debian kernel: [    0.411099] pci 0000:00:02.0: vgaarb: setting as boot VGA device
Nov  1 20:07:21 debian kernel: [    0.411099] pci 0000:00:02.0: vgaarb: VGA device added: decodes=io+mem,owns=io+mem,locks=none
Nov  1 20:07:21 debian kernel: [    0.411099] pci 0000:00:02.0: vgaarb: bridge control possible
Nov  1 20:07:21 debian kernel: [    0.411099] vgaarb: loaded
Nov  1 20:07:21 debian kernel: [    0.411099] pps_core: LinuxPPS API ver. 1 registered
Nov  1 20:07:21 debian kernel: [    0.411099] pps_core: Software ver. 5.3.6 - Copyright 2005-2007 Rodolfo Giometti <giometti@linux.it>
Nov  1 20:07:21 debian kernel: [    0.411099] PTP clock support registered
Nov  1 20:07:21 debian kernel: [    0.411099] EDAC MC: Ver: 3.0.0
Nov  1 20:07:21 debian kernel: [    0.411247] PCI: Using ACPI for IRQ routing
Nov  1 20:07:21 debian kernel: [    0.411358] HPET: 3 timers in total, 0 timers will be used for per-cpu timer
Nov  1 20:07:21 debian kernel: [    0.411358] hpet0: at MMIO 0xfed00000, IRQs 2, 8, 0
Nov  1 20:07:21 debian kernel: [    0.411358] hpet0: 3 comparators, 64-bit 100.000000 MHz counter
Nov  1 20:07:21 debian kernel: [    0.415136] clocksource: Switched to clocksource kvm-clock
Nov  1 20:07:21 debian kernel: [    0.428214] VFS: Disk quotas dquot_6.6.0
Nov  1 20:07:21 debian kernel: [    0.428232] VFS: Dquot-cache hash table entries: 512 (order 0, 4096 bytes)
Nov  1 20:07:21 debian kernel: [    0.428342] AppArmor: AppArmor Filesystem Enabled
Nov  1 20:07:21 debian kernel: [    0.428363] pnp: PnP ACPI init
Nov  1 20:07:21 debian kernel: [    0.428829] pnp: PnP ACPI: found 4 devices
Nov  1 20:07:21 debian kernel: [    0.437615] clocksource: acpi_pm: mask: 0xffffff max_cycles: 0xffffff, max_idle_ns: 2085701024 ns
Nov  1 20:07:21 debian kernel: [    0.438943] pci 0000:00:1e.0: PCI bridge to [bus 01]
Nov  1 20:07:21 debian kernel: [    0.438953] pci 0000:00:1e.0:   bridge window [io  0xd000-0xdfff]
Nov  1 20:07:21 debian kernel: [    0.439753] pci 0000:00:1e.0:   bridge window [mem 0xfe800000-0xfe9fffff]
Nov  1 20:07:21 debian kernel: [    0.440253] pci 0000:00:1e.0:   bridge window [mem 0xfe200000-0xfe3fffff 64bit pref]
Nov  1 20:07:21 debian kernel: [    0.441221] pci 0000:00:1f.0: PCI bridge to [bus 02]
Nov  1 20:07:21 debian kernel: [    0.441240] pci 0000:00:1f.0:   bridge window [io  0xc000-0xcfff]
Nov  1 20:07:21 debian kernel: [    0.442034] pci 0000:00:1f.0:   bridge window [mem 0xfe600000-0xfe7fffff]
Nov  1 20:07:21 debian kernel: [    0.442587] pci 0000:00:1f.0:   bridge window [mem 0xfe000000-0xfe1fffff 64bit pref]
Nov  1 20:07:21 debian kernel: [    0.444295] NET: Registered protocol family 2
Nov  1 20:07:21 debian kernel: [    0.444471] tcp_listen_portaddr_hash hash table entries: 1024 (order: 2, 16384 bytes)
Nov  1 20:07:21 debian kernel: [    0.444487] TCP established hash table entries: 16384 (order: 5, 131072 bytes)
Nov  1 20:07:21 debian kernel: [    0.444541] TCP bind hash table entries: 16384 (order: 6, 262144 bytes)
Nov  1 20:07:21 debian kernel: [    0.445373] TCP: Hash tables configured (established 16384 bind 16384)
Nov  1 20:07:21 debian kernel: [    0.445410] UDP hash table entries: 1024 (order: 3, 32768 bytes)
Nov  1 20:07:21 debian kernel: [    0.445420] UDP-Lite hash table entries: 1024 (order: 3, 32768 bytes)
Nov  1 20:07:21 debian kernel: [    0.445469] NET: Registered protocol family 1
Nov  1 20:07:21 debian kernel: [    0.445474] NET: Registered protocol family 44
Nov  1 20:07:21 debian kernel: [    0.445497] pci 0000:00:01.0: PIIX3: Enabling Passive Release
Nov  1 20:07:21 debian kernel: [    0.445506] pci 0000:00:00.0: Limiting direct PCI/PCI transfers
Nov  1 20:07:21 debian kernel: [    0.445515] pci 0000:00:01.0: Activating ISA DMA hang workarounds
Nov  1 20:07:21 debian kernel: [    0.465514] PCI Interrupt Link [LNKD] enabled at IRQ 11
Nov  1 20:07:21 debian kernel: [    0.485280] pci 0000:00:01.2: quirk_usb_early_handoff+0x0/0x6c1 took 38810 usecs
Nov  1 20:07:21 debian kernel: [    0.485344] pci 0000:00:02.0: Video device with shadowed ROM at [mem 0x000c0000-0x000dffff]
Nov  1 20:07:21 debian kernel: [    0.485432] Unpacking initramfs...
Nov  1 20:07:21 debian kernel: [    0.983360] Freeing initrd memory: 29232K
Nov  1 20:07:21 debian kernel: [    0.984068] Initialise system trusted keyrings
Nov  1 20:07:21 debian kernel: [    0.984079] Key type blacklist registered
Nov  1 20:07:21 debian kernel: [    0.984194] workingset: timestamp_bits=40 max_order=19 bucket_order=0
Nov  1 20:07:21 debian kernel: [    0.985625] zbud: loaded
Nov  1 20:07:21 debian kernel: [    1.178623] Key type asymmetric registered
Nov  1 20:07:21 debian kernel: [    1.178625] Asymmetric key parser 'x509' registered
Nov  1 20:07:21 debian kernel: [    1.178645] Block layer SCSI generic (bsg) driver version 0.4 loaded (major 247)
Nov  1 20:07:21 debian kernel: [    1.178710] io scheduler noop registered
Nov  1 20:07:21 debian kernel: [    1.178710] io scheduler deadline registered
Nov  1 20:07:21 debian kernel: [    1.178761] io scheduler cfq registered (default)
Nov  1 20:07:21 debian kernel: [    1.178761] io scheduler mq-deadline registered
Nov  1 20:07:21 debian kernel: [    1.178983] shpchp 0000:00:1e.0: Requesting control of SHPC hotplug via OSHP (\_SB_.PCI0.SF0_)
Nov  1 20:07:21 debian kernel: [    1.178990] shpchp 0000:00:1e.0: Requesting control of SHPC hotplug via OSHP (\_SB_.PCI0)
Nov  1 20:07:21 debian kernel: [    1.178995] shpchp 0000:00:1e.0: Cannot get control of SHPC hotplug
Nov  1 20:07:21 debian kernel: [    1.179023] shpchp 0000:00:1f.0: Requesting control of SHPC hotplug via OSHP (\_SB_.PCI0.SF8_)
Nov  1 20:07:21 debian kernel: [    1.179027] shpchp 0000:00:1f.0: Requesting control of SHPC hotplug via OSHP (\_SB_.PCI0)
Nov  1 20:07:21 debian kernel: [    1.179028] shpchp 0000:00:1f.0: Cannot get control of SHPC hotplug
Nov  1 20:07:21 debian kernel: [    1.179038] shpchp: Standard Hot Plug PCI Controller Driver version: 0.4
Nov  1 20:07:21 debian kernel: [    1.179269] Serial: 8250/16550 driver, 4 ports, IRQ sharing enabled
Nov  1 20:07:21 debian kernel: [    1.179792] Linux agpgart interface v0.103
Nov  1 20:07:21 debian kernel: [    1.179871] AMD IOMMUv2 driver by Joerg Roedel <jroedel@suse.de>
Nov  1 20:07:21 debian kernel: [    1.179872] AMD IOMMUv2 functionality not available on this system
Nov  1 20:07:21 debian kernel: [    1.180105] i8042: PNP: PS/2 Controller [PNP0303:KBD,PNP0f13:MOU] at 0x60,0x64 irq 1,12
Nov  1 20:07:21 debian kernel: [    1.180728] serio: i8042 KBD port at 0x60,0x64 irq 1
Nov  1 20:07:21 debian kernel: [    1.180733] serio: i8042 AUX port at 0x60,0x64 irq 12
Nov  1 20:07:21 debian kernel: [    1.180915] mousedev: PS/2 mouse device common for all mice
Nov  1 20:07:21 debian kernel: [    1.181048] rtc_cmos 00:00: RTC can wake from S4
Nov  1 20:07:21 debian kernel: [    1.181556] input: AT Translated Set 2 keyboard as /devices/platform/i8042/serio0/input/input0
Nov  1 20:07:21 debian kernel: [    1.181846] rtc_cmos 00:00: registered as rtc0
Nov  1 20:07:21 debian kernel: [    1.181872] rtc_cmos 00:00: alarms up to one day, y3k, 114 bytes nvram, hpet irqs
Nov  1 20:07:21 debian kernel: [    1.181922] ledtrig-cpu: registered to indicate activity on CPUs
Nov  1 20:07:21 debian kernel: [    1.182208] NET: Registered protocol family 10
Nov  1 20:07:21 debian kernel: [    1.189367] Segment Routing with IPv6
Nov  1 20:07:21 debian kernel: [    1.189391] mip6: Mobile IPv6
Nov  1 20:07:21 debian kernel: [    1.189393] NET: Registered protocol family 17
Nov  1 20:07:21 debian kernel: [    1.189448] mpls_gso: MPLS GSO support
Nov  1 20:07:21 debian kernel: [    1.189605] mce: Using 10 MCE banks
Nov  1 20:07:21 debian kernel: [    1.189625] sched_clock: Marking stable (1178092917, 11495161)->(1190579640, -991562)
Nov  1 20:07:21 debian kernel: [    1.190055] registered taskstats version 1
Nov  1 20:07:21 debian kernel: [    1.190055] Loading compiled-in X.509 certificates
Nov  1 20:07:21 debian kernel: [    1.235976] Loaded X.509 cert 'Debian Secure Boot CA: 6ccece7e4c6c0d1f6149f3dd27dfcc5cbb419ea1'
Nov  1 20:07:21 debian kernel: [    1.235996] Loaded X.509 cert 'Debian Secure Boot Signer: 00a7468def'
Nov  1 20:07:21 debian kernel: [    1.236031] zswap: loaded using pool lzo/zbud
Nov  1 20:07:21 debian kernel: [    1.236214] AppArmor: AppArmor sha1 policy hashing enabled
Nov  1 20:07:21 debian kernel: [    1.236550] rtc_cmos 00:00: setting system clock to 2020-11-01 23:06:22 UTC (1604271982)
Nov  1 20:07:21 debian kernel: [    1.238619] Freeing unused kernel image memory: 1588K
Nov  1 20:07:21 debian kernel: [    1.251222] Write protecting the kernel read-only data: 16384k
Nov  1 20:07:21 debian kernel: [    1.258277] Freeing unused kernel image memory: 2028K
Nov  1 20:07:21 debian kernel: [    1.258613] Freeing unused kernel image memory: 780K
Nov  1 20:07:21 debian kernel: [    1.267259] x86/mm: Checked W+X mappings: passed, no W+X pages found.
Nov  1 20:07:21 debian kernel: [    1.267261] Run /init as init process
Nov  1 20:07:21 debian kernel: [    1.340617] piix4_smbus 0000:00:01.3: SMBus Host Controller at 0x700, revision 0
Nov  1 20:07:21 debian kernel: [    1.343458] FDC 0 is a S82078B
Nov  1 20:07:21 debian kernel: [    1.353929] 8139cp: 8139cp: 10/100 PCI Ethernet driver v1.3 (Mar 22, 2004)
Nov  1 20:07:21 debian kernel: [    1.357435] ACPI: bus type USB registered
Nov  1 20:07:21 debian kernel: [    1.357456] usbcore: registered new interface driver usbfs
Nov  1 20:07:21 debian kernel: [    1.357464] usbcore: registered new interface driver hub
Nov  1 20:07:21 debian kernel: [    1.357491] usbcore: registered new device driver usb
Nov  1 20:07:21 debian kernel: [    1.361134] SCSI subsystem initialized
Nov  1 20:07:21 debian kernel: [    1.363142] input: VirtualPS/2 VMware VMMouse as /devices/platform/i8042/serio1/input/input3
Nov  1 20:07:21 debian kernel: [    1.363433] input: VirtualPS/2 VMware VMMouse as /devices/platform/i8042/serio1/input/input2
Nov  1 20:07:21 debian kernel: [    1.368144] ehci_hcd: USB 2.0 'Enhanced' Host Controller (EHCI) Driver
Nov  1 20:07:21 debian kernel: [    1.370343] uhci_hcd: USB Universal Host Controller Interface driver
Nov  1 20:07:21 debian kernel: [    1.379460] scsi host0: ata_piix
Nov  1 20:07:21 debian kernel: [    1.379567] scsi host1: ata_piix
Nov  1 20:07:21 debian kernel: [    1.379604] ata1: PATA max MWDMA2 cmd 0x1f0 ctl 0x3f6 bmdma 0xe160 irq 14
Nov  1 20:07:21 debian kernel: [    1.379605] ata2: PATA max MWDMA2 cmd 0x170 ctl 0x376 bmdma 0xe168 irq 15
Nov  1 20:07:21 debian kernel: [    1.432114] PCI Interrupt Link [LNKB] enabled at IRQ 10
Nov  1 20:07:21 debian kernel: [    1.432276] PCI Interrupt Link [LNKA] enabled at IRQ 10
Nov  1 20:07:21 debian kernel: [    1.433678] uhci_hcd 0000:00:01.2: UHCI Host Controller
Nov  1 20:07:21 debian kernel: [    1.433686] uhci_hcd 0000:00:01.2: new USB bus registered, assigned bus number 1
Nov  1 20:07:21 debian kernel: [    1.433702] uhci_hcd 0000:00:01.2: detected 2 ports
Nov  1 20:07:21 debian kernel: [    1.433806] uhci_hcd 0000:00:01.2: irq 11, io base 0x0000e140
Nov  1 20:07:21 debian kernel: [    1.433905] usb usb1: New USB device found, idVendor=1d6b, idProduct=0001, bcdDevice= 4.19
Nov  1 20:07:21 debian kernel: [    1.433906] usb usb1: New USB device strings: Mfr=3, Product=2, SerialNumber=1
Nov  1 20:07:21 debian kernel: [    1.433907] usb usb1: Product: UHCI Host Controller
Nov  1 20:07:21 debian kernel: [    1.433908] usb usb1: Manufacturer: Linux 4.19.0-9-amd64 uhci_hcd
Nov  1 20:07:21 debian kernel: [    1.433909] usb usb1: SerialNumber: 0000:00:01.2
Nov  1 20:07:21 debian kernel: [    1.434026] hub 1-0:1.0: USB hub found
Nov  1 20:07:21 debian kernel: [    1.434032] hub 1-0:1.0: 2 ports detected
Nov  1 20:07:21 debian kernel: [    1.436493] 8139cp 0000:00:12.0 eth0: RTL-8139C+ at 0x(____ptrval____), 9a:08:51:43:a6:90, IRQ 10
Nov  1 20:07:21 debian kernel: [    1.438597] scsi host2: Virtio SCSI HBA
Nov  1 20:07:21 debian kernel: [    1.439217] 8139too: 8139too Fast Ethernet driver 0.9.28
Nov  1 20:07:21 debian kernel: [    1.439962] scsi 2:0:0:0: Direct-Access     QEMU     QEMU HARDDISK    2.5+ PQ: 0 ANSI: 5
Nov  1 20:07:21 debian kernel: [    1.440485] scsi 2:0:0:3: Direct-Access     QEMU     QEMU HARDDISK    2.5+ PQ: 0 ANSI: 5
Nov  1 20:07:21 debian kernel: [    1.440939] scsi 2:0:0:2: Direct-Access     QEMU     QEMU HARDDISK    2.5+ PQ: 0 ANSI: 5
Nov  1 20:07:21 debian kernel: [    1.441447] scsi 2:0:0:1: Direct-Access     QEMU     QEMU HARDDISK    2.5+ PQ: 0 ANSI: 5
Nov  1 20:07:21 debian kernel: [    1.441568] 8139cp 0000:00:12.0 ens18: renamed from eth0
Nov  1 20:07:21 debian kernel: [    1.494132] random: fast init done
Nov  1 20:07:21 debian kernel: [    1.543508] sd 2:0:0:0: Power-on or device reset occurred
Nov  1 20:07:21 debian kernel: [    1.545007] sd 2:0:0:0: [sda] 20971520 512-byte logical blocks: (10.7 GB/10.0 GiB)
Nov  1 20:07:21 debian kernel: [    1.545056] sd 2:0:0:0: [sda] Write Protect is off
Nov  1 20:07:21 debian kernel: [    1.545146] sd 2:0:0:0: [sda] Write cache: enabled, read cache: enabled, doesn't support DPO or FUA
Nov  1 20:07:21 debian kernel: [    1.545933] sd 2:0:0:3: Power-on or device reset occurred
Nov  1 20:07:21 debian kernel: [    1.546045] sd 2:0:0:2: Power-on or device reset occurred
Nov  1 20:07:21 debian kernel: [    1.546379] sd 2:0:0:3: [sdb] 46137344 512-byte logical blocks: (23.6 GB/22.0 GiB)
Nov  1 20:07:21 debian kernel: [    1.546416] sd 2:0:0:3: [sdb] Write Protect is off
Nov  1 20:07:21 debian kernel: [    1.546490] sd 2:0:0:3: [sdb] Write cache: enabled, read cache: enabled, doesn't support DPO or FUA
Nov  1 20:07:21 debian kernel: [    1.546505] sd 2:0:0:2: [sdc] 46137344 512-byte logical blocks: (23.6 GB/22.0 GiB)
Nov  1 20:07:21 debian kernel: [    1.546532] sd 2:0:0:2: [sdc] Write Protect is off
Nov  1 20:07:21 debian kernel: [    1.546847] sd 2:0:0:1: Power-on or device reset occurred
Nov  1 20:07:21 debian kernel: [    1.546883] sd 2:0:0:2: [sdc] Write cache: enabled, read cache: enabled, doesn't support DPO or FUA
Nov  1 20:07:21 debian kernel: [    1.547349] sd 2:0:0:1: [sdd] 16777216 512-byte logical blocks: (8.59 GB/8.00 GiB)
Nov  1 20:07:21 debian kernel: [    1.547396] sd 2:0:0:1: [sdd] Write Protect is off
Nov  1 20:07:21 debian kernel: [    1.547491] sd 2:0:0:1: [sdd] Write cache: enabled, read cache: enabled, doesn't support DPO or FUA
Nov  1 20:07:21 debian kernel: [    1.579145]  sdc:
Nov  1 20:07:21 debian kernel: [    1.579620]  sdb:
Nov  1 20:07:21 debian kernel: [    1.580061] sd 2:0:0:2: [sdc] Attached SCSI disk
Nov  1 20:07:21 debian kernel: [    1.580170] sd 2:0:0:3: [sdb] Attached SCSI disk
Nov  1 20:07:21 debian kernel: [    1.605843]  sdd: sdd1
Nov  1 20:07:21 debian kernel: [    1.605904]  sda: sda1 sda2 < sda5 >
Nov  1 20:07:21 debian kernel: [    1.607469] sd 2:0:0:1: [sdd] Attached SCSI disk
Nov  1 20:07:21 debian kernel: [    1.607540] sd 2:0:0:0: [sda] Attached SCSI disk
Nov  1 20:07:21 debian kernel: [    1.767147] usb 1-1: new full-speed USB device number 2 using uhci_hcd
Nov  1 20:07:21 debian kernel: [    1.788189] md/raid1:md127: active with 2 out of 2 mirrors
Nov  1 20:07:21 debian kernel: [    1.788209] md127: detected capacity change from 0 to 23604494336
Nov  1 20:07:21 debian kernel: [    1.816462]  md127: p1
Nov  1 20:07:21 debian kernel: [    1.952698] usb 1-1: New USB device found, idVendor=0627, idProduct=0001, bcdDevice= 0.00
Nov  1 20:07:21 debian kernel: [    1.952701] usb 1-1: New USB device strings: Mfr=1, Product=3, SerialNumber=10
Nov  1 20:07:21 debian kernel: [    1.952702] usb 1-1: Product: QEMU USB Tablet
Nov  1 20:07:21 debian kernel: [    1.952703] usb 1-1: Manufacturer: QEMU
Nov  1 20:07:21 debian kernel: [    1.952704] usb 1-1: SerialNumber: 28754-0000:00:01.2-1
Nov  1 20:07:21 debian kernel: [    1.962212] hidraw: raw HID events driver (C) Jiri Kosina
Nov  1 20:07:21 debian kernel: [    1.969255] usbcore: registered new interface driver usbhid
Nov  1 20:07:21 debian kernel: [    1.969256] usbhid: USB HID core driver
Nov  1 20:07:21 debian kernel: [    1.970875] input: QEMU QEMU USB Tablet as /devices/pci0000:00/0000:00:01.2/usb1/1-1/1-1:1.0/0003:0627:0001.0001/input/input4
Nov  1 20:07:21 debian kernel: [    1.970934] hid-generic 0003:0627:0001.0001: input,hidraw0: USB HID v0.01 Mouse [QEMU QEMU USB Tablet] on usb-0000:00:01.2-1/input0
Nov  1 20:07:21 debian kernel: [    2.563124] raid6: sse2x1   gen()  3918 MB/s
Nov  1 20:07:21 debian kernel: [    2.631112] raid6: sse2x1   xor()  4005 MB/s
Nov  1 20:07:21 debian kernel: [    2.699132] raid6: sse2x2   gen()  5931 MB/s
Nov  1 20:07:21 debian kernel: [    2.767122] raid6: sse2x2   xor()  6807 MB/s
Nov  1 20:07:21 debian kernel: [    2.835132] raid6: sse2x4   gen()  7830 MB/s
Nov  1 20:07:21 debian kernel: [    2.903116] raid6: sse2x4   xor()  3447 MB/s
Nov  1 20:07:21 debian kernel: [    2.903118] raid6: using algorithm sse2x4 gen() 7830 MB/s
Nov  1 20:07:21 debian kernel: [    2.903118] raid6: .... xor() 3447 MB/s, rmw enabled
Nov  1 20:07:21 debian kernel: [    2.903119] raid6: using intx1 recovery algorithm
Nov  1 20:07:21 debian kernel: [    2.904230] xor: measuring software checksum speed
Nov  1 20:07:21 debian kernel: [    2.943114]    prefetch64-sse: 11764.000 MB/sec
Nov  1 20:07:21 debian kernel: [    2.983121]    generic_sse: 11214.000 MB/sec
Nov  1 20:07:21 debian kernel: [    2.983122] xor: using function: prefetch64-sse (11764.000 MB/sec)
Nov  1 20:07:21 debian kernel: [    2.984339] async_tx: api initialized (async)
Nov  1 20:07:21 debian kernel: [    3.076298] random: crng init done
Nov  1 20:07:21 debian kernel: [    3.733416] cryptd: max_cpu_qlen set to 1000
Nov  1 20:07:21 debian kernel: [    3.913660] EXT4-fs (sda1): mounted filesystem with ordered data mode. Opts: (null)
Nov  1 20:07:21 debian kernel: [   41.697079] EXT4-fs (sda1): re-mounted. Opts: errors=remount-ro
Nov  1 20:07:21 debian kernel: [   44.118681] device-mapper: uevent: version 1.0.3
Nov  1 20:07:21 debian kernel: [   44.119361] device-mapper: ioctl: 4.39.0-ioctl (2018-04-03) initialised: dm-devel@redhat.com
Nov  1 20:07:21 debian kernel: [   49.486772] input: Power Button as /devices/LNXSYSTM:00/LNXPWRBN:00/input/input5
Nov  1 20:07:21 debian kernel: [   49.486794] ACPI: Power Button [PWRF]
Nov  1 20:07:21 debian kernel: [   49.521504] input: PC Speaker as /devices/platform/pcspkr/input/input6
Nov  1 20:07:21 debian kernel: [   49.735850] MCE: In-kernel MCE decoding enabled.
Nov  1 20:07:21 debian kernel: [   49.833795] powernow_k8: Power state transitions not supported
Nov  1 20:07:21 debian kernel: [   49.833811] powernow_k8: Power state transitions not supported
Nov  1 20:07:21 debian kernel: [   49.879562] powernow_k8: Power state transitions not supported
Nov  1 20:07:21 debian kernel: [   49.879574] powernow_k8: Power state transitions not supported
Nov  1 20:07:21 debian kernel: [   50.325524] sd 2:0:0:0: Attached scsi generic sg0 type 0
Nov  1 20:07:21 debian kernel: [   50.325621] sd 2:0:0:3: Attached scsi generic sg1 type 0
Nov  1 20:07:21 debian kernel: [   50.325705] sd 2:0:0:2: Attached scsi generic sg2 type 0
Nov  1 20:07:21 debian kernel: [   50.325788] sd 2:0:0:1: Attached scsi generic sg3 type 0
Nov  1 20:07:21 debian kernel: [   50.398401] [drm] Found bochs VGA, ID 0xb0c0.
Nov  1 20:07:21 debian kernel: [   50.398404] [drm] Framebuffer size 16384 kB @ 0xfd000000, mmio @ 0xfea50000.
Nov  1 20:07:21 debian kernel: [   50.398553] [TTM] Zone  kernel: Available graphics memory: 1021448 kiB
Nov  1 20:07:21 debian kernel: [   50.398553] [TTM] Initializing pool allocator
Nov  1 20:07:21 debian kernel: [   50.398558] [TTM] Initializing DMA pool allocator
Nov  1 20:07:21 debian kernel: [   50.418878] fbcon: bochsdrmfb (fb0) is primary device
Nov  1 20:07:21 debian kernel: [   50.460483] Console: switching to colour frame buffer device 128x48
Nov  1 20:07:21 debian kernel: [   50.498374] bochs-drm 0000:00:02.0: fb0: bochsdrmfb frame buffer device
Nov  1 20:07:21 debian kernel: [   50.511136] [drm] Initialized bochs-drm 1.0.0 20130925 for 0000:00:02.0 on minor 0
Nov  1 20:07:21 debian kernel: [   52.903971] Adding 2095100k swap on /dev/sda5.  Priority:-2 extents:1 across:2095100k FS
Nov  1 20:07:21 debian kernel: [   53.035324] EXT4-fs (sdd1): mounted filesystem with ordered data mode. Opts: (null)
Nov  1 20:07:21 debian kernel: [   54.658227] EXT4-fs (dm-1): mounting ext2 file system using the ext4 subsystem
Nov  1 20:07:21 debian kernel: [   55.061789] EXT4-fs (dm-0): mounted filesystem with ordered data mode. Opts: (null)
Nov  1 20:07:21 debian kernel: [   55.063259] EXT4-fs (dm-1): mounted filesystem without journal. Opts: (null)
Nov  1 20:07:21 debian kernel: [   55.738225] EXT4-fs (dm-2): mounting ext3 file system using the ext4 subsystem
Nov  1 20:07:21 debian kernel: [   56.620285] EXT4-fs (dm-2): mounted filesystem with ordered data mode. Opts: (null)
Nov  1 20:07:21 debian kernel: [   57.979061] audit: type=1400 audit(1604272039.236:2): apparmor="STATUS" operation="profile_load" profile="unconfined" name="nvidia_modprobe" pid=399 comm="apparmor_parser"
Nov  1 20:07:21 debian kernel: [   57.979065] audit: type=1400 audit(1604272039.236:3): apparmor="STATUS" operation="profile_load" profile="unconfined" name="nvidia_modprobe//kmod" pid=399 comm="apparmor_parser"
Nov  1 20:07:21 debian kernel: [   57.979883] audit: type=1400 audit(1604272039.240:4): apparmor="STATUS" operation="profile_load" profile="unconfined" name="/usr/bin/man" pid=400 comm="apparmor_parser"
Nov  1 20:07:21 debian kernel: [   57.979887] audit: type=1400 audit(1604272039.240:5): apparmor="STATUS" operation="profile_load" profile="unconfined" name="man_filter" pid=400 comm="apparmor_parser"
Nov  1 20:07:21 debian kernel: [   57.979890] audit: type=1400 audit(1604272039.240:6): apparmor="STATUS" operation="profile_load" profile="unconfined" name="man_groff" pid=400 comm="apparmor_parser"
Nov  1 20:39:37 debian kernel: [ 1996.148616] 8139cp 0000:00:12.0 ens18: link up, 100Mbps, full-duplex, lpa 0x05E1
Nov  1 22:35:06 debian kernel: [    0.000000] Linux version 4.19.0-9-amd64 (debian-kernel@lists.debian.org) (gcc version 8.3.0 (Debian 8.3.0-6)) #1 SMP Debian 4.19.118-2+deb10u1 (2020-06-07)
Nov  1 22:35:06 debian kernel: [    0.000000] Command line: BOOT_IMAGE=/boot/vmlinuz-4.19.0-9-amd64 root=UUID=cd2cb4ca-39bd-4522-919c-e4ceb81b5ae8 ro quiet
Nov  1 22:35:06 debian kernel: [    0.000000] x86/fpu: x87 FPU will use FXSAVE
Nov  1 22:35:06 debian kernel: [    0.000000] BIOS-provided physical RAM map:
Nov  1 22:35:06 debian kernel: [    0.000000] BIOS-e820: [mem 0x0000000000000000-0x000000000009fbff] usable
Nov  1 22:35:06 debian kernel: [    0.000000] BIOS-e820: [mem 0x000000000009fc00-0x000000000009ffff] reserved
Nov  1 22:35:06 debian kernel: [    0.000000] BIOS-e820: [mem 0x00000000000f0000-0x00000000000fffff] reserved
Nov  1 22:35:06 debian kernel: [    0.000000] BIOS-e820: [mem 0x0000000000100000-0x000000007ffdafff] usable
Nov  1 22:35:06 debian kernel: [    0.000000] BIOS-e820: [mem 0x000000007ffdb000-0x000000007fffffff] reserved
Nov  1 22:35:06 debian kernel: [    0.000000] BIOS-e820: [mem 0x00000000feffc000-0x00000000feffffff] reserved
Nov  1 22:35:06 debian kernel: [    0.000000] BIOS-e820: [mem 0x00000000fffc0000-0x00000000ffffffff] reserved
Nov  1 22:35:06 debian kernel: [    0.000000] NX (Execute Disable) protection: active
Nov  1 22:35:06 debian kernel: [    0.000000] SMBIOS 2.8 present.
Nov  1 22:35:06 debian kernel: [    0.000000] DMI: QEMU Standard PC (i440FX + PIIX, 1996), BIOS rel-1.12.1-0-ga5cab58e9a3f-prebuilt.qemu.org 04/01/2014
Nov  1 22:35:06 debian kernel: [    0.000000] Hypervisor detected: KVM
Nov  1 22:35:06 debian kernel: [    0.000000] kvm-clock: Using msrs 4b564d01 and 4b564d00
Nov  1 22:35:06 debian kernel: [    0.000000] kvm-clock: cpu 0, msr 575e8001, primary cpu clock
Nov  1 22:35:06 debian kernel: [    0.000000] kvm-clock: using sched offset of 8919743220242 cycles
Nov  1 22:35:06 debian kernel: [    0.000003] clocksource: kvm-clock: mask: 0xffffffffffffffff max_cycles: 0x1cd42e4dffb, max_idle_ns: 881590591483 ns
Nov  1 22:35:06 debian kernel: [    0.000005] tsc: Detected 3000.208 MHz processor
Nov  1 22:35:06 debian kernel: [    0.033346] AGP: No AGP bridge found
Nov  1 22:35:06 debian kernel: [    0.033622] last_pfn = 0x7ffdb max_arch_pfn = 0x400000000
Nov  1 22:35:06 debian kernel: [    0.033682] x86/PAT: Configuration [0-7]: WB  WC  UC- UC  WB  WP  UC- WT  
Nov  1 22:35:06 debian kernel: [    0.035828] found SMP MP-table at [mem 0x000f5ae0-0x000f5aef]
Nov  1 22:35:06 debian kernel: [    0.036112] RAMDISK: [mem 0x346d7000-0x36362fff]
Nov  1 22:35:06 debian kernel: [    0.036125] ACPI: Early table checksum verification disabled
Nov  1 22:35:06 debian kernel: [    0.036171] ACPI: RSDP 0x00000000000F5900 000014 (v00 BOCHS )
Nov  1 22:35:06 debian kernel: [    0.036179] ACPI: RSDT 0x000000007FFE14E4 000034 (v01 BOCHS  BXPCRSDT 00000001 BXPC 00000001)
Nov  1 22:35:06 debian kernel: [    0.036184] ACPI: FACP 0x000000007FFE12EE 000074 (v01 BOCHS  BXPCFACP 00000001 BXPC 00000001)
Nov  1 22:35:06 debian kernel: [    0.036188] ACPI: DSDT 0x000000007FFDF040 0022AE (v01 BOCHS  BXPCDSDT 00000001 BXPC 00000001)
Nov  1 22:35:06 debian kernel: [    0.036191] ACPI: FACS 0x000000007FFDF000 000040
Nov  1 22:35:06 debian kernel: [    0.036193] ACPI: APIC 0x000000007FFE1362 000080 (v01 BOCHS  BXPCAPIC 00000001 BXPC 00000001)
Nov  1 22:35:06 debian kernel: [    0.036195] ACPI: SSDT 0x000000007FFE13E2 0000CA (v01 BOCHS  VMGENID  00000001 BXPC 00000001)
Nov  1 22:35:06 debian kernel: [    0.036197] ACPI: HPET 0x000000007FFE14AC 000038 (v01 BOCHS  BXPCHPET 00000001 BXPC 00000001)
Nov  1 22:35:06 debian kernel: [    0.036422] No NUMA configuration found
Nov  1 22:35:06 debian kernel: [    0.036423] Faking a node at [mem 0x0000000000000000-0x000000007ffdafff]
Nov  1 22:35:06 debian kernel: [    0.036428] NODE_DATA(0) allocated [mem 0x7ffd6000-0x7ffdafff]
Nov  1 22:35:06 debian kernel: [    0.036465] Zone ranges:
Nov  1 22:35:06 debian kernel: [    0.036466]   DMA      [mem 0x0000000000001000-0x0000000000ffffff]
Nov  1 22:35:06 debian kernel: [    0.036467]   DMA32    [mem 0x0000000001000000-0x000000007ffdafff]
Nov  1 22:35:06 debian kernel: [    0.036468]   Normal   empty
Nov  1 22:35:06 debian kernel: [    0.036469]   Device   empty
Nov  1 22:35:06 debian kernel: [    0.036469] Movable zone start for each node
Nov  1 22:35:06 debian kernel: [    0.036470] Early memory node ranges
Nov  1 22:35:06 debian kernel: [    0.036471]   node   0: [mem 0x0000000000001000-0x000000000009efff]
Nov  1 22:35:06 debian kernel: [    0.036472]   node   0: [mem 0x0000000000100000-0x000000007ffdafff]
Nov  1 22:35:06 debian kernel: [    0.036480] Zeroed struct page in unavailable ranges: 135 pages
Nov  1 22:35:06 debian kernel: [    0.036481] Initmem setup node 0 [mem 0x0000000000001000-0x000000007ffdafff]
Nov  1 22:35:06 debian kernel: [    0.050152] ACPI: PM-Timer IO Port: 0x608
Nov  1 22:35:06 debian kernel: [    0.050164] ACPI: LAPIC_NMI (acpi_id[0xff] dfl dfl lint[0x1])
Nov  1 22:35:06 debian kernel: [    0.050203] IOAPIC[0]: apic_id 0, version 17, address 0xfec00000, GSI 0-23
Nov  1 22:35:06 debian kernel: [    0.050205] ACPI: INT_SRC_OVR (bus 0 bus_irq 0 global_irq 2 dfl dfl)
Nov  1 22:35:06 debian kernel: [    0.050206] ACPI: INT_SRC_OVR (bus 0 bus_irq 5 global_irq 5 high level)
Nov  1 22:35:06 debian kernel: [    0.050207] ACPI: INT_SRC_OVR (bus 0 bus_irq 9 global_irq 9 high level)
Nov  1 22:35:06 debian kernel: [    0.050208] ACPI: INT_SRC_OVR (bus 0 bus_irq 10 global_irq 10 high level)
